[2025-05-23 22:15:25] local.ERROR: SQLSTATE[42S02]: Base table or view not found: 1146 Table 'dev_esnadbusiness.sessions' doesn't exist (Connection: mysql, SQL: select * from `sessions` where `id` = 2njMxrsbNkc4NIGdZh3U5pWzIf1LsIJmlb4XSwqO limit 1) {"exception":"[object] (Illuminate\\Database\\QueryException(code: 42S02): SQLSTATE[42S02]: Base table or view not found: 1146 Table 'dev_esnadbusiness.sessions' doesn't exist (Connection: mysql, SQL: select * from `sessions` where `id` = 2njMxrsbNkc4NIGdZh3U5pWzIf1LsIJmlb4XSwqO limit 1) at M:\\xampp1\\htdocs\\dev_esnadbusiness\\vendor\\laravel\\framework\\src\\Illuminate\\Database\\Connection.php:795)
[stacktrace]
#0 M:\\xampp1\\htdocs\\dev_esnadbusiness\\vendor\\laravel\\framework\\src\\Illuminate\\Database\\Connection.php(755): Illuminate\\Database\\Connection->runQueryCallback()
#1 M:\\xampp1\\htdocs\\dev_esnadbusiness\\vendor\\laravel\\framework\\src\\Illuminate\\Database\\Connection.php(407): Illuminate\\Database\\Connection->run()
#2 M:\\xampp1\\htdocs\\dev_esnadbusiness\\vendor\\laravel\\framework\\src\\Illuminate\\Database\\Query\\Builder.php(2747): Illuminate\\Database\\Connection->select()
#3 M:\\xampp1\\htdocs\\dev_esnadbusiness\\vendor\\laravel\\framework\\src\\Illuminate\\Database\\Query\\Builder.php(2736): Illuminate\\Database\\Query\\Builder->runSelect()
#4 M:\\xampp1\\htdocs\\dev_esnadbusiness\\vendor\\laravel\\framework\\src\\Illuminate\\Database\\Query\\Builder.php(3290): Illuminate\\Database\\Query\\Builder->Illuminate\\Database\\Query\\{closure}()
#5 M:\\xampp1\\htdocs\\dev_esnadbusiness\\vendor\\laravel\\framework\\src\\Illuminate\\Database\\Query\\Builder.php(2735): Illuminate\\Database\\Query\\Builder->onceWithColumns()
#6 M:\\xampp1\\htdocs\\dev_esnadbusiness\\vendor\\laravel\\framework\\src\\Illuminate\\Database\\Concerns\\BuildsQueries.php(296): Illuminate\\Database\\Query\\Builder->get()
#7 M:\\xampp1\\htdocs\\dev_esnadbusiness\\vendor\\laravel\\framework\\src\\Illuminate\\Database\\Query\\Builder.php(2658): Illuminate\\Database\\Query\\Builder->first()
#8 M:\\xampp1\\htdocs\\dev_esnadbusiness\\vendor\\laravel\\framework\\src\\Illuminate\\Session\\DatabaseSessionHandler.php(97): Illuminate\\Database\\Query\\Builder->find()
#9 M:\\xampp1\\htdocs\\dev_esnadbusiness\\vendor\\laravel\\framework\\src\\Illuminate\\Session\\Store.php(113): Illuminate\\Session\\DatabaseSessionHandler->read()
#10 M:\\xampp1\\htdocs\\dev_esnadbusiness\\vendor\\laravel\\framework\\src\\Illuminate\\Session\\Store.php(101): Illuminate\\Session\\Store->readFromHandler()
#11 M:\\xampp1\\htdocs\\dev_esnadbusiness\\vendor\\laravel\\framework\\src\\Illuminate\\Session\\Store.php(85): Illuminate\\Session\\Store->loadSession()
#12 M:\\xampp1\\htdocs\\dev_esnadbusiness\\vendor\\laravel\\framework\\src\\Illuminate\\Session\\Middleware\\StartSession.php(148): Illuminate\\Session\\Store->start()
#13 M:\\xampp1\\htdocs\\dev_esnadbusiness\\vendor\\laravel\\framework\\src\\Illuminate\\Support\\helpers.php(307): Illuminate\\Session\\Middleware\\StartSession->Illuminate\\Session\\Middleware\\{closure}()
#14 M:\\xampp1\\htdocs\\dev_esnadbusiness\\vendor\\laravel\\framework\\src\\Illuminate\\Session\\Middleware\\StartSession.php(145): tap()
#15 M:\\xampp1\\htdocs\\dev_esnadbusiness\\vendor\\laravel\\framework\\src\\Illuminate\\Session\\Middleware\\StartSession.php(117): Illuminate\\Session\\Middleware\\StartSession->startSession()
#16 M:\\xampp1\\htdocs\\dev_esnadbusiness\\vendor\\laravel\\framework\\src\\Illuminate\\Session\\Middleware\\StartSession.php(65): Illuminate\\Session\\Middleware\\StartSession->handleStatefulRequest()
#17 M:\\xampp1\\htdocs\\dev_esnadbusiness\\vendor\\laravel\\framework\\src\\Illuminate\\Pipeline\\Pipeline.php(180): Illuminate\\Session\\Middleware\\StartSession->handle()
#18 M:\\xampp1\\htdocs\\dev_esnadbusiness\\vendor\\laravel\\framework\\src\\Illuminate\\Cookie\\Middleware\\AddQueuedCookiesToResponse.php(37): Illuminate\\Pipeline\\Pipeline->Illuminate\\Pipeline\\{closure}()
#19 M:\\xampp1\\htdocs\\dev_esnadbusiness\\vendor\\laravel\\framework\\src\\Illuminate\\Pipeline\\Pipeline.php(180): Illuminate\\Cookie\\Middleware\\AddQueuedCookiesToResponse->handle()
#20 M:\\xampp1\\htdocs\\dev_esnadbusiness\\vendor\\laravel\\framework\\src\\Illuminate\\Cookie\\Middleware\\EncryptCookies.php(67): Illuminate\\Pipeline\\Pipeline->Illuminate\\Pipeline\\{closure}()
#21 M:\\xampp1\\htdocs\\dev_esnadbusiness\\vendor\\laravel\\framework\\src\\Illuminate\\Pipeline\\Pipeline.php(180): Illuminate\\Cookie\\Middleware\\EncryptCookies->handle()
#22 M:\\xampp1\\htdocs\\dev_esnadbusiness\\vendor\\laravel\\framework\\src\\Illuminate\\Pipeline\\Pipeline.php(116): Illuminate\\Pipeline\\Pipeline->Illuminate\\Pipeline\\{closure}()
#23 M:\\xampp1\\htdocs\\dev_esnadbusiness\\vendor\\laravel\\framework\\src\\Illuminate\\Routing\\Router.php(798): Illuminate\\Pipeline\\Pipeline->then()
#24 M:\\xampp1\\htdocs\\dev_esnadbusiness\\vendor\\laravel\\framework\\src\\Illuminate\\Routing\\Router.php(777): Illuminate\\Routing\\Router->runRouteWithinStack()
#25 M:\\xampp1\\htdocs\\dev_esnadbusiness\\vendor\\laravel\\framework\\src\\Illuminate\\Routing\\Router.php(741): Illuminate\\Routing\\Router->runRoute()
#26 M:\\xampp1\\htdocs\\dev_esnadbusiness\\vendor\\laravel\\framework\\src\\Illuminate\\Routing\\Router.php(730): Illuminate\\Routing\\Router->dispatchToRoute()
#27 M:\\xampp1\\htdocs\\dev_esnadbusiness\\vendor\\laravel\\framework\\src\\Illuminate\\Foundation\\Http\\Kernel.php(200): Illuminate\\Routing\\Router->dispatch()
#28 M:\\xampp1\\htdocs\\dev_esnadbusiness\\vendor\\laravel\\framework\\src\\Illuminate\\Pipeline\\Pipeline.php(141): Illuminate\\Foundation\\Http\\Kernel->Illuminate\\Foundation\\Http\\{closure}()
#29 M:\\xampp1\\htdocs\\dev_esnadbusiness\\vendor\\lukeraymonddowning\\honey\\src\\Http\\Middleware\\BlockSpammers.php(19): Illuminate\\Pipeline\\Pipeline->Illuminate\\Pipeline\\{closure}()
#30 M:\\xampp1\\htdocs\\dev_esnadbusiness\\vendor\\laravel\\framework\\src\\Illuminate\\Pipeline\\Pipeline.php(180): Lukeraymonddowning\\Honey\\Http\\Middleware\\BlockSpammers->handle()
#31 M:\\xampp1\\htdocs\\dev_esnadbusiness\\vendor\\livewire\\livewire\\src\\DisableBrowserCache.php(19): Illuminate\\Pipeline\\Pipeline->Illuminate\\Pipeline\\{closure}()
#32 M:\\xampp1\\htdocs\\dev_esnadbusiness\\vendor\\laravel\\framework\\src\\Illuminate\\Pipeline\\Pipeline.php(180): Livewire\\DisableBrowserCache->handle()
#33 M:\\xampp1\\htdocs\\dev_esnadbusiness\\vendor\\barryvdh\\laravel-debugbar\\src\\Middleware\\InjectDebugbar.php(66): Illuminate\\Pipeline\\Pipeline->Illuminate\\Pipeline\\{closure}()
#34 M:\\xampp1\\htdocs\\dev_esnadbusiness\\vendor\\laravel\\framework\\src\\Illuminate\\Pipeline\\Pipeline.php(180): Barryvdh\\Debugbar\\Middleware\\InjectDebugbar->handle()
#35 M:\\xampp1\\htdocs\\dev_esnadbusiness\\vendor\\laravel\\framework\\src\\Illuminate\\Foundation\\Http\\Middleware\\TransformsRequest.php(21): Illuminate\\Pipeline\\Pipeline->Illuminate\\Pipeline\\{closure}()
#36 M:\\xampp1\\htdocs\\dev_esnadbusiness\\vendor\\laravel\\framework\\src\\Illuminate\\Foundation\\Http\\Middleware\\ConvertEmptyStringsToNull.php(31): Illuminate\\Foundation\\Http\\Middleware\\TransformsRequest->handle()
#37 M:\\xampp1\\htdocs\\dev_esnadbusiness\\vendor\\laravel\\framework\\src\\Illuminate\\Pipeline\\Pipeline.php(180): Illuminate\\Foundation\\Http\\Middleware\\ConvertEmptyStringsToNull->handle()
#38 M:\\xampp1\\htdocs\\dev_esnadbusiness\\vendor\\laravel\\framework\\src\\Illuminate\\Foundation\\Http\\Middleware\\TransformsRequest.php(21): Illuminate\\Pipeline\\Pipeline->Illuminate\\Pipeline\\{closure}()
#39 M:\\xampp1\\htdocs\\dev_esnadbusiness\\vendor\\laravel\\framework\\src\\Illuminate\\Foundation\\Http\\Middleware\\TrimStrings.php(40): Illuminate\\Foundation\\Http\\Middleware\\TransformsRequest->handle()
#40 M:\\xampp1\\htdocs\\dev_esnadbusiness\\vendor\\laravel\\framework\\src\\Illuminate\\Pipeline\\Pipeline.php(180): Illuminate\\Foundation\\Http\\Middleware\\TrimStrings->handle()
#41 M:\\xampp1\\htdocs\\dev_esnadbusiness\\vendor\\laravel\\framework\\src\\Illuminate\\Foundation\\Http\\Middleware\\ValidatePostSize.php(27): Illuminate\\Pipeline\\Pipeline->Illuminate\\Pipeline\\{closure}()
#42 M:\\xampp1\\htdocs\\dev_esnadbusiness\\vendor\\laravel\\framework\\src\\Illuminate\\Pipeline\\Pipeline.php(180): Illuminate\\Foundation\\Http\\Middleware\\ValidatePostSize->handle()
#43 M:\\xampp1\\htdocs\\dev_esnadbusiness\\vendor\\laravel\\framework\\src\\Illuminate\\Foundation\\Http\\Middleware\\PreventRequestsDuringMaintenance.php(86): Illuminate\\Pipeline\\Pipeline->Illuminate\\Pipeline\\{closure}()
#44 M:\\xampp1\\htdocs\\dev_esnadbusiness\\vendor\\laravel\\framework\\src\\Illuminate\\Pipeline\\Pipeline.php(180): Illuminate\\Foundation\\Http\\Middleware\\PreventRequestsDuringMaintenance->handle()
#45 M:\\xampp1\\htdocs\\dev_esnadbusiness\\vendor\\laravel\\framework\\src\\Illuminate\\Http\\Middleware\\HandleCors.php(49): Illuminate\\Pipeline\\Pipeline->Illuminate\\Pipeline\\{closure}()
#46 M:\\xampp1\\htdocs\\dev_esnadbusiness\\vendor\\laravel\\framework\\src\\Illuminate\\Pipeline\\Pipeline.php(180): Illuminate\\Http\\Middleware\\HandleCors->handle()
#47 M:\\xampp1\\htdocs\\dev_esnadbusiness\\vendor\\laravel\\framework\\src\\Illuminate\\Http\\Middleware\\TrustProxies.php(39): Illuminate\\Pipeline\\Pipeline->Illuminate\\Pipeline\\{closure}()
#48 M:\\xampp1\\htdocs\\dev_esnadbusiness\\vendor\\laravel\\framework\\src\\Illuminate\\Pipeline\\Pipeline.php(180): Illuminate\\Http\\Middleware\\TrustProxies->handle()
#49 M:\\xampp1\\htdocs\\dev_esnadbusiness\\vendor\\laravel\\framework\\src\\Illuminate\\Pipeline\\Pipeline.php(116): Illuminate\\Pipeline\\Pipeline->Illuminate\\Pipeline\\{closure}()
#50 M:\\xampp1\\htdocs\\dev_esnadbusiness\\vendor\\laravel\\framework\\src\\Illuminate\\Foundation\\Http\\Kernel.php(175): Illuminate\\Pipeline\\Pipeline->then()
#51 M:\\xampp1\\htdocs\\dev_esnadbusiness\\vendor\\laravel\\framework\\src\\Illuminate\\Foundation\\Http\\Kernel.php(144): Illuminate\\Foundation\\Http\\Kernel->sendRequestThroughRouter()
#52 M:\\xampp1\\htdocs\\dev_esnadbusiness\\public\\index.php(14): Illuminate\\Foundation\\Http\\Kernel->handle()
#53 M:\\xampp1\\htdocs\\dev_esnadbusiness\\vendor\\laravel\\framework\\src\\Illuminate\\Foundation\\resources\\server.php(16): require_once('...')
#54 {main}

[previous exception] [object] (PDOException(code: 42S02): SQLSTATE[42S02]: Base table or view not found: 1146 Table 'dev_esnadbusiness.sessions' doesn't exist at M:\\xampp1\\htdocs\\dev_esnadbusiness\\vendor\\laravel\\framework\\src\\Illuminate\\Database\\Connection.php:416)
[stacktrace]
#0 M:\\xampp1\\htdocs\\dev_esnadbusiness\\vendor\\laravel\\framework\\src\\Illuminate\\Database\\Connection.php(416): PDO->prepare()
#1 M:\\xampp1\\htdocs\\dev_esnadbusiness\\vendor\\laravel\\framework\\src\\Illuminate\\Database\\Connection.php(788): Illuminate\\Database\\Connection->Illuminate\\Database\\{closure}()
#2 M:\\xampp1\\htdocs\\dev_esnadbusiness\\vendor\\laravel\\framework\\src\\Illuminate\\Database\\Connection.php(755): Illuminate\\Database\\Connection->runQueryCallback()
#3 M:\\xampp1\\htdocs\\dev_esnadbusiness\\vendor\\laravel\\framework\\src\\Illuminate\\Database\\Connection.php(407): Illuminate\\Database\\Connection->run()
#4 M:\\xampp1\\htdocs\\dev_esnadbusiness\\vendor\\laravel\\framework\\src\\Illuminate\\Database\\Query\\Builder.php(2747): Illuminate\\Database\\Connection->select()
#5 M:\\xampp1\\htdocs\\dev_esnadbusiness\\vendor\\laravel\\framework\\src\\Illuminate\\Database\\Query\\Builder.php(2736): Illuminate\\Database\\Query\\Builder->runSelect()
#6 M:\\xampp1\\htdocs\\dev_esnadbusiness\\vendor\\laravel\\framework\\src\\Illuminate\\Database\\Query\\Builder.php(3290): Illuminate\\Database\\Query\\Builder->Illuminate\\Database\\Query\\{closure}()
#7 M:\\xampp1\\htdocs\\dev_esnadbusiness\\vendor\\laravel\\framework\\src\\Illuminate\\Database\\Query\\Builder.php(2735): Illuminate\\Database\\Query\\Builder->onceWithColumns()
#8 M:\\xampp1\\htdocs\\dev_esnadbusiness\\vendor\\laravel\\framework\\src\\Illuminate\\Database\\Concerns\\BuildsQueries.php(296): Illuminate\\Database\\Query\\Builder->get()
#9 M:\\xampp1\\htdocs\\dev_esnadbusiness\\vendor\\laravel\\framework\\src\\Illuminate\\Database\\Query\\Builder.php(2658): Illuminate\\Database\\Query\\Builder->first()
#10 M:\\xampp1\\htdocs\\dev_esnadbusiness\\vendor\\laravel\\framework\\src\\Illuminate\\Session\\DatabaseSessionHandler.php(97): Illuminate\\Database\\Query\\Builder->find()
#11 M:\\xampp1\\htdocs\\dev_esnadbusiness\\vendor\\laravel\\framework\\src\\Illuminate\\Session\\Store.php(113): Illuminate\\Session\\DatabaseSessionHandler->read()
#12 M:\\xampp1\\htdocs\\dev_esnadbusiness\\vendor\\laravel\\framework\\src\\Illuminate\\Session\\Store.php(101): Illuminate\\Session\\Store->readFromHandler()
#13 M:\\xampp1\\htdocs\\dev_esnadbusiness\\vendor\\laravel\\framework\\src\\Illuminate\\Session\\Store.php(85): Illuminate\\Session\\Store->loadSession()
#14 M:\\xampp1\\htdocs\\dev_esnadbusiness\\vendor\\laravel\\framework\\src\\Illuminate\\Session\\Middleware\\StartSession.php(148): Illuminate\\Session\\Store->start()
#15 M:\\xampp1\\htdocs\\dev_esnadbusiness\\vendor\\laravel\\framework\\src\\Illuminate\\Support\\helpers.php(307): Illuminate\\Session\\Middleware\\StartSession->Illuminate\\Session\\Middleware\\{closure}()
#16 M:\\xampp1\\htdocs\\dev_esnadbusiness\\vendor\\laravel\\framework\\src\\Illuminate\\Session\\Middleware\\StartSession.php(145): tap()
#17 M:\\xampp1\\htdocs\\dev_esnadbusiness\\vendor\\laravel\\framework\\src\\Illuminate\\Session\\Middleware\\StartSession.php(117): Illuminate\\Session\\Middleware\\StartSession->startSession()
#18 M:\\xampp1\\htdocs\\dev_esnadbusiness\\vendor\\laravel\\framework\\src\\Illuminate\\Session\\Middleware\\StartSession.php(65): Illuminate\\Session\\Middleware\\StartSession->handleStatefulRequest()
#19 M:\\xampp1\\htdocs\\dev_esnadbusiness\\vendor\\laravel\\framework\\src\\Illuminate\\Pipeline\\Pipeline.php(180): Illuminate\\Session\\Middleware\\StartSession->handle()
#20 M:\\xampp1\\htdocs\\dev_esnadbusiness\\vendor\\laravel\\framework\\src\\Illuminate\\Cookie\\Middleware\\AddQueuedCookiesToResponse.php(37): Illuminate\\Pipeline\\Pipeline->Illuminate\\Pipeline\\{closure}()
#21 M:\\xampp1\\htdocs\\dev_esnadbusiness\\vendor\\laravel\\framework\\src\\Illuminate\\Pipeline\\Pipeline.php(180): Illuminate\\Cookie\\Middleware\\AddQueuedCookiesToResponse->handle()
#22 M:\\xampp1\\htdocs\\dev_esnadbusiness\\vendor\\laravel\\framework\\src\\Illuminate\\Cookie\\Middleware\\EncryptCookies.php(67): Illuminate\\Pipeline\\Pipeline->Illuminate\\Pipeline\\{closure}()
#23 M:\\xampp1\\htdocs\\dev_esnadbusiness\\vendor\\laravel\\framework\\src\\Illuminate\\Pipeline\\Pipeline.php(180): Illuminate\\Cookie\\Middleware\\EncryptCookies->handle()
#24 M:\\xampp1\\htdocs\\dev_esnadbusiness\\vendor\\laravel\\framework\\src\\Illuminate\\Pipeline\\Pipeline.php(116): Illuminate\\Pipeline\\Pipeline->Illuminate\\Pipeline\\{closure}()
#25 M:\\xampp1\\htdocs\\dev_esnadbusiness\\vendor\\laravel\\framework\\src\\Illuminate\\Routing\\Router.php(798): Illuminate\\Pipeline\\Pipeline->then()
#26 M:\\xampp1\\htdocs\\dev_esnadbusiness\\vendor\\laravel\\framework\\src\\Illuminate\\Routing\\Router.php(777): Illuminate\\Routing\\Router->runRouteWithinStack()
#27 M:\\xampp1\\htdocs\\dev_esnadbusiness\\vendor\\laravel\\framework\\src\\Illuminate\\Routing\\Router.php(741): Illuminate\\Routing\\Router->runRoute()
#28 M:\\xampp1\\htdocs\\dev_esnadbusiness\\vendor\\laravel\\framework\\src\\Illuminate\\Routing\\Router.php(730): Illuminate\\Routing\\Router->dispatchToRoute()
#29 M:\\xampp1\\htdocs\\dev_esnadbusiness\\vendor\\laravel\\framework\\src\\Illuminate\\Foundation\\Http\\Kernel.php(200): Illuminate\\Routing\\Router->dispatch()
#30 M:\\xampp1\\htdocs\\dev_esnadbusiness\\vendor\\laravel\\framework\\src\\Illuminate\\Pipeline\\Pipeline.php(141): Illuminate\\Foundation\\Http\\Kernel->Illuminate\\Foundation\\Http\\{closure}()
#31 M:\\xampp1\\htdocs\\dev_esnadbusiness\\vendor\\lukeraymonddowning\\honey\\src\\Http\\Middleware\\BlockSpammers.php(19): Illuminate\\Pipeline\\Pipeline->Illuminate\\Pipeline\\{closure}()
#32 M:\\xampp1\\htdocs\\dev_esnadbusiness\\vendor\\laravel\\framework\\src\\Illuminate\\Pipeline\\Pipeline.php(180): Lukeraymonddowning\\Honey\\Http\\Middleware\\BlockSpammers->handle()
#33 M:\\xampp1\\htdocs\\dev_esnadbusiness\\vendor\\livewire\\livewire\\src\\DisableBrowserCache.php(19): Illuminate\\Pipeline\\Pipeline->Illuminate\\Pipeline\\{closure}()
#34 M:\\xampp1\\htdocs\\dev_esnadbusiness\\vendor\\laravel\\framework\\src\\Illuminate\\Pipeline\\Pipeline.php(180): Livewire\\DisableBrowserCache->handle()
#35 M:\\xampp1\\htdocs\\dev_esnadbusiness\\vendor\\barryvdh\\laravel-debugbar\\src\\Middleware\\InjectDebugbar.php(66): Illuminate\\Pipeline\\Pipeline->Illuminate\\Pipeline\\{closure}()
#36 M:\\xampp1\\htdocs\\dev_esnadbusiness\\vendor\\laravel\\framework\\src\\Illuminate\\Pipeline\\Pipeline.php(180): Barryvdh\\Debugbar\\Middleware\\InjectDebugbar->handle()
#37 M:\\xampp1\\htdocs\\dev_esnadbusiness\\vendor\\laravel\\framework\\src\\Illuminate\\Foundation\\Http\\Middleware\\TransformsRequest.php(21): Illuminate\\Pipeline\\Pipeline->Illuminate\\Pipeline\\{closure}()
#38 M:\\xampp1\\htdocs\\dev_esnadbusiness\\vendor\\laravel\\framework\\src\\Illuminate\\Foundation\\Http\\Middleware\\ConvertEmptyStringsToNull.php(31): Illuminate\\Foundation\\Http\\Middleware\\TransformsRequest->handle()
#39 M:\\xampp1\\htdocs\\dev_esnadbusiness\\vendor\\laravel\\framework\\src\\Illuminate\\Pipeline\\Pipeline.php(180): Illuminate\\Foundation\\Http\\Middleware\\ConvertEmptyStringsToNull->handle()
#40 M:\\xampp1\\htdocs\\dev_esnadbusiness\\vendor\\laravel\\framework\\src\\Illuminate\\Foundation\\Http\\Middleware\\TransformsRequest.php(21): Illuminate\\Pipeline\\Pipeline->Illuminate\\Pipeline\\{closure}()
#41 M:\\xampp1\\htdocs\\dev_esnadbusiness\\vendor\\laravel\\framework\\src\\Illuminate\\Foundation\\Http\\Middleware\\TrimStrings.php(40): Illuminate\\Foundation\\Http\\Middleware\\TransformsRequest->handle()
#42 M:\\xampp1\\htdocs\\dev_esnadbusiness\\vendor\\laravel\\framework\\src\\Illuminate\\Pipeline\\Pipeline.php(180): Illuminate\\Foundation\\Http\\Middleware\\TrimStrings->handle()
#43 M:\\xampp1\\htdocs\\dev_esnadbusiness\\vendor\\laravel\\framework\\src\\Illuminate\\Foundation\\Http\\Middleware\\ValidatePostSize.php(27): Illuminate\\Pipeline\\Pipeline->Illuminate\\Pipeline\\{closure}()
#44 M:\\xampp1\\htdocs\\dev_esnadbusiness\\vendor\\laravel\\framework\\src\\Illuminate\\Pipeline\\Pipeline.php(180): Illuminate\\Foundation\\Http\\Middleware\\ValidatePostSize->handle()
#45 M:\\xampp1\\htdocs\\dev_esnadbusiness\\vendor\\laravel\\framework\\src\\Illuminate\\Foundation\\Http\\Middleware\\PreventRequestsDuringMaintenance.php(86): Illuminate\\Pipeline\\Pipeline->Illuminate\\Pipeline\\{closure}()
#46 M:\\xampp1\\htdocs\\dev_esnadbusiness\\vendor\\laravel\\framework\\src\\Illuminate\\Pipeline\\Pipeline.php(180): Illuminate\\Foundation\\Http\\Middleware\\PreventRequestsDuringMaintenance->handle()
#47 M:\\xampp1\\htdocs\\dev_esnadbusiness\\vendor\\laravel\\framework\\src\\Illuminate\\Http\\Middleware\\HandleCors.php(49): Illuminate\\Pipeline\\Pipeline->Illuminate\\Pipeline\\{closure}()
#48 M:\\xampp1\\htdocs\\dev_esnadbusiness\\vendor\\laravel\\framework\\src\\Illuminate\\Pipeline\\Pipeline.php(180): Illuminate\\Http\\Middleware\\HandleCors->handle()
#49 M:\\xampp1\\htdocs\\dev_esnadbusiness\\vendor\\laravel\\framework\\src\\Illuminate\\Http\\Middleware\\TrustProxies.php(39): Illuminate\\Pipeline\\Pipeline->Illuminate\\Pipeline\\{closure}()
#50 M:\\xampp1\\htdocs\\dev_esnadbusiness\\vendor\\laravel\\framework\\src\\Illuminate\\Pipeline\\Pipeline.php(180): Illuminate\\Http\\Middleware\\TrustProxies->handle()
#51 M:\\xampp1\\htdocs\\dev_esnadbusiness\\vendor\\laravel\\framework\\src\\Illuminate\\Pipeline\\Pipeline.php(116): Illuminate\\Pipeline\\Pipeline->Illuminate\\Pipeline\\{closure}()
#52 M:\\xampp1\\htdocs\\dev_esnadbusiness\\vendor\\laravel\\framework\\src\\Illuminate\\Foundation\\Http\\Kernel.php(175): Illuminate\\Pipeline\\Pipeline->then()
#53 M:\\xampp1\\htdocs\\dev_esnadbusiness\\vendor\\laravel\\framework\\src\\Illuminate\\Foundation\\Http\\Kernel.php(144): Illuminate\\Foundation\\Http\\Kernel->sendRequestThroughRouter()
#54 M:\\xampp1\\htdocs\\dev_esnadbusiness\\public\\index.php(14): Illuminate\\Foundation\\Http\\Kernel->handle()
#55 M:\\xampp1\\htdocs\\dev_esnadbusiness\\vendor\\laravel\\framework\\src\\Illuminate\\Foundation\\resources\\server.php(16): require_once('...')
#56 {main}
"} 
[2025-05-23 22:15:36] local.ERROR: Debugbar exception: SQLSTATE[42S02]: Base table or view not found: 1146 Table 'dev_esnadbusiness.sessions' doesn't exist (Connection: mysql, SQL: select * from `sessions` where `id` = 2njMxrsbNkc4NIGdZh3U5pWzIf1LsIJmlb4XSwqO limit 1)  
[2025-05-23 22:15:46] local.ERROR: Debugbar exception: SQLSTATE[42S02]: Base table or view not found: 1146 Table 'dev_esnadbusiness.sessions' doesn't exist (Connection: mysql, SQL: select * from `sessions` where `id` = vQoif34xDUvodpyxshSlGLr3pvvTasRLDGr7VbML limit 1)  
[2025-05-23 22:15:47] local.ERROR: SQLSTATE[42S02]: Base table or view not found: 1146 Table 'dev_esnadbusiness.sessions' doesn't exist (Connection: mysql, SQL: select * from `sessions` where `id` = hVGbY34Ab2q9DlCwTf1xMmk4o8zixcpbi3JpZUOG limit 1) {"exception":"[object] (Illuminate\\Database\\QueryException(code: 42S02): SQLSTATE[42S02]: Base table or view not found: 1146 Table 'dev_esnadbusiness.sessions' doesn't exist (Connection: mysql, SQL: select * from `sessions` where `id` = hVGbY34Ab2q9DlCwTf1xMmk4o8zixcpbi3JpZUOG limit 1) at M:\\xampp1\\htdocs\\dev_esnadbusiness\\vendor\\laravel\\framework\\src\\Illuminate\\Database\\Connection.php:795)
[stacktrace]
#0 M:\\xampp1\\htdocs\\dev_esnadbusiness\\vendor\\laravel\\framework\\src\\Illuminate\\Database\\Connection.php(755): Illuminate\\Database\\Connection->runQueryCallback()
#1 M:\\xampp1\\htdocs\\dev_esnadbusiness\\vendor\\laravel\\framework\\src\\Illuminate\\Database\\Connection.php(407): Illuminate\\Database\\Connection->run()
#2 M:\\xampp1\\htdocs\\dev_esnadbusiness\\vendor\\laravel\\framework\\src\\Illuminate\\Database\\Query\\Builder.php(2747): Illuminate\\Database\\Connection->select()
#3 M:\\xampp1\\htdocs\\dev_esnadbusiness\\vendor\\laravel\\framework\\src\\Illuminate\\Database\\Query\\Builder.php(2736): Illuminate\\Database\\Query\\Builder->runSelect()
#4 M:\\xampp1\\htdocs\\dev_esnadbusiness\\vendor\\laravel\\framework\\src\\Illuminate\\Database\\Query\\Builder.php(3290): Illuminate\\Database\\Query\\Builder->Illuminate\\Database\\Query\\{closure}()
#5 M:\\xampp1\\htdocs\\dev_esnadbusiness\\vendor\\laravel\\framework\\src\\Illuminate\\Database\\Query\\Builder.php(2735): Illuminate\\Database\\Query\\Builder->onceWithColumns()
#6 M:\\xampp1\\htdocs\\dev_esnadbusiness\\vendor\\laravel\\framework\\src\\Illuminate\\Database\\Concerns\\BuildsQueries.php(296): Illuminate\\Database\\Query\\Builder->get()
#7 M:\\xampp1\\htdocs\\dev_esnadbusiness\\vendor\\laravel\\framework\\src\\Illuminate\\Database\\Query\\Builder.php(2658): Illuminate\\Database\\Query\\Builder->first()
#8 M:\\xampp1\\htdocs\\dev_esnadbusiness\\vendor\\laravel\\framework\\src\\Illuminate\\Session\\DatabaseSessionHandler.php(97): Illuminate\\Database\\Query\\Builder->find()
#9 M:\\xampp1\\htdocs\\dev_esnadbusiness\\vendor\\laravel\\framework\\src\\Illuminate\\Session\\Store.php(113): Illuminate\\Session\\DatabaseSessionHandler->read()
#10 M:\\xampp1\\htdocs\\dev_esnadbusiness\\vendor\\laravel\\framework\\src\\Illuminate\\Session\\Store.php(101): Illuminate\\Session\\Store->readFromHandler()
#11 M:\\xampp1\\htdocs\\dev_esnadbusiness\\vendor\\laravel\\framework\\src\\Illuminate\\Session\\Store.php(85): Illuminate\\Session\\Store->loadSession()
#12 M:\\xampp1\\htdocs\\dev_esnadbusiness\\vendor\\laravel\\framework\\src\\Illuminate\\Session\\Middleware\\StartSession.php(148): Illuminate\\Session\\Store->start()
#13 M:\\xampp1\\htdocs\\dev_esnadbusiness\\vendor\\laravel\\framework\\src\\Illuminate\\Support\\helpers.php(307): Illuminate\\Session\\Middleware\\StartSession->Illuminate\\Session\\Middleware\\{closure}()
#14 M:\\xampp1\\htdocs\\dev_esnadbusiness\\vendor\\laravel\\framework\\src\\Illuminate\\Session\\Middleware\\StartSession.php(145): tap()
#15 M:\\xampp1\\htdocs\\dev_esnadbusiness\\vendor\\laravel\\framework\\src\\Illuminate\\Session\\Middleware\\StartSession.php(117): Illuminate\\Session\\Middleware\\StartSession->startSession()
#16 M:\\xampp1\\htdocs\\dev_esnadbusiness\\vendor\\laravel\\framework\\src\\Illuminate\\Session\\Middleware\\StartSession.php(65): Illuminate\\Session\\Middleware\\StartSession->handleStatefulRequest()
#17 M:\\xampp1\\htdocs\\dev_esnadbusiness\\vendor\\laravel\\framework\\src\\Illuminate\\Pipeline\\Pipeline.php(180): Illuminate\\Session\\Middleware\\StartSession->handle()
#18 M:\\xampp1\\htdocs\\dev_esnadbusiness\\vendor\\laravel\\framework\\src\\Illuminate\\Cookie\\Middleware\\AddQueuedCookiesToResponse.php(37): Illuminate\\Pipeline\\Pipeline->Illuminate\\Pipeline\\{closure}()
#19 M:\\xampp1\\htdocs\\dev_esnadbusiness\\vendor\\laravel\\framework\\src\\Illuminate\\Pipeline\\Pipeline.php(180): Illuminate\\Cookie\\Middleware\\AddQueuedCookiesToResponse->handle()
#20 M:\\xampp1\\htdocs\\dev_esnadbusiness\\vendor\\laravel\\framework\\src\\Illuminate\\Cookie\\Middleware\\EncryptCookies.php(67): Illuminate\\Pipeline\\Pipeline->Illuminate\\Pipeline\\{closure}()
#21 M:\\xampp1\\htdocs\\dev_esnadbusiness\\vendor\\laravel\\framework\\src\\Illuminate\\Pipeline\\Pipeline.php(180): Illuminate\\Cookie\\Middleware\\EncryptCookies->handle()
#22 M:\\xampp1\\htdocs\\dev_esnadbusiness\\vendor\\laravel\\framework\\src\\Illuminate\\Pipeline\\Pipeline.php(116): Illuminate\\Pipeline\\Pipeline->Illuminate\\Pipeline\\{closure}()
#23 M:\\xampp1\\htdocs\\dev_esnadbusiness\\vendor\\laravel\\framework\\src\\Illuminate\\Routing\\Router.php(798): Illuminate\\Pipeline\\Pipeline->then()
#24 M:\\xampp1\\htdocs\\dev_esnadbusiness\\vendor\\laravel\\framework\\src\\Illuminate\\Routing\\Router.php(777): Illuminate\\Routing\\Router->runRouteWithinStack()
#25 M:\\xampp1\\htdocs\\dev_esnadbusiness\\vendor\\laravel\\framework\\src\\Illuminate\\Routing\\Router.php(741): Illuminate\\Routing\\Router->runRoute()
#26 M:\\xampp1\\htdocs\\dev_esnadbusiness\\vendor\\laravel\\framework\\src\\Illuminate\\Routing\\Router.php(730): Illuminate\\Routing\\Router->dispatchToRoute()
#27 M:\\xampp1\\htdocs\\dev_esnadbusiness\\vendor\\laravel\\framework\\src\\Illuminate\\Foundation\\Http\\Kernel.php(200): Illuminate\\Routing\\Router->dispatch()
#28 M:\\xampp1\\htdocs\\dev_esnadbusiness\\vendor\\laravel\\framework\\src\\Illuminate\\Pipeline\\Pipeline.php(141): Illuminate\\Foundation\\Http\\Kernel->Illuminate\\Foundation\\Http\\{closure}()
#29 M:\\xampp1\\htdocs\\dev_esnadbusiness\\vendor\\lukeraymonddowning\\honey\\src\\Http\\Middleware\\BlockSpammers.php(19): Illuminate\\Pipeline\\Pipeline->Illuminate\\Pipeline\\{closure}()
#30 M:\\xampp1\\htdocs\\dev_esnadbusiness\\vendor\\laravel\\framework\\src\\Illuminate\\Pipeline\\Pipeline.php(180): Lukeraymonddowning\\Honey\\Http\\Middleware\\BlockSpammers->handle()
#31 M:\\xampp1\\htdocs\\dev_esnadbusiness\\vendor\\livewire\\livewire\\src\\DisableBrowserCache.php(19): Illuminate\\Pipeline\\Pipeline->Illuminate\\Pipeline\\{closure}()
#32 M:\\xampp1\\htdocs\\dev_esnadbusiness\\vendor\\laravel\\framework\\src\\Illuminate\\Pipeline\\Pipeline.php(180): Livewire\\DisableBrowserCache->handle()
#33 M:\\xampp1\\htdocs\\dev_esnadbusiness\\vendor\\barryvdh\\laravel-debugbar\\src\\Middleware\\InjectDebugbar.php(66): Illuminate\\Pipeline\\Pipeline->Illuminate\\Pipeline\\{closure}()
#34 M:\\xampp1\\htdocs\\dev_esnadbusiness\\vendor\\laravel\\framework\\src\\Illuminate\\Pipeline\\Pipeline.php(180): Barryvdh\\Debugbar\\Middleware\\InjectDebugbar->handle()
#35 M:\\xampp1\\htdocs\\dev_esnadbusiness\\vendor\\laravel\\framework\\src\\Illuminate\\Foundation\\Http\\Middleware\\TransformsRequest.php(21): Illuminate\\Pipeline\\Pipeline->Illuminate\\Pipeline\\{closure}()
#36 M:\\xampp1\\htdocs\\dev_esnadbusiness\\vendor\\laravel\\framework\\src\\Illuminate\\Foundation\\Http\\Middleware\\ConvertEmptyStringsToNull.php(31): Illuminate\\Foundation\\Http\\Middleware\\TransformsRequest->handle()
#37 M:\\xampp1\\htdocs\\dev_esnadbusiness\\vendor\\laravel\\framework\\src\\Illuminate\\Pipeline\\Pipeline.php(180): Illuminate\\Foundation\\Http\\Middleware\\ConvertEmptyStringsToNull->handle()
#38 M:\\xampp1\\htdocs\\dev_esnadbusiness\\vendor\\laravel\\framework\\src\\Illuminate\\Foundation\\Http\\Middleware\\TransformsRequest.php(21): Illuminate\\Pipeline\\Pipeline->Illuminate\\Pipeline\\{closure}()
#39 M:\\xampp1\\htdocs\\dev_esnadbusiness\\vendor\\laravel\\framework\\src\\Illuminate\\Foundation\\Http\\Middleware\\TrimStrings.php(40): Illuminate\\Foundation\\Http\\Middleware\\TransformsRequest->handle()
#40 M:\\xampp1\\htdocs\\dev_esnadbusiness\\vendor\\laravel\\framework\\src\\Illuminate\\Pipeline\\Pipeline.php(180): Illuminate\\Foundation\\Http\\Middleware\\TrimStrings->handle()
#41 M:\\xampp1\\htdocs\\dev_esnadbusiness\\vendor\\laravel\\framework\\src\\Illuminate\\Foundation\\Http\\Middleware\\ValidatePostSize.php(27): Illuminate\\Pipeline\\Pipeline->Illuminate\\Pipeline\\{closure}()
#42 M:\\xampp1\\htdocs\\dev_esnadbusiness\\vendor\\laravel\\framework\\src\\Illuminate\\Pipeline\\Pipeline.php(180): Illuminate\\Foundation\\Http\\Middleware\\ValidatePostSize->handle()
#43 M:\\xampp1\\htdocs\\dev_esnadbusiness\\vendor\\laravel\\framework\\src\\Illuminate\\Foundation\\Http\\Middleware\\PreventRequestsDuringMaintenance.php(86): Illuminate\\Pipeline\\Pipeline->Illuminate\\Pipeline\\{closure}()
#44 M:\\xampp1\\htdocs\\dev_esnadbusiness\\vendor\\laravel\\framework\\src\\Illuminate\\Pipeline\\Pipeline.php(180): Illuminate\\Foundation\\Http\\Middleware\\PreventRequestsDuringMaintenance->handle()
#45 M:\\xampp1\\htdocs\\dev_esnadbusiness\\vendor\\laravel\\framework\\src\\Illuminate\\Http\\Middleware\\HandleCors.php(49): Illuminate\\Pipeline\\Pipeline->Illuminate\\Pipeline\\{closure}()
#46 M:\\xampp1\\htdocs\\dev_esnadbusiness\\vendor\\laravel\\framework\\src\\Illuminate\\Pipeline\\Pipeline.php(180): Illuminate\\Http\\Middleware\\HandleCors->handle()
#47 M:\\xampp1\\htdocs\\dev_esnadbusiness\\vendor\\laravel\\framework\\src\\Illuminate\\Http\\Middleware\\TrustProxies.php(39): Illuminate\\Pipeline\\Pipeline->Illuminate\\Pipeline\\{closure}()
#48 M:\\xampp1\\htdocs\\dev_esnadbusiness\\vendor\\laravel\\framework\\src\\Illuminate\\Pipeline\\Pipeline.php(180): Illuminate\\Http\\Middleware\\TrustProxies->handle()
#49 M:\\xampp1\\htdocs\\dev_esnadbusiness\\vendor\\laravel\\framework\\src\\Illuminate\\Pipeline\\Pipeline.php(116): Illuminate\\Pipeline\\Pipeline->Illuminate\\Pipeline\\{closure}()
#50 M:\\xampp1\\htdocs\\dev_esnadbusiness\\vendor\\laravel\\framework\\src\\Illuminate\\Foundation\\Http\\Kernel.php(175): Illuminate\\Pipeline\\Pipeline->then()
#51 M:\\xampp1\\htdocs\\dev_esnadbusiness\\vendor\\laravel\\framework\\src\\Illuminate\\Foundation\\Http\\Kernel.php(144): Illuminate\\Foundation\\Http\\Kernel->sendRequestThroughRouter()
#52 M:\\xampp1\\htdocs\\dev_esnadbusiness\\public\\index.php(14): Illuminate\\Foundation\\Http\\Kernel->handle()
#53 M:\\xampp1\\htdocs\\dev_esnadbusiness\\vendor\\laravel\\framework\\src\\Illuminate\\Foundation\\resources\\server.php(16): require_once('...')
#54 {main}

[previous exception] [object] (PDOException(code: 42S02): SQLSTATE[42S02]: Base table or view not found: 1146 Table 'dev_esnadbusiness.sessions' doesn't exist at M:\\xampp1\\htdocs\\dev_esnadbusiness\\vendor\\laravel\\framework\\src\\Illuminate\\Database\\Connection.php:416)
[stacktrace]
#0 M:\\xampp1\\htdocs\\dev_esnadbusiness\\vendor\\laravel\\framework\\src\\Illuminate\\Database\\Connection.php(416): PDO->prepare()
#1 M:\\xampp1\\htdocs\\dev_esnadbusiness\\vendor\\laravel\\framework\\src\\Illuminate\\Database\\Connection.php(788): Illuminate\\Database\\Connection->Illuminate\\Database\\{closure}()
#2 M:\\xampp1\\htdocs\\dev_esnadbusiness\\vendor\\laravel\\framework\\src\\Illuminate\\Database\\Connection.php(755): Illuminate\\Database\\Connection->runQueryCallback()
#3 M:\\xampp1\\htdocs\\dev_esnadbusiness\\vendor\\laravel\\framework\\src\\Illuminate\\Database\\Connection.php(407): Illuminate\\Database\\Connection->run()
#4 M:\\xampp1\\htdocs\\dev_esnadbusiness\\vendor\\laravel\\framework\\src\\Illuminate\\Database\\Query\\Builder.php(2747): Illuminate\\Database\\Connection->select()
#5 M:\\xampp1\\htdocs\\dev_esnadbusiness\\vendor\\laravel\\framework\\src\\Illuminate\\Database\\Query\\Builder.php(2736): Illuminate\\Database\\Query\\Builder->runSelect()
#6 M:\\xampp1\\htdocs\\dev_esnadbusiness\\vendor\\laravel\\framework\\src\\Illuminate\\Database\\Query\\Builder.php(3290): Illuminate\\Database\\Query\\Builder->Illuminate\\Database\\Query\\{closure}()
#7 M:\\xampp1\\htdocs\\dev_esnadbusiness\\vendor\\laravel\\framework\\src\\Illuminate\\Database\\Query\\Builder.php(2735): Illuminate\\Database\\Query\\Builder->onceWithColumns()
#8 M:\\xampp1\\htdocs\\dev_esnadbusiness\\vendor\\laravel\\framework\\src\\Illuminate\\Database\\Concerns\\BuildsQueries.php(296): Illuminate\\Database\\Query\\Builder->get()
#9 M:\\xampp1\\htdocs\\dev_esnadbusiness\\vendor\\laravel\\framework\\src\\Illuminate\\Database\\Query\\Builder.php(2658): Illuminate\\Database\\Query\\Builder->first()
#10 M:\\xampp1\\htdocs\\dev_esnadbusiness\\vendor\\laravel\\framework\\src\\Illuminate\\Session\\DatabaseSessionHandler.php(97): Illuminate\\Database\\Query\\Builder->find()
#11 M:\\xampp1\\htdocs\\dev_esnadbusiness\\vendor\\laravel\\framework\\src\\Illuminate\\Session\\Store.php(113): Illuminate\\Session\\DatabaseSessionHandler->read()
#12 M:\\xampp1\\htdocs\\dev_esnadbusiness\\vendor\\laravel\\framework\\src\\Illuminate\\Session\\Store.php(101): Illuminate\\Session\\Store->readFromHandler()
#13 M:\\xampp1\\htdocs\\dev_esnadbusiness\\vendor\\laravel\\framework\\src\\Illuminate\\Session\\Store.php(85): Illuminate\\Session\\Store->loadSession()
#14 M:\\xampp1\\htdocs\\dev_esnadbusiness\\vendor\\laravel\\framework\\src\\Illuminate\\Session\\Middleware\\StartSession.php(148): Illuminate\\Session\\Store->start()
#15 M:\\xampp1\\htdocs\\dev_esnadbusiness\\vendor\\laravel\\framework\\src\\Illuminate\\Support\\helpers.php(307): Illuminate\\Session\\Middleware\\StartSession->Illuminate\\Session\\Middleware\\{closure}()
#16 M:\\xampp1\\htdocs\\dev_esnadbusiness\\vendor\\laravel\\framework\\src\\Illuminate\\Session\\Middleware\\StartSession.php(145): tap()
#17 M:\\xampp1\\htdocs\\dev_esnadbusiness\\vendor\\laravel\\framework\\src\\Illuminate\\Session\\Middleware\\StartSession.php(117): Illuminate\\Session\\Middleware\\StartSession->startSession()
#18 M:\\xampp1\\htdocs\\dev_esnadbusiness\\vendor\\laravel\\framework\\src\\Illuminate\\Session\\Middleware\\StartSession.php(65): Illuminate\\Session\\Middleware\\StartSession->handleStatefulRequest()
#19 M:\\xampp1\\htdocs\\dev_esnadbusiness\\vendor\\laravel\\framework\\src\\Illuminate\\Pipeline\\Pipeline.php(180): Illuminate\\Session\\Middleware\\StartSession->handle()
#20 M:\\xampp1\\htdocs\\dev_esnadbusiness\\vendor\\laravel\\framework\\src\\Illuminate\\Cookie\\Middleware\\AddQueuedCookiesToResponse.php(37): Illuminate\\Pipeline\\Pipeline->Illuminate\\Pipeline\\{closure}()
#21 M:\\xampp1\\htdocs\\dev_esnadbusiness\\vendor\\laravel\\framework\\src\\Illuminate\\Pipeline\\Pipeline.php(180): Illuminate\\Cookie\\Middleware\\AddQueuedCookiesToResponse->handle()
#22 M:\\xampp1\\htdocs\\dev_esnadbusiness\\vendor\\laravel\\framework\\src\\Illuminate\\Cookie\\Middleware\\EncryptCookies.php(67): Illuminate\\Pipeline\\Pipeline->Illuminate\\Pipeline\\{closure}()
#23 M:\\xampp1\\htdocs\\dev_esnadbusiness\\vendor\\laravel\\framework\\src\\Illuminate\\Pipeline\\Pipeline.php(180): Illuminate\\Cookie\\Middleware\\EncryptCookies->handle()
#24 M:\\xampp1\\htdocs\\dev_esnadbusiness\\vendor\\laravel\\framework\\src\\Illuminate\\Pipeline\\Pipeline.php(116): Illuminate\\Pipeline\\Pipeline->Illuminate\\Pipeline\\{closure}()
#25 M:\\xampp1\\htdocs\\dev_esnadbusiness\\vendor\\laravel\\framework\\src\\Illuminate\\Routing\\Router.php(798): Illuminate\\Pipeline\\Pipeline->then()
#26 M:\\xampp1\\htdocs\\dev_esnadbusiness\\vendor\\laravel\\framework\\src\\Illuminate\\Routing\\Router.php(777): Illuminate\\Routing\\Router->runRouteWithinStack()
#27 M:\\xampp1\\htdocs\\dev_esnadbusiness\\vendor\\laravel\\framework\\src\\Illuminate\\Routing\\Router.php(741): Illuminate\\Routing\\Router->runRoute()
#28 M:\\xampp1\\htdocs\\dev_esnadbusiness\\vendor\\laravel\\framework\\src\\Illuminate\\Routing\\Router.php(730): Illuminate\\Routing\\Router->dispatchToRoute()
#29 M:\\xampp1\\htdocs\\dev_esnadbusiness\\vendor\\laravel\\framework\\src\\Illuminate\\Foundation\\Http\\Kernel.php(200): Illuminate\\Routing\\Router->dispatch()
#30 M:\\xampp1\\htdocs\\dev_esnadbusiness\\vendor\\laravel\\framework\\src\\Illuminate\\Pipeline\\Pipeline.php(141): Illuminate\\Foundation\\Http\\Kernel->Illuminate\\Foundation\\Http\\{closure}()
#31 M:\\xampp1\\htdocs\\dev_esnadbusiness\\vendor\\lukeraymonddowning\\honey\\src\\Http\\Middleware\\BlockSpammers.php(19): Illuminate\\Pipeline\\Pipeline->Illuminate\\Pipeline\\{closure}()
#32 M:\\xampp1\\htdocs\\dev_esnadbusiness\\vendor\\laravel\\framework\\src\\Illuminate\\Pipeline\\Pipeline.php(180): Lukeraymonddowning\\Honey\\Http\\Middleware\\BlockSpammers->handle()
#33 M:\\xampp1\\htdocs\\dev_esnadbusiness\\vendor\\livewire\\livewire\\src\\DisableBrowserCache.php(19): Illuminate\\Pipeline\\Pipeline->Illuminate\\Pipeline\\{closure}()
#34 M:\\xampp1\\htdocs\\dev_esnadbusiness\\vendor\\laravel\\framework\\src\\Illuminate\\Pipeline\\Pipeline.php(180): Livewire\\DisableBrowserCache->handle()
#35 M:\\xampp1\\htdocs\\dev_esnadbusiness\\vendor\\barryvdh\\laravel-debugbar\\src\\Middleware\\InjectDebugbar.php(66): Illuminate\\Pipeline\\Pipeline->Illuminate\\Pipeline\\{closure}()
#36 M:\\xampp1\\htdocs\\dev_esnadbusiness\\vendor\\laravel\\framework\\src\\Illuminate\\Pipeline\\Pipeline.php(180): Barryvdh\\Debugbar\\Middleware\\InjectDebugbar->handle()
#37 M:\\xampp1\\htdocs\\dev_esnadbusiness\\vendor\\laravel\\framework\\src\\Illuminate\\Foundation\\Http\\Middleware\\TransformsRequest.php(21): Illuminate\\Pipeline\\Pipeline->Illuminate\\Pipeline\\{closure}()
#38 M:\\xampp1\\htdocs\\dev_esnadbusiness\\vendor\\laravel\\framework\\src\\Illuminate\\Foundation\\Http\\Middleware\\ConvertEmptyStringsToNull.php(31): Illuminate\\Foundation\\Http\\Middleware\\TransformsRequest->handle()
#39 M:\\xampp1\\htdocs\\dev_esnadbusiness\\vendor\\laravel\\framework\\src\\Illuminate\\Pipeline\\Pipeline.php(180): Illuminate\\Foundation\\Http\\Middleware\\ConvertEmptyStringsToNull->handle()
#40 M:\\xampp1\\htdocs\\dev_esnadbusiness\\vendor\\laravel\\framework\\src\\Illuminate\\Foundation\\Http\\Middleware\\TransformsRequest.php(21): Illuminate\\Pipeline\\Pipeline->Illuminate\\Pipeline\\{closure}()
#41 M:\\xampp1\\htdocs\\dev_esnadbusiness\\vendor\\laravel\\framework\\src\\Illuminate\\Foundation\\Http\\Middleware\\TrimStrings.php(40): Illuminate\\Foundation\\Http\\Middleware\\TransformsRequest->handle()
#42 M:\\xampp1\\htdocs\\dev_esnadbusiness\\vendor\\laravel\\framework\\src\\Illuminate\\Pipeline\\Pipeline.php(180): Illuminate\\Foundation\\Http\\Middleware\\TrimStrings->handle()
#43 M:\\xampp1\\htdocs\\dev_esnadbusiness\\vendor\\laravel\\framework\\src\\Illuminate\\Foundation\\Http\\Middleware\\ValidatePostSize.php(27): Illuminate\\Pipeline\\Pipeline->Illuminate\\Pipeline\\{closure}()
#44 M:\\xampp1\\htdocs\\dev_esnadbusiness\\vendor\\laravel\\framework\\src\\Illuminate\\Pipeline\\Pipeline.php(180): Illuminate\\Foundation\\Http\\Middleware\\ValidatePostSize->handle()
#45 M:\\xampp1\\htdocs\\dev_esnadbusiness\\vendor\\laravel\\framework\\src\\Illuminate\\Foundation\\Http\\Middleware\\PreventRequestsDuringMaintenance.php(86): Illuminate\\Pipeline\\Pipeline->Illuminate\\Pipeline\\{closure}()
#46 M:\\xampp1\\htdocs\\dev_esnadbusiness\\vendor\\laravel\\framework\\src\\Illuminate\\Pipeline\\Pipeline.php(180): Illuminate\\Foundation\\Http\\Middleware\\PreventRequestsDuringMaintenance->handle()
#47 M:\\xampp1\\htdocs\\dev_esnadbusiness\\vendor\\laravel\\framework\\src\\Illuminate\\Http\\Middleware\\HandleCors.php(49): Illuminate\\Pipeline\\Pipeline->Illuminate\\Pipeline\\{closure}()
#48 M:\\xampp1\\htdocs\\dev_esnadbusiness\\vendor\\laravel\\framework\\src\\Illuminate\\Pipeline\\Pipeline.php(180): Illuminate\\Http\\Middleware\\HandleCors->handle()
#49 M:\\xampp1\\htdocs\\dev_esnadbusiness\\vendor\\laravel\\framework\\src\\Illuminate\\Http\\Middleware\\TrustProxies.php(39): Illuminate\\Pipeline\\Pipeline->Illuminate\\Pipeline\\{closure}()
#50 M:\\xampp1\\htdocs\\dev_esnadbusiness\\vendor\\laravel\\framework\\src\\Illuminate\\Pipeline\\Pipeline.php(180): Illuminate\\Http\\Middleware\\TrustProxies->handle()
#51 M:\\xampp1\\htdocs\\dev_esnadbusiness\\vendor\\laravel\\framework\\src\\Illuminate\\Pipeline\\Pipeline.php(116): Illuminate\\Pipeline\\Pipeline->Illuminate\\Pipeline\\{closure}()
#52 M:\\xampp1\\htdocs\\dev_esnadbusiness\\vendor\\laravel\\framework\\src\\Illuminate\\Foundation\\Http\\Kernel.php(175): Illuminate\\Pipeline\\Pipeline->then()
#53 M:\\xampp1\\htdocs\\dev_esnadbusiness\\vendor\\laravel\\framework\\src\\Illuminate\\Foundation\\Http\\Kernel.php(144): Illuminate\\Foundation\\Http\\Kernel->sendRequestThroughRouter()
#54 M:\\xampp1\\htdocs\\dev_esnadbusiness\\public\\index.php(14): Illuminate\\Foundation\\Http\\Kernel->handle()
#55 M:\\xampp1\\htdocs\\dev_esnadbusiness\\vendor\\laravel\\framework\\src\\Illuminate\\Foundation\\resources\\server.php(16): require_once('...')
#56 {main}
"} 
[2025-05-23 22:15:48] local.ERROR: Debugbar exception: SQLSTATE[42S02]: Base table or view not found: 1146 Table 'dev_esnadbusiness.sessions' doesn't exist (Connection: mysql, SQL: select * from `sessions` where `id` = hVGbY34Ab2q9DlCwTf1xMmk4o8zixcpbi3JpZUOG limit 1)  
