[2025-05-09 06:35:13] production.DEBUG: ErrorException: Undefined array key "category" in /home/refmoohb/dev.esnadbusiness.com/app/Jobs/Main/Service/Track.php:93
Stack trace:
#0 /home/refmoohb/dev.esnadbusiness.com/vendor/laravel/framework/src/Illuminate/Foundation/Bootstrap/HandleExceptions.php(254): Illuminate\Foundation\Bootstrap\HandleExceptions->handleError()
#1 /home/refmoohb/dev.esnadbusiness.com/app/Jobs/Main/Service/Track.php(93): Illuminate\Foundation\Bootstrap\HandleExceptions->Illuminate\Foundation\Bootstrap\{closure}()
#2 /home/refmoohb/dev.esnadbusiness.com/vendor/laravel/framework/src/Illuminate/Container/BoundMethod.php(36): App\Jobs\Main\Service\Track->handle()
#3 /home/refmoohb/dev.esnadbusiness.com/vendor/laravel/framework/src/Illuminate/Container/Util.php(41): Illuminate\Container\BoundMethod::Illuminate\Container\{closure}()
#4 /home/refmoohb/dev.esnadbusiness.com/vendor/laravel/framework/src/Illuminate/Container/BoundMethod.php(93): Illuminate\Container\Util::unwrapIfClosure()
#5 /home/refmoohb/dev.esnadbusiness.com/vendor/laravel/framework/src/Illuminate/Container/BoundMethod.php(37): Illuminate\Container\BoundMethod::callBoundMethod()
#6 /home/refmoohb/dev.esnadbusiness.com/vendor/laravel/framework/src/Illuminate/Container/Container.php(662): Illuminate\Container\BoundMethod::call()
#7 /home/refmoohb/dev.esnadbusiness.com/vendor/laravel/framework/src/Illuminate/Bus/Dispatcher.php(128): Illuminate\Container\Container->call()
#8 /home/refmoohb/dev.esnadbusiness.com/vendor/laravel/framework/src/Illuminate/Pipeline/Pipeline.php(141): Illuminate\Bus\Dispatcher->Illuminate\Bus\{closure}()
#9 /home/refmoohb/dev.esnadbusiness.com/vendor/laravel/framework/src/Illuminate/Pipeline/Pipeline.php(116): Illuminate\Pipeline\Pipeline->Illuminate\Pipeline\{closure}()
#10 /home/refmoohb/dev.esnadbusiness.com/vendor/laravel/framework/src/Illuminate/Bus/Dispatcher.php(132): Illuminate\Pipeline\Pipeline->then()
#11 /home/refmoohb/dev.esnadbusiness.com/vendor/laravel/framework/src/Illuminate/Queue/CallQueuedHandler.php(124): Illuminate\Bus\Dispatcher->dispatchNow()
#12 /home/refmoohb/dev.esnadbusiness.com/vendor/laravel/framework/src/Illuminate/Pipeline/Pipeline.php(141): Illuminate\Queue\CallQueuedHandler->Illuminate\Queue\{closure}()
#13 /home/refmoohb/dev.esnadbusiness.com/vendor/laravel/framework/src/Illuminate/Pipeline/Pipeline.php(116): Illuminate\Pipeline\Pipeline->Illuminate\Pipeline\{closure}()
#14 /home/refmoohb/dev.esnadbusiness.com/vendor/laravel/framework/src/Illuminate/Queue/CallQueuedHandler.php(126): Illuminate\Pipeline\Pipeline->then()
#15 /home/refmoohb/dev.esnadbusiness.com/vendor/laravel/framework/src/Illuminate/Queue/CallQueuedHandler.php(70): Illuminate\Queue\CallQueuedHandler->dispatchThroughMiddleware()
#16 /home/refmoohb/dev.esnadbusiness.com/vendor/laravel/framework/src/Illuminate/Queue/Jobs/Job.php(98): Illuminate\Queue\CallQueuedHandler->call()
#17 /home/refmoohb/dev.esnadbusiness.com/vendor/laravel/framework/src/Illuminate/Queue/Worker.php(439): Illuminate\Queue\Jobs\Job->fire()
#18 /home/refmoohb/dev.esnadbusiness.com/vendor/laravel/framework/src/Illuminate/Queue/Worker.php(389): Illuminate\Queue\Worker->process()
#19 /home/refmoohb/dev.esnadbusiness.com/vendor/laravel/framework/src/Illuminate/Queue/Worker.php(176): Illuminate\Queue\Worker->runJob()
#20 /home/refmoohb/dev.esnadbusiness.com/vendor/laravel/framework/src/Illuminate/Queue/Console/WorkCommand.php(138): Illuminate\Queue\Worker->daemon()
#21 /home/refmoohb/dev.esnadbusiness.com/vendor/laravel/framework/src/Illuminate/Queue/Console/WorkCommand.php(121): Illuminate\Queue\Console\WorkCommand->runWorker()
#22 /home/refmoohb/dev.esnadbusiness.com/vendor/laravel/framework/src/Illuminate/Container/BoundMethod.php(36): Illuminate\Queue\Console\WorkCommand->handle()
#23 /home/refmoohb/dev.esnadbusiness.com/vendor/laravel/framework/src/Illuminate/Container/Util.php(41): Illuminate\Container\BoundMethod::Illuminate\Container\{closure}()
#24 /home/refmoohb/dev.esnadbusiness.com/vendor/laravel/framework/src/Illuminate/Container/BoundMethod.php(93): Illuminate\Container\Util::unwrapIfClosure()
#25 /home/refmoohb/dev.esnadbusiness.com/vendor/laravel/framework/src/Illuminate/Container/BoundMethod.php(37): Illuminate\Container\BoundMethod::callBoundMethod()
#26 /home/refmoohb/dev.esnadbusiness.com/vendor/laravel/framework/src/Illuminate/Container/Container.php(662): Illuminate\Container\BoundMethod::call()
#27 /home/refmoohb/dev.esnadbusiness.com/vendor/laravel/framework/src/Illuminate/Console/Command.php(208): Illuminate\Container\Container->call()
#28 /home/refmoohb/dev.esnadbusiness.com/vendor/symfony/console/Command/Command.php(326): Illuminate\Console\Command->execute()
#29 /home/refmoohb/dev.esnadbusiness.com/vendor/laravel/framework/src/Illuminate/Console/Command.php(178): Symfony\Component\Console\Command\Command->run()
#30 /home/refmoohb/dev.esnadbusiness.com/vendor/symfony/console/Application.php(1081): Illuminate\Console\Command->run()
#31 /home/refmoohb/dev.esnadbusiness.com/vendor/symfony/console/Application.php(320): Symfony\Component\Console\Application->doRunCommand()
#32 /home/refmoohb/dev.esnadbusiness.com/vendor/symfony/console/Application.php(174): Symfony\Component\Console\Application->doRun()
#33 /home/refmoohb/dev.esnadbusiness.com/vendor/laravel/framework/src/Illuminate/Foundation/Console/Kernel.php(201): Symfony\Component\Console\Application->run()
#34 /home/refmoohb/dev.esnadbusiness.com/artisan(37): Illuminate\Foundation\Console\Kernel->handle()
#35 {main}  
[2025-05-09 14:35:12] production.DEBUG: ErrorException: Undefined array key "category" in /home/refmoohb/dev.esnadbusiness.com/app/Jobs/Main/Service/Track.php:93
Stack trace:
#0 /home/refmoohb/dev.esnadbusiness.com/vendor/laravel/framework/src/Illuminate/Foundation/Bootstrap/HandleExceptions.php(254): Illuminate\Foundation\Bootstrap\HandleExceptions->handleError()
#1 /home/refmoohb/dev.esnadbusiness.com/app/Jobs/Main/Service/Track.php(93): Illuminate\Foundation\Bootstrap\HandleExceptions->Illuminate\Foundation\Bootstrap\{closure}()
#2 /home/refmoohb/dev.esnadbusiness.com/vendor/laravel/framework/src/Illuminate/Container/BoundMethod.php(36): App\Jobs\Main\Service\Track->handle()
#3 /home/refmoohb/dev.esnadbusiness.com/vendor/laravel/framework/src/Illuminate/Container/Util.php(41): Illuminate\Container\BoundMethod::Illuminate\Container\{closure}()
#4 /home/refmoohb/dev.esnadbusiness.com/vendor/laravel/framework/src/Illuminate/Container/BoundMethod.php(93): Illuminate\Container\Util::unwrapIfClosure()
#5 /home/refmoohb/dev.esnadbusiness.com/vendor/laravel/framework/src/Illuminate/Container/BoundMethod.php(37): Illuminate\Container\BoundMethod::callBoundMethod()
#6 /home/refmoohb/dev.esnadbusiness.com/vendor/laravel/framework/src/Illuminate/Container/Container.php(662): Illuminate\Container\BoundMethod::call()
#7 /home/refmoohb/dev.esnadbusiness.com/vendor/laravel/framework/src/Illuminate/Bus/Dispatcher.php(128): Illuminate\Container\Container->call()
#8 /home/refmoohb/dev.esnadbusiness.com/vendor/laravel/framework/src/Illuminate/Pipeline/Pipeline.php(141): Illuminate\Bus\Dispatcher->Illuminate\Bus\{closure}()
#9 /home/refmoohb/dev.esnadbusiness.com/vendor/laravel/framework/src/Illuminate/Pipeline/Pipeline.php(116): Illuminate\Pipeline\Pipeline->Illuminate\Pipeline\{closure}()
#10 /home/refmoohb/dev.esnadbusiness.com/vendor/laravel/framework/src/Illuminate/Bus/Dispatcher.php(132): Illuminate\Pipeline\Pipeline->then()
#11 /home/refmoohb/dev.esnadbusiness.com/vendor/laravel/framework/src/Illuminate/Queue/CallQueuedHandler.php(124): Illuminate\Bus\Dispatcher->dispatchNow()
#12 /home/refmoohb/dev.esnadbusiness.com/vendor/laravel/framework/src/Illuminate/Pipeline/Pipeline.php(141): Illuminate\Queue\CallQueuedHandler->Illuminate\Queue\{closure}()
#13 /home/refmoohb/dev.esnadbusiness.com/vendor/laravel/framework/src/Illuminate/Pipeline/Pipeline.php(116): Illuminate\Pipeline\Pipeline->Illuminate\Pipeline\{closure}()
#14 /home/refmoohb/dev.esnadbusiness.com/vendor/laravel/framework/src/Illuminate/Queue/CallQueuedHandler.php(126): Illuminate\Pipeline\Pipeline->then()
#15 /home/refmoohb/dev.esnadbusiness.com/vendor/laravel/framework/src/Illuminate/Queue/CallQueuedHandler.php(70): Illuminate\Queue\CallQueuedHandler->dispatchThroughMiddleware()
#16 /home/refmoohb/dev.esnadbusiness.com/vendor/laravel/framework/src/Illuminate/Queue/Jobs/Job.php(98): Illuminate\Queue\CallQueuedHandler->call()
#17 /home/refmoohb/dev.esnadbusiness.com/vendor/laravel/framework/src/Illuminate/Queue/Worker.php(439): Illuminate\Queue\Jobs\Job->fire()
#18 /home/refmoohb/dev.esnadbusiness.com/vendor/laravel/framework/src/Illuminate/Queue/Worker.php(389): Illuminate\Queue\Worker->process()
#19 /home/refmoohb/dev.esnadbusiness.com/vendor/laravel/framework/src/Illuminate/Queue/Worker.php(176): Illuminate\Queue\Worker->runJob()
#20 /home/refmoohb/dev.esnadbusiness.com/vendor/laravel/framework/src/Illuminate/Queue/Console/WorkCommand.php(138): Illuminate\Queue\Worker->daemon()
#21 /home/refmoohb/dev.esnadbusiness.com/vendor/laravel/framework/src/Illuminate/Queue/Console/WorkCommand.php(121): Illuminate\Queue\Console\WorkCommand->runWorker()
#22 /home/refmoohb/dev.esnadbusiness.com/vendor/laravel/framework/src/Illuminate/Container/BoundMethod.php(36): Illuminate\Queue\Console\WorkCommand->handle()
#23 /home/refmoohb/dev.esnadbusiness.com/vendor/laravel/framework/src/Illuminate/Container/Util.php(41): Illuminate\Container\BoundMethod::Illuminate\Container\{closure}()
#24 /home/refmoohb/dev.esnadbusiness.com/vendor/laravel/framework/src/Illuminate/Container/BoundMethod.php(93): Illuminate\Container\Util::unwrapIfClosure()
#25 /home/refmoohb/dev.esnadbusiness.com/vendor/laravel/framework/src/Illuminate/Container/BoundMethod.php(37): Illuminate\Container\BoundMethod::callBoundMethod()
#26 /home/refmoohb/dev.esnadbusiness.com/vendor/laravel/framework/src/Illuminate/Container/Container.php(662): Illuminate\Container\BoundMethod::call()
#27 /home/refmoohb/dev.esnadbusiness.com/vendor/laravel/framework/src/Illuminate/Console/Command.php(208): Illuminate\Container\Container->call()
#28 /home/refmoohb/dev.esnadbusiness.com/vendor/symfony/console/Command/Command.php(326): Illuminate\Console\Command->execute()
#29 /home/refmoohb/dev.esnadbusiness.com/vendor/laravel/framework/src/Illuminate/Console/Command.php(178): Symfony\Component\Console\Command\Command->run()
#30 /home/refmoohb/dev.esnadbusiness.com/vendor/symfony/console/Application.php(1081): Illuminate\Console\Command->run()
#31 /home/refmoohb/dev.esnadbusiness.com/vendor/symfony/console/Application.php(320): Symfony\Component\Console\Application->doRunCommand()
#32 /home/refmoohb/dev.esnadbusiness.com/vendor/symfony/console/Application.php(174): Symfony\Component\Console\Application->doRun()
#33 /home/refmoohb/dev.esnadbusiness.com/vendor/laravel/framework/src/Illuminate/Foundation/Console/Kernel.php(201): Symfony\Component\Console\Application->run()
#34 /home/refmoohb/dev.esnadbusiness.com/artisan(37): Illuminate\Foundation\Console\Kernel->handle()
#35 {main}  
[2025-05-09 16:20:10] production.DEBUG: ErrorException: Undefined array key "category" in /home/refmoohb/dev.esnadbusiness.com/app/Jobs/Main/Service/Track.php:93
Stack trace:
#0 /home/refmoohb/dev.esnadbusiness.com/vendor/laravel/framework/src/Illuminate/Foundation/Bootstrap/HandleExceptions.php(254): Illuminate\Foundation\Bootstrap\HandleExceptions->handleError()
#1 /home/refmoohb/dev.esnadbusiness.com/app/Jobs/Main/Service/Track.php(93): Illuminate\Foundation\Bootstrap\HandleExceptions->Illuminate\Foundation\Bootstrap\{closure}()
#2 /home/refmoohb/dev.esnadbusiness.com/vendor/laravel/framework/src/Illuminate/Container/BoundMethod.php(36): App\Jobs\Main\Service\Track->handle()
#3 /home/refmoohb/dev.esnadbusiness.com/vendor/laravel/framework/src/Illuminate/Container/Util.php(41): Illuminate\Container\BoundMethod::Illuminate\Container\{closure}()
#4 /home/refmoohb/dev.esnadbusiness.com/vendor/laravel/framework/src/Illuminate/Container/BoundMethod.php(93): Illuminate\Container\Util::unwrapIfClosure()
#5 /home/refmoohb/dev.esnadbusiness.com/vendor/laravel/framework/src/Illuminate/Container/BoundMethod.php(37): Illuminate\Container\BoundMethod::callBoundMethod()
#6 /home/refmoohb/dev.esnadbusiness.com/vendor/laravel/framework/src/Illuminate/Container/Container.php(662): Illuminate\Container\BoundMethod::call()
#7 /home/refmoohb/dev.esnadbusiness.com/vendor/laravel/framework/src/Illuminate/Bus/Dispatcher.php(128): Illuminate\Container\Container->call()
#8 /home/refmoohb/dev.esnadbusiness.com/vendor/laravel/framework/src/Illuminate/Pipeline/Pipeline.php(141): Illuminate\Bus\Dispatcher->Illuminate\Bus\{closure}()
#9 /home/refmoohb/dev.esnadbusiness.com/vendor/laravel/framework/src/Illuminate/Pipeline/Pipeline.php(116): Illuminate\Pipeline\Pipeline->Illuminate\Pipeline\{closure}()
#10 /home/refmoohb/dev.esnadbusiness.com/vendor/laravel/framework/src/Illuminate/Bus/Dispatcher.php(132): Illuminate\Pipeline\Pipeline->then()
#11 /home/refmoohb/dev.esnadbusiness.com/vendor/laravel/framework/src/Illuminate/Queue/CallQueuedHandler.php(124): Illuminate\Bus\Dispatcher->dispatchNow()
#12 /home/refmoohb/dev.esnadbusiness.com/vendor/laravel/framework/src/Illuminate/Pipeline/Pipeline.php(141): Illuminate\Queue\CallQueuedHandler->Illuminate\Queue\{closure}()
#13 /home/refmoohb/dev.esnadbusiness.com/vendor/laravel/framework/src/Illuminate/Pipeline/Pipeline.php(116): Illuminate\Pipeline\Pipeline->Illuminate\Pipeline\{closure}()
#14 /home/refmoohb/dev.esnadbusiness.com/vendor/laravel/framework/src/Illuminate/Queue/CallQueuedHandler.php(126): Illuminate\Pipeline\Pipeline->then()
#15 /home/refmoohb/dev.esnadbusiness.com/vendor/laravel/framework/src/Illuminate/Queue/CallQueuedHandler.php(70): Illuminate\Queue\CallQueuedHandler->dispatchThroughMiddleware()
#16 /home/refmoohb/dev.esnadbusiness.com/vendor/laravel/framework/src/Illuminate/Queue/Jobs/Job.php(98): Illuminate\Queue\CallQueuedHandler->call()
#17 /home/refmoohb/dev.esnadbusiness.com/vendor/laravel/framework/src/Illuminate/Queue/Worker.php(439): Illuminate\Queue\Jobs\Job->fire()
#18 /home/refmoohb/dev.esnadbusiness.com/vendor/laravel/framework/src/Illuminate/Queue/Worker.php(389): Illuminate\Queue\Worker->process()
#19 /home/refmoohb/dev.esnadbusiness.com/vendor/laravel/framework/src/Illuminate/Queue/Worker.php(176): Illuminate\Queue\Worker->runJob()
#20 /home/refmoohb/dev.esnadbusiness.com/vendor/laravel/framework/src/Illuminate/Queue/Console/WorkCommand.php(138): Illuminate\Queue\Worker->daemon()
#21 /home/refmoohb/dev.esnadbusiness.com/vendor/laravel/framework/src/Illuminate/Queue/Console/WorkCommand.php(121): Illuminate\Queue\Console\WorkCommand->runWorker()
#22 /home/refmoohb/dev.esnadbusiness.com/vendor/laravel/framework/src/Illuminate/Container/BoundMethod.php(36): Illuminate\Queue\Console\WorkCommand->handle()
#23 /home/refmoohb/dev.esnadbusiness.com/vendor/laravel/framework/src/Illuminate/Container/Util.php(41): Illuminate\Container\BoundMethod::Illuminate\Container\{closure}()
#24 /home/refmoohb/dev.esnadbusiness.com/vendor/laravel/framework/src/Illuminate/Container/BoundMethod.php(93): Illuminate\Container\Util::unwrapIfClosure()
#25 /home/refmoohb/dev.esnadbusiness.com/vendor/laravel/framework/src/Illuminate/Container/BoundMethod.php(37): Illuminate\Container\BoundMethod::callBoundMethod()
#26 /home/refmoohb/dev.esnadbusiness.com/vendor/laravel/framework/src/Illuminate/Container/Container.php(662): Illuminate\Container\BoundMethod::call()
#27 /home/refmoohb/dev.esnadbusiness.com/vendor/laravel/framework/src/Illuminate/Console/Command.php(208): Illuminate\Container\Container->call()
#28 /home/refmoohb/dev.esnadbusiness.com/vendor/symfony/console/Command/Command.php(326): Illuminate\Console\Command->execute()
#29 /home/refmoohb/dev.esnadbusiness.com/vendor/laravel/framework/src/Illuminate/Console/Command.php(178): Symfony\Component\Console\Command\Command->run()
#30 /home/refmoohb/dev.esnadbusiness.com/vendor/symfony/console/Application.php(1081): Illuminate\Console\Command->run()
#31 /home/refmoohb/dev.esnadbusiness.com/vendor/symfony/console/Application.php(320): Symfony\Component\Console\Application->doRunCommand()
#32 /home/refmoohb/dev.esnadbusiness.com/vendor/symfony/console/Application.php(174): Symfony\Component\Console\Application->doRun()
#33 /home/refmoohb/dev.esnadbusiness.com/vendor/laravel/framework/src/Illuminate/Foundation/Console/Kernel.php(201): Symfony\Component\Console\Application->run()
#34 /home/refmoohb/dev.esnadbusiness.com/artisan(37): Illuminate\Foundation\Console\Kernel->handle()
#35 {main}  
