[2025-05-20 01:05:09] production.DEBUG: ErrorException: Undefined array key "category" in /home/refmoohb/dev.esnadbusiness.com/app/Jobs/Main/Service/Track.php:93
Stack trace:
#0 /home/refmoohb/dev.esnadbusiness.com/vendor/laravel/framework/src/Illuminate/Foundation/Bootstrap/HandleExceptions.php(254): Illuminate\Foundation\Bootstrap\HandleExceptions->handleError()
#1 /home/refmoohb/dev.esnadbusiness.com/app/Jobs/Main/Service/Track.php(93): Illuminate\Foundation\Bootstrap\HandleExceptions->Illuminate\Foundation\Bootstrap\{closure}()
#2 /home/refmoohb/dev.esnadbusiness.com/vendor/laravel/framework/src/Illuminate/Container/BoundMethod.php(36): App\Jobs\Main\Service\Track->handle()
#3 /home/refmoohb/dev.esnadbusiness.com/vendor/laravel/framework/src/Illuminate/Container/Util.php(41): Illuminate\Container\BoundMethod::Illuminate\Container\{closure}()
#4 /home/refmoohb/dev.esnadbusiness.com/vendor/laravel/framework/src/Illuminate/Container/BoundMethod.php(93): Illuminate\Container\Util::unwrapIfClosure()
#5 /home/refmoohb/dev.esnadbusiness.com/vendor/laravel/framework/src/Illuminate/Container/BoundMethod.php(37): Illuminate\Container\BoundMethod::callBoundMethod()
#6 /home/refmoohb/dev.esnadbusiness.com/vendor/laravel/framework/src/Illuminate/Container/Container.php(662): Illuminate\Container\BoundMethod::call()
#7 /home/refmoohb/dev.esnadbusiness.com/vendor/laravel/framework/src/Illuminate/Bus/Dispatcher.php(128): Illuminate\Container\Container->call()
#8 /home/refmoohb/dev.esnadbusiness.com/vendor/laravel/framework/src/Illuminate/Pipeline/Pipeline.php(141): Illuminate\Bus\Dispatcher->Illuminate\Bus\{closure}()
#9 /home/refmoohb/dev.esnadbusiness.com/vendor/laravel/framework/src/Illuminate/Pipeline/Pipeline.php(116): Illuminate\Pipeline\Pipeline->Illuminate\Pipeline\{closure}()
#10 /home/refmoohb/dev.esnadbusiness.com/vendor/laravel/framework/src/Illuminate/Bus/Dispatcher.php(132): Illuminate\Pipeline\Pipeline->then()
#11 /home/refmoohb/dev.esnadbusiness.com/vendor/laravel/framework/src/Illuminate/Queue/CallQueuedHandler.php(124): Illuminate\Bus\Dispatcher->dispatchNow()
#12 /home/refmoohb/dev.esnadbusiness.com/vendor/laravel/framework/src/Illuminate/Pipeline/Pipeline.php(141): Illuminate\Queue\CallQueuedHandler->Illuminate\Queue\{closure}()
#13 /home/refmoohb/dev.esnadbusiness.com/vendor/laravel/framework/src/Illuminate/Pipeline/Pipeline.php(116): Illuminate\Pipeline\Pipeline->Illuminate\Pipeline\{closure}()
#14 /home/refmoohb/dev.esnadbusiness.com/vendor/laravel/framework/src/Illuminate/Queue/CallQueuedHandler.php(126): Illuminate\Pipeline\Pipeline->then()
#15 /home/refmoohb/dev.esnadbusiness.com/vendor/laravel/framework/src/Illuminate/Queue/CallQueuedHandler.php(70): Illuminate\Queue\CallQueuedHandler->dispatchThroughMiddleware()
#16 /home/refmoohb/dev.esnadbusiness.com/vendor/laravel/framework/src/Illuminate/Queue/Jobs/Job.php(98): Illuminate\Queue\CallQueuedHandler->call()
#17 /home/refmoohb/dev.esnadbusiness.com/vendor/laravel/framework/src/Illuminate/Queue/Worker.php(439): Illuminate\Queue\Jobs\Job->fire()
#18 /home/refmoohb/dev.esnadbusiness.com/vendor/laravel/framework/src/Illuminate/Queue/Worker.php(389): Illuminate\Queue\Worker->process()
#19 /home/refmoohb/dev.esnadbusiness.com/vendor/laravel/framework/src/Illuminate/Queue/Worker.php(176): Illuminate\Queue\Worker->runJob()
#20 /home/refmoohb/dev.esnadbusiness.com/vendor/laravel/framework/src/Illuminate/Queue/Console/WorkCommand.php(138): Illuminate\Queue\Worker->daemon()
#21 /home/refmoohb/dev.esnadbusiness.com/vendor/laravel/framework/src/Illuminate/Queue/Console/WorkCommand.php(121): Illuminate\Queue\Console\WorkCommand->runWorker()
#22 /home/refmoohb/dev.esnadbusiness.com/vendor/laravel/framework/src/Illuminate/Container/BoundMethod.php(36): Illuminate\Queue\Console\WorkCommand->handle()
#23 /home/refmoohb/dev.esnadbusiness.com/vendor/laravel/framework/src/Illuminate/Container/Util.php(41): Illuminate\Container\BoundMethod::Illuminate\Container\{closure}()
#24 /home/refmoohb/dev.esnadbusiness.com/vendor/laravel/framework/src/Illuminate/Container/BoundMethod.php(93): Illuminate\Container\Util::unwrapIfClosure()
#25 /home/refmoohb/dev.esnadbusiness.com/vendor/laravel/framework/src/Illuminate/Container/BoundMethod.php(37): Illuminate\Container\BoundMethod::callBoundMethod()
#26 /home/refmoohb/dev.esnadbusiness.com/vendor/laravel/framework/src/Illuminate/Container/Container.php(662): Illuminate\Container\BoundMethod::call()
#27 /home/refmoohb/dev.esnadbusiness.com/vendor/laravel/framework/src/Illuminate/Console/Command.php(208): Illuminate\Container\Container->call()
#28 /home/refmoohb/dev.esnadbusiness.com/vendor/symfony/console/Command/Command.php(326): Illuminate\Console\Command->execute()
#29 /home/refmoohb/dev.esnadbusiness.com/vendor/laravel/framework/src/Illuminate/Console/Command.php(178): Symfony\Component\Console\Command\Command->run()
#30 /home/refmoohb/dev.esnadbusiness.com/vendor/symfony/console/Application.php(1081): Illuminate\Console\Command->run()
#31 /home/refmoohb/dev.esnadbusiness.com/vendor/symfony/console/Application.php(320): Symfony\Component\Console\Application->doRunCommand()
#32 /home/refmoohb/dev.esnadbusiness.com/vendor/symfony/console/Application.php(174): Symfony\Component\Console\Application->doRun()
#33 /home/refmoohb/dev.esnadbusiness.com/vendor/laravel/framework/src/Illuminate/Foundation/Console/Kernel.php(201): Symfony\Component\Console\Application->run()
#34 /home/refmoohb/dev.esnadbusiness.com/artisan(37): Illuminate\Foundation\Console\Kernel->handle()
#35 {main}  
[2025-05-20 15:05:05] production.DEBUG: ErrorException: Undefined array key "category" in /home/refmoohb/dev.esnadbusiness.com/app/Jobs/Main/Service/Track.php:93
Stack trace:
#0 /home/refmoohb/dev.esnadbusiness.com/vendor/laravel/framework/src/Illuminate/Foundation/Bootstrap/HandleExceptions.php(254): Illuminate\Foundation\Bootstrap\HandleExceptions->handleError()
#1 /home/refmoohb/dev.esnadbusiness.com/app/Jobs/Main/Service/Track.php(93): Illuminate\Foundation\Bootstrap\HandleExceptions->Illuminate\Foundation\Bootstrap\{closure}()
#2 /home/refmoohb/dev.esnadbusiness.com/vendor/laravel/framework/src/Illuminate/Container/BoundMethod.php(36): App\Jobs\Main\Service\Track->handle()
#3 /home/refmoohb/dev.esnadbusiness.com/vendor/laravel/framework/src/Illuminate/Container/Util.php(41): Illuminate\Container\BoundMethod::Illuminate\Container\{closure}()
#4 /home/refmoohb/dev.esnadbusiness.com/vendor/laravel/framework/src/Illuminate/Container/BoundMethod.php(93): Illuminate\Container\Util::unwrapIfClosure()
#5 /home/refmoohb/dev.esnadbusiness.com/vendor/laravel/framework/src/Illuminate/Container/BoundMethod.php(37): Illuminate\Container\BoundMethod::callBoundMethod()
#6 /home/refmoohb/dev.esnadbusiness.com/vendor/laravel/framework/src/Illuminate/Container/Container.php(662): Illuminate\Container\BoundMethod::call()
#7 /home/refmoohb/dev.esnadbusiness.com/vendor/laravel/framework/src/Illuminate/Bus/Dispatcher.php(128): Illuminate\Container\Container->call()
#8 /home/refmoohb/dev.esnadbusiness.com/vendor/laravel/framework/src/Illuminate/Pipeline/Pipeline.php(141): Illuminate\Bus\Dispatcher->Illuminate\Bus\{closure}()
#9 /home/refmoohb/dev.esnadbusiness.com/vendor/laravel/framework/src/Illuminate/Pipeline/Pipeline.php(116): Illuminate\Pipeline\Pipeline->Illuminate\Pipeline\{closure}()
#10 /home/refmoohb/dev.esnadbusiness.com/vendor/laravel/framework/src/Illuminate/Bus/Dispatcher.php(132): Illuminate\Pipeline\Pipeline->then()
#11 /home/refmoohb/dev.esnadbusiness.com/vendor/laravel/framework/src/Illuminate/Queue/CallQueuedHandler.php(124): Illuminate\Bus\Dispatcher->dispatchNow()
#12 /home/refmoohb/dev.esnadbusiness.com/vendor/laravel/framework/src/Illuminate/Pipeline/Pipeline.php(141): Illuminate\Queue\CallQueuedHandler->Illuminate\Queue\{closure}()
#13 /home/refmoohb/dev.esnadbusiness.com/vendor/laravel/framework/src/Illuminate/Pipeline/Pipeline.php(116): Illuminate\Pipeline\Pipeline->Illuminate\Pipeline\{closure}()
#14 /home/refmoohb/dev.esnadbusiness.com/vendor/laravel/framework/src/Illuminate/Queue/CallQueuedHandler.php(126): Illuminate\Pipeline\Pipeline->then()
#15 /home/refmoohb/dev.esnadbusiness.com/vendor/laravel/framework/src/Illuminate/Queue/CallQueuedHandler.php(70): Illuminate\Queue\CallQueuedHandler->dispatchThroughMiddleware()
#16 /home/refmoohb/dev.esnadbusiness.com/vendor/laravel/framework/src/Illuminate/Queue/Jobs/Job.php(98): Illuminate\Queue\CallQueuedHandler->call()
#17 /home/refmoohb/dev.esnadbusiness.com/vendor/laravel/framework/src/Illuminate/Queue/Worker.php(439): Illuminate\Queue\Jobs\Job->fire()
#18 /home/refmoohb/dev.esnadbusiness.com/vendor/laravel/framework/src/Illuminate/Queue/Worker.php(389): Illuminate\Queue\Worker->process()
#19 /home/refmoohb/dev.esnadbusiness.com/vendor/laravel/framework/src/Illuminate/Queue/Worker.php(176): Illuminate\Queue\Worker->runJob()
#20 /home/refmoohb/dev.esnadbusiness.com/vendor/laravel/framework/src/Illuminate/Queue/Console/WorkCommand.php(138): Illuminate\Queue\Worker->daemon()
#21 /home/refmoohb/dev.esnadbusiness.com/vendor/laravel/framework/src/Illuminate/Queue/Console/WorkCommand.php(121): Illuminate\Queue\Console\WorkCommand->runWorker()
#22 /home/refmoohb/dev.esnadbusiness.com/vendor/laravel/framework/src/Illuminate/Container/BoundMethod.php(36): Illuminate\Queue\Console\WorkCommand->handle()
#23 /home/refmoohb/dev.esnadbusiness.com/vendor/laravel/framework/src/Illuminate/Container/Util.php(41): Illuminate\Container\BoundMethod::Illuminate\Container\{closure}()
#24 /home/refmoohb/dev.esnadbusiness.com/vendor/laravel/framework/src/Illuminate/Container/BoundMethod.php(93): Illuminate\Container\Util::unwrapIfClosure()
#25 /home/refmoohb/dev.esnadbusiness.com/vendor/laravel/framework/src/Illuminate/Container/BoundMethod.php(37): Illuminate\Container\BoundMethod::callBoundMethod()
#26 /home/refmoohb/dev.esnadbusiness.com/vendor/laravel/framework/src/Illuminate/Container/Container.php(662): Illuminate\Container\BoundMethod::call()
#27 /home/refmoohb/dev.esnadbusiness.com/vendor/laravel/framework/src/Illuminate/Console/Command.php(208): Illuminate\Container\Container->call()
#28 /home/refmoohb/dev.esnadbusiness.com/vendor/symfony/console/Command/Command.php(326): Illuminate\Console\Command->execute()
#29 /home/refmoohb/dev.esnadbusiness.com/vendor/laravel/framework/src/Illuminate/Console/Command.php(178): Symfony\Component\Console\Command\Command->run()
#30 /home/refmoohb/dev.esnadbusiness.com/vendor/symfony/console/Application.php(1081): Illuminate\Console\Command->run()
#31 /home/refmoohb/dev.esnadbusiness.com/vendor/symfony/console/Application.php(320): Symfony\Component\Console\Application->doRunCommand()
#32 /home/refmoohb/dev.esnadbusiness.com/vendor/symfony/console/Application.php(174): Symfony\Component\Console\Application->doRun()
#33 /home/refmoohb/dev.esnadbusiness.com/vendor/laravel/framework/src/Illuminate/Foundation/Console/Kernel.php(201): Symfony\Component\Console\Application->run()
#34 /home/refmoohb/dev.esnadbusiness.com/artisan(37): Illuminate\Foundation\Console\Kernel->handle()
#35 {main}  
[2025-05-20 19:11:56] production.ERROR: SQLSTATE[HY000] [1045] Access denied for user 'refmoohb_dev_esnadbusiness'@'localhost' (using password: YES) (Connection: mysql, SQL: select * from information_schema.tables where table_schema = refmoohb_dev_esnadbusiness and table_name = migrations and table_type = 'BASE TABLE') {"exception":"[object] (Illuminate\\Database\\QueryException(code: 1045): SQLSTATE[HY000] [1045] Access denied for user 'refmoohb_dev_esnadbusiness'@'localhost' (using password: YES) (Connection: mysql, SQL: select * from information_schema.tables where table_schema = refmoohb_dev_esnadbusiness and table_name = migrations and table_type = 'BASE TABLE') at /Users/greelogix/Herd/dev.esnadbusiness.com/vendor/laravel/framework/src/Illuminate/Database/Connection.php:795)
[stacktrace]
#0 /Users/greelogix/Herd/dev.esnadbusiness.com/vendor/laravel/framework/src/Illuminate/Database/Connection.php(755): Illuminate\\Database\\Connection->runQueryCallback('select * from i...', Array, Object(Closure))
#1 /Users/greelogix/Herd/dev.esnadbusiness.com/vendor/laravel/framework/src/Illuminate/Database/Connection.php(407): Illuminate\\Database\\Connection->run('select * from i...', Array, Object(Closure))
#2 /Users/greelogix/Herd/dev.esnadbusiness.com/vendor/laravel/framework/src/Illuminate/Database/Connection.php(394): Illuminate\\Database\\Connection->select('select * from i...', Array, false)
#3 /Users/greelogix/Herd/dev.esnadbusiness.com/vendor/laravel/framework/src/Illuminate/Database/Schema/MySqlBuilder.php(43): Illuminate\\Database\\Connection->selectFromWriteConnection('select * from i...', Array)
#4 /Users/greelogix/Herd/dev.esnadbusiness.com/vendor/laravel/framework/src/Illuminate/Database/Migrations/DatabaseMigrationRepository.php(184): Illuminate\\Database\\Schema\\MySqlBuilder->hasTable('migrations')
#5 /Users/greelogix/Herd/dev.esnadbusiness.com/vendor/laravel/framework/src/Illuminate/Database/Migrations/Migrator.php(700): Illuminate\\Database\\Migrations\\DatabaseMigrationRepository->repositoryExists()
#6 /Users/greelogix/Herd/dev.esnadbusiness.com/vendor/laravel/framework/src/Illuminate/Database/Console/Migrations/MigrateCommand.php(138): Illuminate\\Database\\Migrations\\Migrator->repositoryExists()
#7 /Users/greelogix/Herd/dev.esnadbusiness.com/vendor/laravel/framework/src/Illuminate/Support/helpers.php(248): Illuminate\\Database\\Console\\Migrations\\MigrateCommand->Illuminate\\Database\\Console\\Migrations\\{closure}(1)
#8 /Users/greelogix/Herd/dev.esnadbusiness.com/vendor/laravel/framework/src/Illuminate/Database/Console/Migrations/MigrateCommand.php(138): retry(1, Object(Closure), 0, Object(Closure))
#9 /Users/greelogix/Herd/dev.esnadbusiness.com/vendor/laravel/framework/src/Illuminate/Database/Console/Migrations/MigrateCommand.php(114): Illuminate\\Database\\Console\\Migrations\\MigrateCommand->repositoryExists()
#10 /Users/greelogix/Herd/dev.esnadbusiness.com/vendor/laravel/framework/src/Illuminate/Database/Console/Migrations/MigrateCommand.php(82): Illuminate\\Database\\Console\\Migrations\\MigrateCommand->prepareDatabase()
#11 /Users/greelogix/Herd/dev.esnadbusiness.com/vendor/laravel/framework/src/Illuminate/Database/Migrations/Migrator.php(633): Illuminate\\Database\\Console\\Migrations\\MigrateCommand->Illuminate\\Database\\Console\\Migrations\\{closure}()
#12 /Users/greelogix/Herd/dev.esnadbusiness.com/vendor/laravel/framework/src/Illuminate/Database/Console/Migrations/MigrateCommand.php(81): Illuminate\\Database\\Migrations\\Migrator->usingConnection(NULL, Object(Closure))
#13 /Users/greelogix/Herd/dev.esnadbusiness.com/vendor/laravel/framework/src/Illuminate/Container/BoundMethod.php(36): Illuminate\\Database\\Console\\Migrations\\MigrateCommand->handle()
#14 /Users/greelogix/Herd/dev.esnadbusiness.com/vendor/laravel/framework/src/Illuminate/Container/Util.php(41): Illuminate\\Container\\BoundMethod::Illuminate\\Container\\{closure}()
#15 /Users/greelogix/Herd/dev.esnadbusiness.com/vendor/laravel/framework/src/Illuminate/Container/BoundMethod.php(93): Illuminate\\Container\\Util::unwrapIfClosure(Object(Closure))
#16 /Users/greelogix/Herd/dev.esnadbusiness.com/vendor/laravel/framework/src/Illuminate/Container/BoundMethod.php(35): Illuminate\\Container\\BoundMethod::callBoundMethod(Object(Illuminate\\Foundation\\Application), Array, Object(Closure))
#17 /Users/greelogix/Herd/dev.esnadbusiness.com/vendor/laravel/framework/src/Illuminate/Container/Container.php(662): Illuminate\\Container\\BoundMethod::call(Object(Illuminate\\Foundation\\Application), Array, Array, NULL)
#18 /Users/greelogix/Herd/dev.esnadbusiness.com/vendor/laravel/framework/src/Illuminate/Console/Command.php(208): Illuminate\\Container\\Container->call(Array)
#19 /Users/greelogix/Herd/dev.esnadbusiness.com/vendor/symfony/console/Command/Command.php(326): Illuminate\\Console\\Command->execute(Object(Symfony\\Component\\Console\\Input\\ArgvInput), Object(Illuminate\\Console\\OutputStyle))
#20 /Users/greelogix/Herd/dev.esnadbusiness.com/vendor/laravel/framework/src/Illuminate/Console/Command.php(177): Symfony\\Component\\Console\\Command\\Command->run(Object(Symfony\\Component\\Console\\Input\\ArgvInput), Object(Illuminate\\Console\\OutputStyle))
#21 /Users/greelogix/Herd/dev.esnadbusiness.com/vendor/symfony/console/Application.php(1081): Illuminate\\Console\\Command->run(Object(Symfony\\Component\\Console\\Input\\ArgvInput), Object(Symfony\\Component\\Console\\Output\\ConsoleOutput))
#22 /Users/greelogix/Herd/dev.esnadbusiness.com/vendor/symfony/console/Application.php(320): Symfony\\Component\\Console\\Application->doRunCommand(Object(Illuminate\\Database\\Console\\Migrations\\MigrateCommand), Object(Symfony\\Component\\Console\\Input\\ArgvInput), Object(Symfony\\Component\\Console\\Output\\ConsoleOutput))
#23 /Users/greelogix/Herd/dev.esnadbusiness.com/vendor/symfony/console/Application.php(174): Symfony\\Component\\Console\\Application->doRun(Object(Symfony\\Component\\Console\\Input\\ArgvInput), Object(Symfony\\Component\\Console\\Output\\ConsoleOutput))
#24 /Users/greelogix/Herd/dev.esnadbusiness.com/vendor/laravel/framework/src/Illuminate/Foundation/Console/Kernel.php(201): Symfony\\Component\\Console\\Application->run(Object(Symfony\\Component\\Console\\Input\\ArgvInput), Object(Symfony\\Component\\Console\\Output\\ConsoleOutput))
#25 /Users/greelogix/Herd/dev.esnadbusiness.com/artisan(35): Illuminate\\Foundation\\Console\\Kernel->handle(Object(Symfony\\Component\\Console\\Input\\ArgvInput), Object(Symfony\\Component\\Console\\Output\\ConsoleOutput))
#26 {main}

[previous exception] [object] (PDOException(code: 1045): SQLSTATE[HY000] [1045] Access denied for user 'refmoohb_dev_esnadbusiness'@'localhost' (using password: YES) at /Users/greelogix/Herd/dev.esnadbusiness.com/vendor/laravel/framework/src/Illuminate/Database/Connectors/Connector.php:65)
[stacktrace]
#0 /Users/greelogix/Herd/dev.esnadbusiness.com/vendor/laravel/framework/src/Illuminate/Database/Connectors/Connector.php(65): PDO->__construct('mysql:host=loca...', 'refmoohb_dev_es...', Object(SensitiveParameterValue), Array)
#1 /Users/greelogix/Herd/dev.esnadbusiness.com/vendor/laravel/framework/src/Illuminate/Database/Connectors/Connector.php(44): Illuminate\\Database\\Connectors\\Connector->createPdoConnection('mysql:host=loca...', 'refmoohb_dev_es...', ')Ts~2=9EuXiG', Array)
#2 /Users/greelogix/Herd/dev.esnadbusiness.com/vendor/laravel/framework/src/Illuminate/Database/Connectors/MySqlConnector.php(24): Illuminate\\Database\\Connectors\\Connector->createConnection('mysql:host=loca...', Array, Array)
#3 /Users/greelogix/Herd/dev.esnadbusiness.com/vendor/laravel/framework/src/Illuminate/Database/Connectors/ConnectionFactory.php(184): Illuminate\\Database\\Connectors\\MySqlConnector->connect(Array)
#4 [internal function]: Illuminate\\Database\\Connectors\\ConnectionFactory->Illuminate\\Database\\Connectors\\{closure}()
#5 /Users/greelogix/Herd/dev.esnadbusiness.com/vendor/laravel/framework/src/Illuminate/Database/Connection.php(1275): call_user_func(Object(Closure))
#6 /Users/greelogix/Herd/dev.esnadbusiness.com/vendor/laravel/framework/src/Illuminate/Database/Connection.php(521): Illuminate\\Database\\Connection->getPdo()
#7 /Users/greelogix/Herd/dev.esnadbusiness.com/vendor/laravel/framework/src/Illuminate/Database/Connection.php(416): Illuminate\\Database\\Connection->getPdoForSelect(false)
#8 /Users/greelogix/Herd/dev.esnadbusiness.com/vendor/laravel/framework/src/Illuminate/Database/Connection.php(788): Illuminate\\Database\\Connection->Illuminate\\Database\\{closure}('select * from i...', Array)
#9 /Users/greelogix/Herd/dev.esnadbusiness.com/vendor/laravel/framework/src/Illuminate/Database/Connection.php(755): Illuminate\\Database\\Connection->runQueryCallback('select * from i...', Array, Object(Closure))
#10 /Users/greelogix/Herd/dev.esnadbusiness.com/vendor/laravel/framework/src/Illuminate/Database/Connection.php(407): Illuminate\\Database\\Connection->run('select * from i...', Array, Object(Closure))
#11 /Users/greelogix/Herd/dev.esnadbusiness.com/vendor/laravel/framework/src/Illuminate/Database/Connection.php(394): Illuminate\\Database\\Connection->select('select * from i...', Array, false)
#12 /Users/greelogix/Herd/dev.esnadbusiness.com/vendor/laravel/framework/src/Illuminate/Database/Schema/MySqlBuilder.php(43): Illuminate\\Database\\Connection->selectFromWriteConnection('select * from i...', Array)
#13 /Users/greelogix/Herd/dev.esnadbusiness.com/vendor/laravel/framework/src/Illuminate/Database/Migrations/DatabaseMigrationRepository.php(184): Illuminate\\Database\\Schema\\MySqlBuilder->hasTable('migrations')
#14 /Users/greelogix/Herd/dev.esnadbusiness.com/vendor/laravel/framework/src/Illuminate/Database/Migrations/Migrator.php(700): Illuminate\\Database\\Migrations\\DatabaseMigrationRepository->repositoryExists()
#15 /Users/greelogix/Herd/dev.esnadbusiness.com/vendor/laravel/framework/src/Illuminate/Database/Console/Migrations/MigrateCommand.php(138): Illuminate\\Database\\Migrations\\Migrator->repositoryExists()
#16 /Users/greelogix/Herd/dev.esnadbusiness.com/vendor/laravel/framework/src/Illuminate/Support/helpers.php(248): Illuminate\\Database\\Console\\Migrations\\MigrateCommand->Illuminate\\Database\\Console\\Migrations\\{closure}(1)
#17 /Users/greelogix/Herd/dev.esnadbusiness.com/vendor/laravel/framework/src/Illuminate/Database/Console/Migrations/MigrateCommand.php(138): retry(1, Object(Closure), 0, Object(Closure))
#18 /Users/greelogix/Herd/dev.esnadbusiness.com/vendor/laravel/framework/src/Illuminate/Database/Console/Migrations/MigrateCommand.php(114): Illuminate\\Database\\Console\\Migrations\\MigrateCommand->repositoryExists()
#19 /Users/greelogix/Herd/dev.esnadbusiness.com/vendor/laravel/framework/src/Illuminate/Database/Console/Migrations/MigrateCommand.php(82): Illuminate\\Database\\Console\\Migrations\\MigrateCommand->prepareDatabase()
#20 /Users/greelogix/Herd/dev.esnadbusiness.com/vendor/laravel/framework/src/Illuminate/Database/Migrations/Migrator.php(633): Illuminate\\Database\\Console\\Migrations\\MigrateCommand->Illuminate\\Database\\Console\\Migrations\\{closure}()
#21 /Users/greelogix/Herd/dev.esnadbusiness.com/vendor/laravel/framework/src/Illuminate/Database/Console/Migrations/MigrateCommand.php(81): Illuminate\\Database\\Migrations\\Migrator->usingConnection(NULL, Object(Closure))
#22 /Users/greelogix/Herd/dev.esnadbusiness.com/vendor/laravel/framework/src/Illuminate/Container/BoundMethod.php(36): Illuminate\\Database\\Console\\Migrations\\MigrateCommand->handle()
#23 /Users/greelogix/Herd/dev.esnadbusiness.com/vendor/laravel/framework/src/Illuminate/Container/Util.php(41): Illuminate\\Container\\BoundMethod::Illuminate\\Container\\{closure}()
#24 /Users/greelogix/Herd/dev.esnadbusiness.com/vendor/laravel/framework/src/Illuminate/Container/BoundMethod.php(93): Illuminate\\Container\\Util::unwrapIfClosure(Object(Closure))
#25 /Users/greelogix/Herd/dev.esnadbusiness.com/vendor/laravel/framework/src/Illuminate/Container/BoundMethod.php(35): Illuminate\\Container\\BoundMethod::callBoundMethod(Object(Illuminate\\Foundation\\Application), Array, Object(Closure))
#26 /Users/greelogix/Herd/dev.esnadbusiness.com/vendor/laravel/framework/src/Illuminate/Container/Container.php(662): Illuminate\\Container\\BoundMethod::call(Object(Illuminate\\Foundation\\Application), Array, Array, NULL)
#27 /Users/greelogix/Herd/dev.esnadbusiness.com/vendor/laravel/framework/src/Illuminate/Console/Command.php(208): Illuminate\\Container\\Container->call(Array)
#28 /Users/greelogix/Herd/dev.esnadbusiness.com/vendor/symfony/console/Command/Command.php(326): Illuminate\\Console\\Command->execute(Object(Symfony\\Component\\Console\\Input\\ArgvInput), Object(Illuminate\\Console\\OutputStyle))
#29 /Users/greelogix/Herd/dev.esnadbusiness.com/vendor/laravel/framework/src/Illuminate/Console/Command.php(177): Symfony\\Component\\Console\\Command\\Command->run(Object(Symfony\\Component\\Console\\Input\\ArgvInput), Object(Illuminate\\Console\\OutputStyle))
#30 /Users/greelogix/Herd/dev.esnadbusiness.com/vendor/symfony/console/Application.php(1081): Illuminate\\Console\\Command->run(Object(Symfony\\Component\\Console\\Input\\ArgvInput), Object(Symfony\\Component\\Console\\Output\\ConsoleOutput))
#31 /Users/greelogix/Herd/dev.esnadbusiness.com/vendor/symfony/console/Application.php(320): Symfony\\Component\\Console\\Application->doRunCommand(Object(Illuminate\\Database\\Console\\Migrations\\MigrateCommand), Object(Symfony\\Component\\Console\\Input\\ArgvInput), Object(Symfony\\Component\\Console\\Output\\ConsoleOutput))
#32 /Users/greelogix/Herd/dev.esnadbusiness.com/vendor/symfony/console/Application.php(174): Symfony\\Component\\Console\\Application->doRun(Object(Symfony\\Component\\Console\\Input\\ArgvInput), Object(Symfony\\Component\\Console\\Output\\ConsoleOutput))
#33 /Users/greelogix/Herd/dev.esnadbusiness.com/vendor/laravel/framework/src/Illuminate/Foundation/Console/Kernel.php(201): Symfony\\Component\\Console\\Application->run(Object(Symfony\\Component\\Console\\Input\\ArgvInput), Object(Symfony\\Component\\Console\\Output\\ConsoleOutput))
#34 /Users/greelogix/Herd/dev.esnadbusiness.com/artisan(35): Illuminate\\Foundation\\Console\\Kernel->handle(Object(Symfony\\Component\\Console\\Input\\ArgvInput), Object(Symfony\\Component\\Console\\Output\\ConsoleOutput))
#35 {main}
"} 
