[2025-05-08 13:25:18] production.ERROR: Failed to authenticate on SMTP server with username "support@esnadbusiness.com" using the following authenticators: "LOGIN", "PLAIN". Authenticator "LOGIN" returned "Expected response code "235" but got code "535", with message "535 Incorrect authentication data".". Authenticator "PLAIN" returned "Expected response code "235" but got code "535", with message "535 Incorrect authentication data".". {"exception":"[object] (Symfony\\Component\\Mailer\\Exception\\TransportException(code: 535): Failed to authenticate on SMTP server with username \"support@esnadbusiness.com\" using the following authenticators: \"LOGIN\", \"PLAIN\". Authenticator \"LOGIN\" returned \"Expected response code \"235\" but got code \"535\", with message \"535 Incorrect authentication data\".\". Authenticator \"PLAIN\" returned \"Expected response code \"235\" but got code \"535\", with message \"535 Incorrect authentication data\".\". at /home/refmoohb/dev.esnadbusiness.com/vendor/symfony/mailer/Transport/Smtp/EsmtpTransport.php:224)
[stacktrace]
#0 /home/refmoohb/dev.esnadbusiness.com/vendor/symfony/mailer/Transport/Smtp/EsmtpTransport.php(160): Symfony\\Component\\Mailer\\Transport\\Smtp\\EsmtpTransport->handleAuth()
#1 /home/refmoohb/dev.esnadbusiness.com/vendor/symfony/mailer/Transport/Smtp/EsmtpTransport.php(117): Symfony\\Component\\Mailer\\Transport\\Smtp\\EsmtpTransport->doEhloCommand()
#2 /home/refmoohb/dev.esnadbusiness.com/vendor/symfony/mailer/Transport/Smtp/SmtpTransport.php(254): Symfony\\Component\\Mailer\\Transport\\Smtp\\EsmtpTransport->executeCommand()
#3 /home/refmoohb/dev.esnadbusiness.com/vendor/symfony/mailer/Transport/Smtp/SmtpTransport.php(277): Symfony\\Component\\Mailer\\Transport\\Smtp\\SmtpTransport->doHeloCommand()
#4 /home/refmoohb/dev.esnadbusiness.com/vendor/symfony/mailer/Transport/Smtp/SmtpTransport.php(213): Symfony\\Component\\Mailer\\Transport\\Smtp\\SmtpTransport->start()
#5 /home/refmoohb/dev.esnadbusiness.com/vendor/symfony/mailer/Transport/AbstractTransport.php(69): Symfony\\Component\\Mailer\\Transport\\Smtp\\SmtpTransport->doSend()
#6 /home/refmoohb/dev.esnadbusiness.com/vendor/symfony/mailer/Transport/Smtp/SmtpTransport.php(137): Symfony\\Component\\Mailer\\Transport\\AbstractTransport->send()
#7 /home/refmoohb/dev.esnadbusiness.com/vendor/laravel/framework/src/Illuminate/Mail/Mailer.php(542): Symfony\\Component\\Mailer\\Transport\\Smtp\\SmtpTransport->send()
#8 /home/refmoohb/dev.esnadbusiness.com/vendor/laravel/framework/src/Illuminate/Mail/Mailer.php(304): Illuminate\\Mail\\Mailer->sendSymfonyMessage()
#9 /home/refmoohb/dev.esnadbusiness.com/vendor/laravel/framework/src/Illuminate/Notifications/Channels/MailChannel.php(69): Illuminate\\Mail\\Mailer->send()
#10 /home/refmoohb/dev.esnadbusiness.com/vendor/laravel/framework/src/Illuminate/Notifications/NotificationSender.php(148): Illuminate\\Notifications\\Channels\\MailChannel->send()
#11 /home/refmoohb/dev.esnadbusiness.com/vendor/laravel/framework/src/Illuminate/Notifications/NotificationSender.php(106): Illuminate\\Notifications\\NotificationSender->sendToNotifiable()
#12 /home/refmoohb/dev.esnadbusiness.com/vendor/laravel/framework/src/Illuminate/Support/Traits/Localizable.php(29): Illuminate\\Notifications\\NotificationSender->Illuminate\\Notifications\\{closure}()
#13 /home/refmoohb/dev.esnadbusiness.com/vendor/laravel/framework/src/Illuminate/Notifications/NotificationSender.php(109): Illuminate\\Notifications\\NotificationSender->withLocale()
#14 /home/refmoohb/dev.esnadbusiness.com/vendor/laravel/framework/src/Illuminate/Notifications/ChannelManager.php(54): Illuminate\\Notifications\\NotificationSender->sendNow()
#15 /home/refmoohb/dev.esnadbusiness.com/vendor/laravel/framework/src/Illuminate/Notifications/SendQueuedNotifications.php(112): Illuminate\\Notifications\\ChannelManager->sendNow()
#16 /home/refmoohb/dev.esnadbusiness.com/vendor/laravel/framework/src/Illuminate/Container/BoundMethod.php(36): Illuminate\\Notifications\\SendQueuedNotifications->handle()
#17 /home/refmoohb/dev.esnadbusiness.com/vendor/laravel/framework/src/Illuminate/Container/Util.php(41): Illuminate\\Container\\BoundMethod::Illuminate\\Container\\{closure}()
#18 /home/refmoohb/dev.esnadbusiness.com/vendor/laravel/framework/src/Illuminate/Container/BoundMethod.php(93): Illuminate\\Container\\Util::unwrapIfClosure()
#19 /home/refmoohb/dev.esnadbusiness.com/vendor/laravel/framework/src/Illuminate/Container/BoundMethod.php(37): Illuminate\\Container\\BoundMethod::callBoundMethod()
#20 /home/refmoohb/dev.esnadbusiness.com/vendor/laravel/framework/src/Illuminate/Container/Container.php(662): Illuminate\\Container\\BoundMethod::call()
#21 /home/refmoohb/dev.esnadbusiness.com/vendor/laravel/framework/src/Illuminate/Bus/Dispatcher.php(128): Illuminate\\Container\\Container->call()
#22 /home/refmoohb/dev.esnadbusiness.com/vendor/laravel/framework/src/Illuminate/Pipeline/Pipeline.php(141): Illuminate\\Bus\\Dispatcher->Illuminate\\Bus\\{closure}()
#23 /home/refmoohb/dev.esnadbusiness.com/vendor/laravel/framework/src/Illuminate/Pipeline/Pipeline.php(116): Illuminate\\Pipeline\\Pipeline->Illuminate\\Pipeline\\{closure}()
#24 /home/refmoohb/dev.esnadbusiness.com/vendor/laravel/framework/src/Illuminate/Bus/Dispatcher.php(132): Illuminate\\Pipeline\\Pipeline->then()
#25 /home/refmoohb/dev.esnadbusiness.com/vendor/laravel/framework/src/Illuminate/Queue/CallQueuedHandler.php(124): Illuminate\\Bus\\Dispatcher->dispatchNow()
#26 /home/refmoohb/dev.esnadbusiness.com/vendor/laravel/framework/src/Illuminate/Pipeline/Pipeline.php(141): Illuminate\\Queue\\CallQueuedHandler->Illuminate\\Queue\\{closure}()
#27 /home/refmoohb/dev.esnadbusiness.com/vendor/laravel/framework/src/Illuminate/Pipeline/Pipeline.php(116): Illuminate\\Pipeline\\Pipeline->Illuminate\\Pipeline\\{closure}()
#28 /home/refmoohb/dev.esnadbusiness.com/vendor/laravel/framework/src/Illuminate/Queue/CallQueuedHandler.php(126): Illuminate\\Pipeline\\Pipeline->then()
#29 /home/refmoohb/dev.esnadbusiness.com/vendor/laravel/framework/src/Illuminate/Queue/CallQueuedHandler.php(70): Illuminate\\Queue\\CallQueuedHandler->dispatchThroughMiddleware()
#30 /home/refmoohb/dev.esnadbusiness.com/vendor/laravel/framework/src/Illuminate/Queue/Jobs/Job.php(98): Illuminate\\Queue\\CallQueuedHandler->call()
#31 /home/refmoohb/dev.esnadbusiness.com/vendor/laravel/framework/src/Illuminate/Queue/Worker.php(439): Illuminate\\Queue\\Jobs\\Job->fire()
#32 /home/refmoohb/dev.esnadbusiness.com/vendor/laravel/framework/src/Illuminate/Queue/Worker.php(389): Illuminate\\Queue\\Worker->process()
#33 /home/refmoohb/dev.esnadbusiness.com/vendor/laravel/framework/src/Illuminate/Queue/Worker.php(176): Illuminate\\Queue\\Worker->runJob()
#34 /home/refmoohb/dev.esnadbusiness.com/vendor/laravel/framework/src/Illuminate/Queue/Console/WorkCommand.php(138): Illuminate\\Queue\\Worker->daemon()
#35 /home/refmoohb/dev.esnadbusiness.com/vendor/laravel/framework/src/Illuminate/Queue/Console/WorkCommand.php(121): Illuminate\\Queue\\Console\\WorkCommand->runWorker()
#36 /home/refmoohb/dev.esnadbusiness.com/vendor/laravel/framework/src/Illuminate/Container/BoundMethod.php(36): Illuminate\\Queue\\Console\\WorkCommand->handle()
#37 /home/refmoohb/dev.esnadbusiness.com/vendor/laravel/framework/src/Illuminate/Container/Util.php(41): Illuminate\\Container\\BoundMethod::Illuminate\\Container\\{closure}()
#38 /home/refmoohb/dev.esnadbusiness.com/vendor/laravel/framework/src/Illuminate/Container/BoundMethod.php(93): Illuminate\\Container\\Util::unwrapIfClosure()
#39 /home/refmoohb/dev.esnadbusiness.com/vendor/laravel/framework/src/Illuminate/Container/BoundMethod.php(37): Illuminate\\Container\\BoundMethod::callBoundMethod()
#40 /home/refmoohb/dev.esnadbusiness.com/vendor/laravel/framework/src/Illuminate/Container/Container.php(662): Illuminate\\Container\\BoundMethod::call()
#41 /home/refmoohb/dev.esnadbusiness.com/vendor/laravel/framework/src/Illuminate/Console/Command.php(208): Illuminate\\Container\\Container->call()
#42 /home/refmoohb/dev.esnadbusiness.com/vendor/symfony/console/Command/Command.php(326): Illuminate\\Console\\Command->execute()
#43 /home/refmoohb/dev.esnadbusiness.com/vendor/laravel/framework/src/Illuminate/Console/Command.php(178): Symfony\\Component\\Console\\Command\\Command->run()
#44 /home/refmoohb/dev.esnadbusiness.com/vendor/symfony/console/Application.php(1081): Illuminate\\Console\\Command->run()
#45 /home/refmoohb/dev.esnadbusiness.com/vendor/symfony/console/Application.php(320): Symfony\\Component\\Console\\Application->doRunCommand()
#46 /home/refmoohb/dev.esnadbusiness.com/vendor/symfony/console/Application.php(174): Symfony\\Component\\Console\\Application->doRun()
#47 /home/refmoohb/dev.esnadbusiness.com/vendor/laravel/framework/src/Illuminate/Foundation/Console/Kernel.php(201): Symfony\\Component\\Console\\Application->run()
#48 /home/refmoohb/dev.esnadbusiness.com/artisan(37): Illuminate\\Foundation\\Console\\Kernel->handle()
#49 {main}
"} 
[2025-05-08 13:25:41] production.ERROR: Unable to rewrite key "name" in config, rewrite failed {"userId":1,"exception":"[object] (Exception(code: 0): Unable to rewrite key \"name\" in config, rewrite failed at /home/refmoohb/dev.esnadbusiness.com/vendor/edwardhendrix/laravel-config-writer/src/DataWriter/Rewrite.php:65)
[stacktrace]
#0 /home/refmoohb/dev.esnadbusiness.com/vendor/edwardhendrix/laravel-config-writer/src/DataWriter/FileWriter.php(60): October\\Rain\\Config\\DataWriter\\Rewrite->toContent()
#1 /home/refmoohb/dev.esnadbusiness.com/vendor/edwardhendrix/laravel-config-writer/src/Repository.php(41): October\\Rain\\Config\\DataWriter\\FileWriter->write()
#2 /home/refmoohb/dev.esnadbusiness.com/vendor/laravel/framework/src/Illuminate/Support/Facades/Facade.php(353): October\\Rain\\Config\\Repository->write()
#3 /home/refmoohb/dev.esnadbusiness.com/app/Http/Livewire/Admin/Settings/GeneralComponent.php(156): Illuminate\\Support\\Facades\\Facade::__callStatic()
#4 /home/refmoohb/dev.esnadbusiness.com/vendor/laravel/framework/src/Illuminate/Container/BoundMethod.php(36): App\\Http\\Livewire\\Admin\\Settings\\GeneralComponent->update()
#5 /home/refmoohb/dev.esnadbusiness.com/vendor/laravel/framework/src/Illuminate/Container/Util.php(41): Illuminate\\Container\\BoundMethod::Illuminate\\Container\\{closure}()
#6 /home/refmoohb/dev.esnadbusiness.com/vendor/laravel/framework/src/Illuminate/Container/BoundMethod.php(93): Illuminate\\Container\\Util::unwrapIfClosure()
#7 /home/refmoohb/dev.esnadbusiness.com/vendor/laravel/framework/src/Illuminate/Container/BoundMethod.php(37): Illuminate\\Container\\BoundMethod::callBoundMethod()
#8 /home/refmoohb/dev.esnadbusiness.com/vendor/livewire/livewire/src/ComponentConcerns/HandlesActions.php(149): Illuminate\\Container\\BoundMethod::call()
#9 /home/refmoohb/dev.esnadbusiness.com/vendor/livewire/livewire/src/HydrationMiddleware/PerformActionCalls.php(38): Livewire\\Component->callMethod()
#10 /home/refmoohb/dev.esnadbusiness.com/vendor/livewire/livewire/src/LifecycleManager.php(89): Livewire\\HydrationMiddleware\\PerformActionCalls::hydrate()
#11 /home/refmoohb/dev.esnadbusiness.com/vendor/livewire/livewire/src/Connection/ConnectionHandler.php(13): Livewire\\LifecycleManager->hydrate()
#12 /home/refmoohb/dev.esnadbusiness.com/vendor/livewire/livewire/src/Controllers/HttpConnectionHandler.php(21): Livewire\\Connection\\ConnectionHandler->handle()
#13 /home/refmoohb/dev.esnadbusiness.com/vendor/laravel/framework/src/Illuminate/Routing/ControllerDispatcher.php(46): Livewire\\Controllers\\HttpConnectionHandler->__invoke()
#14 /home/refmoohb/dev.esnadbusiness.com/vendor/laravel/framework/src/Illuminate/Routing/Route.php(260): Illuminate\\Routing\\ControllerDispatcher->dispatch()
#15 /home/refmoohb/dev.esnadbusiness.com/vendor/laravel/framework/src/Illuminate/Routing/Route.php(205): Illuminate\\Routing\\Route->runController()
#16 /home/refmoohb/dev.esnadbusiness.com/vendor/laravel/framework/src/Illuminate/Routing/Router.php(799): Illuminate\\Routing\\Route->run()
#17 /home/refmoohb/dev.esnadbusiness.com/vendor/laravel/framework/src/Illuminate/Pipeline/Pipeline.php(141): Illuminate\\Routing\\Router->Illuminate\\Routing\\{closure}()
#18 /home/refmoohb/dev.esnadbusiness.com/vendor/ralphjsmit/livewire-urls/src/Middleware/LivewireUrlsMiddleware.php(14): Illuminate\\Pipeline\\Pipeline->Illuminate\\Pipeline\\{closure}()
#19 /home/refmoohb/dev.esnadbusiness.com/vendor/laravel/framework/src/Illuminate/Pipeline/Pipeline.php(180): RalphJSmit\\Livewire\\Urls\\Middleware\\LivewireUrlsMiddleware->handle()
#20 /home/refmoohb/dev.esnadbusiness.com/app/Http/Middleware/XFrameHeaders.php(31): Illuminate\\Pipeline\\Pipeline->Illuminate\\Pipeline\\{closure}()
#21 /home/refmoohb/dev.esnadbusiness.com/vendor/laravel/framework/src/Illuminate/Pipeline/Pipeline.php(180): App\\Http\\Middleware\\XFrameHeaders->handle()
#22 /home/refmoohb/dev.esnadbusiness.com/app/Http/Middleware/UpgradeLevel.php(95): Illuminate\\Pipeline\\Pipeline->Illuminate\\Pipeline\\{closure}()
#23 /home/refmoohb/dev.esnadbusiness.com/vendor/laravel/framework/src/Illuminate/Pipeline/Pipeline.php(180): App\\Http\\Middleware\\UpgradeLevel->handle()
#24 /home/refmoohb/dev.esnadbusiness.com/app/Http/Middleware/UserLastActivity.php(25): Illuminate\\Pipeline\\Pipeline->Illuminate\\Pipeline\\{closure}()
#25 /home/refmoohb/dev.esnadbusiness.com/vendor/laravel/framework/src/Illuminate/Pipeline/Pipeline.php(180): App\\Http\\Middleware\\UserLastActivity->handle()
#26 /home/refmoohb/dev.esnadbusiness.com/app/Http/Middleware/SetLocale.php(65): Illuminate\\Pipeline\\Pipeline->Illuminate\\Pipeline\\{closure}()
#27 /home/refmoohb/dev.esnadbusiness.com/vendor/laravel/framework/src/Illuminate/Pipeline/Pipeline.php(180): App\\Http\\Middleware\\SetLocale->handle()
#28 /home/refmoohb/dev.esnadbusiness.com/vendor/laravel/framework/src/Illuminate/Routing/Middleware/SubstituteBindings.php(50): Illuminate\\Pipeline\\Pipeline->Illuminate\\Pipeline\\{closure}()
#29 /home/refmoohb/dev.esnadbusiness.com/vendor/laravel/framework/src/Illuminate/Pipeline/Pipeline.php(180): Illuminate\\Routing\\Middleware\\SubstituteBindings->handle()
#30 /home/refmoohb/dev.esnadbusiness.com/vendor/laravel/framework/src/Illuminate/Session/Middleware/AuthenticateSession.php(41): Illuminate\\Pipeline\\Pipeline->Illuminate\\Pipeline\\{closure}()
#31 /home/refmoohb/dev.esnadbusiness.com/vendor/laravel/framework/src/Illuminate/Pipeline/Pipeline.php(180): Illuminate\\Session\\Middleware\\AuthenticateSession->handle()
#32 /home/refmoohb/dev.esnadbusiness.com/vendor/laravel/framework/src/Illuminate/Foundation/Http/Middleware/VerifyCsrfToken.php(78): Illuminate\\Pipeline\\Pipeline->Illuminate\\Pipeline\\{closure}()
#33 /home/refmoohb/dev.esnadbusiness.com/app/Http/Middleware/VerifyCsrfToken.php(24): Illuminate\\Foundation\\Http\\Middleware\\VerifyCsrfToken->handle()
#34 /home/refmoohb/dev.esnadbusiness.com/vendor/laravel/framework/src/Illuminate/Pipeline/Pipeline.php(180): App\\Http\\Middleware\\VerifyCsrfToken->handle()
#35 /home/refmoohb/dev.esnadbusiness.com/vendor/laravel/framework/src/Illuminate/View/Middleware/ShareErrorsFromSession.php(49): Illuminate\\Pipeline\\Pipeline->Illuminate\\Pipeline\\{closure}()
#36 /home/refmoohb/dev.esnadbusiness.com/vendor/laravel/framework/src/Illuminate/Pipeline/Pipeline.php(180): Illuminate\\View\\Middleware\\ShareErrorsFromSession->handle()
#37 /home/refmoohb/dev.esnadbusiness.com/vendor/laravel/framework/src/Illuminate/Session/Middleware/StartSession.php(122): Illuminate\\Pipeline\\Pipeline->Illuminate\\Pipeline\\{closure}()
#38 /home/refmoohb/dev.esnadbusiness.com/vendor/laravel/framework/src/Illuminate/Session/Middleware/StartSession.php(65): Illuminate\\Session\\Middleware\\StartSession->handleStatefulRequest()
#39 /home/refmoohb/dev.esnadbusiness.com/vendor/laravel/framework/src/Illuminate/Pipeline/Pipeline.php(180): Illuminate\\Session\\Middleware\\StartSession->handle()
#40 /home/refmoohb/dev.esnadbusiness.com/vendor/laravel/framework/src/Illuminate/Cookie/Middleware/AddQueuedCookiesToResponse.php(37): Illuminate\\Pipeline\\Pipeline->Illuminate\\Pipeline\\{closure}()
#41 /home/refmoohb/dev.esnadbusiness.com/vendor/laravel/framework/src/Illuminate/Pipeline/Pipeline.php(180): Illuminate\\Cookie\\Middleware\\AddQueuedCookiesToResponse->handle()
#42 /home/refmoohb/dev.esnadbusiness.com/vendor/laravel/framework/src/Illuminate/Cookie/Middleware/EncryptCookies.php(67): Illuminate\\Pipeline\\Pipeline->Illuminate\\Pipeline\\{closure}()
#43 /home/refmoohb/dev.esnadbusiness.com/vendor/laravel/framework/src/Illuminate/Pipeline/Pipeline.php(180): Illuminate\\Cookie\\Middleware\\EncryptCookies->handle()
#44 /home/refmoohb/dev.esnadbusiness.com/vendor/laravel/framework/src/Illuminate/Pipeline/Pipeline.php(116): Illuminate\\Pipeline\\Pipeline->Illuminate\\Pipeline\\{closure}()
#45 /home/refmoohb/dev.esnadbusiness.com/vendor/laravel/framework/src/Illuminate/Routing/Router.php(800): Illuminate\\Pipeline\\Pipeline->then()
#46 /home/refmoohb/dev.esnadbusiness.com/vendor/laravel/framework/src/Illuminate/Routing/Router.php(777): Illuminate\\Routing\\Router->runRouteWithinStack()
#47 /home/refmoohb/dev.esnadbusiness.com/vendor/laravel/framework/src/Illuminate/Routing/Router.php(741): Illuminate\\Routing\\Router->runRoute()
#48 /home/refmoohb/dev.esnadbusiness.com/vendor/laravel/framework/src/Illuminate/Routing/Router.php(730): Illuminate\\Routing\\Router->dispatchToRoute()
#49 /home/refmoohb/dev.esnadbusiness.com/vendor/laravel/framework/src/Illuminate/Foundation/Http/Kernel.php(200): Illuminate\\Routing\\Router->dispatch()
#50 /home/refmoohb/dev.esnadbusiness.com/vendor/laravel/framework/src/Illuminate/Pipeline/Pipeline.php(141): Illuminate\\Foundation\\Http\\Kernel->Illuminate\\Foundation\\Http\\{closure}()
#51 /home/refmoohb/dev.esnadbusiness.com/vendor/lukeraymonddowning/honey/src/Http/Middleware/BlockSpammers.php(19): Illuminate\\Pipeline\\Pipeline->Illuminate\\Pipeline\\{closure}()
#52 /home/refmoohb/dev.esnadbusiness.com/vendor/laravel/framework/src/Illuminate/Pipeline/Pipeline.php(180): Lukeraymonddowning\\Honey\\Http\\Middleware\\BlockSpammers->handle()
#53 /home/refmoohb/dev.esnadbusiness.com/vendor/livewire/livewire/src/DisableBrowserCache.php(19): Illuminate\\Pipeline\\Pipeline->Illuminate\\Pipeline\\{closure}()
#54 /home/refmoohb/dev.esnadbusiness.com/vendor/laravel/framework/src/Illuminate/Pipeline/Pipeline.php(180): Livewire\\DisableBrowserCache->handle()
#55 /home/refmoohb/dev.esnadbusiness.com/vendor/barryvdh/laravel-debugbar/src/Middleware/InjectDebugbar.php(59): Illuminate\\Pipeline\\Pipeline->Illuminate\\Pipeline\\{closure}()
#56 /home/refmoohb/dev.esnadbusiness.com/vendor/laravel/framework/src/Illuminate/Pipeline/Pipeline.php(180): Barryvdh\\Debugbar\\Middleware\\InjectDebugbar->handle()
#57 /home/refmoohb/dev.esnadbusiness.com/vendor/laravel/framework/src/Illuminate/Foundation/Http/Middleware/ConvertEmptyStringsToNull.php(27): Illuminate\\Pipeline\\Pipeline->Illuminate\\Pipeline\\{closure}()
#58 /home/refmoohb/dev.esnadbusiness.com/vendor/laravel/framework/src/Illuminate/Pipeline/Pipeline.php(180): Illuminate\\Foundation\\Http\\Middleware\\ConvertEmptyStringsToNull->handle()
#59 /home/refmoohb/dev.esnadbusiness.com/vendor/laravel/framework/src/Illuminate/Foundation/Http/Middleware/TrimStrings.php(36): Illuminate\\Pipeline\\Pipeline->Illuminate\\Pipeline\\{closure}()
#60 /home/refmoohb/dev.esnadbusiness.com/vendor/laravel/framework/src/Illuminate/Pipeline/Pipeline.php(180): Illuminate\\Foundation\\Http\\Middleware\\TrimStrings->handle()
#61 /home/refmoohb/dev.esnadbusiness.com/vendor/laravel/framework/src/Illuminate/Foundation/Http/Middleware/ValidatePostSize.php(27): Illuminate\\Pipeline\\Pipeline->Illuminate\\Pipeline\\{closure}()
#62 /home/refmoohb/dev.esnadbusiness.com/vendor/laravel/framework/src/Illuminate/Pipeline/Pipeline.php(180): Illuminate\\Foundation\\Http\\Middleware\\ValidatePostSize->handle()
#63 /home/refmoohb/dev.esnadbusiness.com/vendor/laravel/framework/src/Illuminate/Foundation/Http/Middleware/PreventRequestsDuringMaintenance.php(86): Illuminate\\Pipeline\\Pipeline->Illuminate\\Pipeline\\{closure}()
#64 /home/refmoohb/dev.esnadbusiness.com/vendor/laravel/framework/src/Illuminate/Pipeline/Pipeline.php(180): Illuminate\\Foundation\\Http\\Middleware\\PreventRequestsDuringMaintenance->handle()
#65 /home/refmoohb/dev.esnadbusiness.com/vendor/laravel/framework/src/Illuminate/Http/Middleware/HandleCors.php(49): Illuminate\\Pipeline\\Pipeline->Illuminate\\Pipeline\\{closure}()
#66 /home/refmoohb/dev.esnadbusiness.com/vendor/laravel/framework/src/Illuminate/Pipeline/Pipeline.php(180): Illuminate\\Http\\Middleware\\HandleCors->handle()
#67 /home/refmoohb/dev.esnadbusiness.com/vendor/laravel/framework/src/Illuminate/Http/Middleware/TrustProxies.php(39): Illuminate\\Pipeline\\Pipeline->Illuminate\\Pipeline\\{closure}()
#68 /home/refmoohb/dev.esnadbusiness.com/vendor/laravel/framework/src/Illuminate/Pipeline/Pipeline.php(180): Illuminate\\Http\\Middleware\\TrustProxies->handle()
#69 /home/refmoohb/dev.esnadbusiness.com/vendor/laravel/framework/src/Illuminate/Pipeline/Pipeline.php(116): Illuminate\\Pipeline\\Pipeline->Illuminate\\Pipeline\\{closure}()
#70 /home/refmoohb/dev.esnadbusiness.com/vendor/laravel/framework/src/Illuminate/Foundation/Http/Kernel.php(175): Illuminate\\Pipeline\\Pipeline->then()
#71 /home/refmoohb/dev.esnadbusiness.com/vendor/laravel/framework/src/Illuminate/Foundation/Http/Kernel.php(144): Illuminate\\Foundation\\Http\\Kernel->sendRequestThroughRouter()
#72 /home/refmoohb/dev.esnadbusiness.com/index.php(53): Illuminate\\Foundation\\Http\\Kernel->handle()
#73 {main}
"} 
[2025-05-08 13:25:53] production.ERROR: Unable to rewrite key "name" in config, rewrite failed {"userId":1,"exception":"[object] (Exception(code: 0): Unable to rewrite key \"name\" in config, rewrite failed at /home/refmoohb/dev.esnadbusiness.com/vendor/edwardhendrix/laravel-config-writer/src/DataWriter/Rewrite.php:65)
[stacktrace]
#0 /home/refmoohb/dev.esnadbusiness.com/vendor/edwardhendrix/laravel-config-writer/src/DataWriter/FileWriter.php(60): October\\Rain\\Config\\DataWriter\\Rewrite->toContent()
#1 /home/refmoohb/dev.esnadbusiness.com/vendor/edwardhendrix/laravel-config-writer/src/Repository.php(41): October\\Rain\\Config\\DataWriter\\FileWriter->write()
#2 /home/refmoohb/dev.esnadbusiness.com/vendor/laravel/framework/src/Illuminate/Support/Facades/Facade.php(353): October\\Rain\\Config\\Repository->write()
#3 /home/refmoohb/dev.esnadbusiness.com/app/Http/Livewire/Admin/Settings/GeneralComponent.php(156): Illuminate\\Support\\Facades\\Facade::__callStatic()
#4 /home/refmoohb/dev.esnadbusiness.com/vendor/laravel/framework/src/Illuminate/Container/BoundMethod.php(36): App\\Http\\Livewire\\Admin\\Settings\\GeneralComponent->update()
#5 /home/refmoohb/dev.esnadbusiness.com/vendor/laravel/framework/src/Illuminate/Container/Util.php(41): Illuminate\\Container\\BoundMethod::Illuminate\\Container\\{closure}()
#6 /home/refmoohb/dev.esnadbusiness.com/vendor/laravel/framework/src/Illuminate/Container/BoundMethod.php(93): Illuminate\\Container\\Util::unwrapIfClosure()
#7 /home/refmoohb/dev.esnadbusiness.com/vendor/laravel/framework/src/Illuminate/Container/BoundMethod.php(37): Illuminate\\Container\\BoundMethod::callBoundMethod()
#8 /home/refmoohb/dev.esnadbusiness.com/vendor/livewire/livewire/src/ComponentConcerns/HandlesActions.php(149): Illuminate\\Container\\BoundMethod::call()
#9 /home/refmoohb/dev.esnadbusiness.com/vendor/livewire/livewire/src/HydrationMiddleware/PerformActionCalls.php(38): Livewire\\Component->callMethod()
#10 /home/refmoohb/dev.esnadbusiness.com/vendor/livewire/livewire/src/LifecycleManager.php(89): Livewire\\HydrationMiddleware\\PerformActionCalls::hydrate()
#11 /home/refmoohb/dev.esnadbusiness.com/vendor/livewire/livewire/src/Connection/ConnectionHandler.php(13): Livewire\\LifecycleManager->hydrate()
#12 /home/refmoohb/dev.esnadbusiness.com/vendor/livewire/livewire/src/Controllers/HttpConnectionHandler.php(21): Livewire\\Connection\\ConnectionHandler->handle()
#13 /home/refmoohb/dev.esnadbusiness.com/vendor/laravel/framework/src/Illuminate/Routing/ControllerDispatcher.php(46): Livewire\\Controllers\\HttpConnectionHandler->__invoke()
#14 /home/refmoohb/dev.esnadbusiness.com/vendor/laravel/framework/src/Illuminate/Routing/Route.php(260): Illuminate\\Routing\\ControllerDispatcher->dispatch()
#15 /home/refmoohb/dev.esnadbusiness.com/vendor/laravel/framework/src/Illuminate/Routing/Route.php(205): Illuminate\\Routing\\Route->runController()
#16 /home/refmoohb/dev.esnadbusiness.com/vendor/laravel/framework/src/Illuminate/Routing/Router.php(799): Illuminate\\Routing\\Route->run()
#17 /home/refmoohb/dev.esnadbusiness.com/vendor/laravel/framework/src/Illuminate/Pipeline/Pipeline.php(141): Illuminate\\Routing\\Router->Illuminate\\Routing\\{closure}()
#18 /home/refmoohb/dev.esnadbusiness.com/vendor/ralphjsmit/livewire-urls/src/Middleware/LivewireUrlsMiddleware.php(14): Illuminate\\Pipeline\\Pipeline->Illuminate\\Pipeline\\{closure}()
#19 /home/refmoohb/dev.esnadbusiness.com/vendor/laravel/framework/src/Illuminate/Pipeline/Pipeline.php(180): RalphJSmit\\Livewire\\Urls\\Middleware\\LivewireUrlsMiddleware->handle()
#20 /home/refmoohb/dev.esnadbusiness.com/app/Http/Middleware/XFrameHeaders.php(31): Illuminate\\Pipeline\\Pipeline->Illuminate\\Pipeline\\{closure}()
#21 /home/refmoohb/dev.esnadbusiness.com/vendor/laravel/framework/src/Illuminate/Pipeline/Pipeline.php(180): App\\Http\\Middleware\\XFrameHeaders->handle()
#22 /home/refmoohb/dev.esnadbusiness.com/app/Http/Middleware/UpgradeLevel.php(95): Illuminate\\Pipeline\\Pipeline->Illuminate\\Pipeline\\{closure}()
#23 /home/refmoohb/dev.esnadbusiness.com/vendor/laravel/framework/src/Illuminate/Pipeline/Pipeline.php(180): App\\Http\\Middleware\\UpgradeLevel->handle()
#24 /home/refmoohb/dev.esnadbusiness.com/app/Http/Middleware/UserLastActivity.php(25): Illuminate\\Pipeline\\Pipeline->Illuminate\\Pipeline\\{closure}()
#25 /home/refmoohb/dev.esnadbusiness.com/vendor/laravel/framework/src/Illuminate/Pipeline/Pipeline.php(180): App\\Http\\Middleware\\UserLastActivity->handle()
#26 /home/refmoohb/dev.esnadbusiness.com/app/Http/Middleware/SetLocale.php(65): Illuminate\\Pipeline\\Pipeline->Illuminate\\Pipeline\\{closure}()
#27 /home/refmoohb/dev.esnadbusiness.com/vendor/laravel/framework/src/Illuminate/Pipeline/Pipeline.php(180): App\\Http\\Middleware\\SetLocale->handle()
#28 /home/refmoohb/dev.esnadbusiness.com/vendor/laravel/framework/src/Illuminate/Routing/Middleware/SubstituteBindings.php(50): Illuminate\\Pipeline\\Pipeline->Illuminate\\Pipeline\\{closure}()
#29 /home/refmoohb/dev.esnadbusiness.com/vendor/laravel/framework/src/Illuminate/Pipeline/Pipeline.php(180): Illuminate\\Routing\\Middleware\\SubstituteBindings->handle()
#30 /home/refmoohb/dev.esnadbusiness.com/vendor/laravel/framework/src/Illuminate/Session/Middleware/AuthenticateSession.php(41): Illuminate\\Pipeline\\Pipeline->Illuminate\\Pipeline\\{closure}()
#31 /home/refmoohb/dev.esnadbusiness.com/vendor/laravel/framework/src/Illuminate/Pipeline/Pipeline.php(180): Illuminate\\Session\\Middleware\\AuthenticateSession->handle()
#32 /home/refmoohb/dev.esnadbusiness.com/vendor/laravel/framework/src/Illuminate/Foundation/Http/Middleware/VerifyCsrfToken.php(78): Illuminate\\Pipeline\\Pipeline->Illuminate\\Pipeline\\{closure}()
#33 /home/refmoohb/dev.esnadbusiness.com/app/Http/Middleware/VerifyCsrfToken.php(24): Illuminate\\Foundation\\Http\\Middleware\\VerifyCsrfToken->handle()
#34 /home/refmoohb/dev.esnadbusiness.com/vendor/laravel/framework/src/Illuminate/Pipeline/Pipeline.php(180): App\\Http\\Middleware\\VerifyCsrfToken->handle()
#35 /home/refmoohb/dev.esnadbusiness.com/vendor/laravel/framework/src/Illuminate/View/Middleware/ShareErrorsFromSession.php(49): Illuminate\\Pipeline\\Pipeline->Illuminate\\Pipeline\\{closure}()
#36 /home/refmoohb/dev.esnadbusiness.com/vendor/laravel/framework/src/Illuminate/Pipeline/Pipeline.php(180): Illuminate\\View\\Middleware\\ShareErrorsFromSession->handle()
#37 /home/refmoohb/dev.esnadbusiness.com/vendor/laravel/framework/src/Illuminate/Session/Middleware/StartSession.php(122): Illuminate\\Pipeline\\Pipeline->Illuminate\\Pipeline\\{closure}()
#38 /home/refmoohb/dev.esnadbusiness.com/vendor/laravel/framework/src/Illuminate/Session/Middleware/StartSession.php(65): Illuminate\\Session\\Middleware\\StartSession->handleStatefulRequest()
#39 /home/refmoohb/dev.esnadbusiness.com/vendor/laravel/framework/src/Illuminate/Pipeline/Pipeline.php(180): Illuminate\\Session\\Middleware\\StartSession->handle()
#40 /home/refmoohb/dev.esnadbusiness.com/vendor/laravel/framework/src/Illuminate/Cookie/Middleware/AddQueuedCookiesToResponse.php(37): Illuminate\\Pipeline\\Pipeline->Illuminate\\Pipeline\\{closure}()
#41 /home/refmoohb/dev.esnadbusiness.com/vendor/laravel/framework/src/Illuminate/Pipeline/Pipeline.php(180): Illuminate\\Cookie\\Middleware\\AddQueuedCookiesToResponse->handle()
#42 /home/refmoohb/dev.esnadbusiness.com/vendor/laravel/framework/src/Illuminate/Cookie/Middleware/EncryptCookies.php(67): Illuminate\\Pipeline\\Pipeline->Illuminate\\Pipeline\\{closure}()
#43 /home/refmoohb/dev.esnadbusiness.com/vendor/laravel/framework/src/Illuminate/Pipeline/Pipeline.php(180): Illuminate\\Cookie\\Middleware\\EncryptCookies->handle()
#44 /home/refmoohb/dev.esnadbusiness.com/vendor/laravel/framework/src/Illuminate/Pipeline/Pipeline.php(116): Illuminate\\Pipeline\\Pipeline->Illuminate\\Pipeline\\{closure}()
#45 /home/refmoohb/dev.esnadbusiness.com/vendor/laravel/framework/src/Illuminate/Routing/Router.php(800): Illuminate\\Pipeline\\Pipeline->then()
#46 /home/refmoohb/dev.esnadbusiness.com/vendor/laravel/framework/src/Illuminate/Routing/Router.php(777): Illuminate\\Routing\\Router->runRouteWithinStack()
#47 /home/refmoohb/dev.esnadbusiness.com/vendor/laravel/framework/src/Illuminate/Routing/Router.php(741): Illuminate\\Routing\\Router->runRoute()
#48 /home/refmoohb/dev.esnadbusiness.com/vendor/laravel/framework/src/Illuminate/Routing/Router.php(730): Illuminate\\Routing\\Router->dispatchToRoute()
#49 /home/refmoohb/dev.esnadbusiness.com/vendor/laravel/framework/src/Illuminate/Foundation/Http/Kernel.php(200): Illuminate\\Routing\\Router->dispatch()
#50 /home/refmoohb/dev.esnadbusiness.com/vendor/laravel/framework/src/Illuminate/Pipeline/Pipeline.php(141): Illuminate\\Foundation\\Http\\Kernel->Illuminate\\Foundation\\Http\\{closure}()
#51 /home/refmoohb/dev.esnadbusiness.com/vendor/lukeraymonddowning/honey/src/Http/Middleware/BlockSpammers.php(19): Illuminate\\Pipeline\\Pipeline->Illuminate\\Pipeline\\{closure}()
#52 /home/refmoohb/dev.esnadbusiness.com/vendor/laravel/framework/src/Illuminate/Pipeline/Pipeline.php(180): Lukeraymonddowning\\Honey\\Http\\Middleware\\BlockSpammers->handle()
#53 /home/refmoohb/dev.esnadbusiness.com/vendor/livewire/livewire/src/DisableBrowserCache.php(19): Illuminate\\Pipeline\\Pipeline->Illuminate\\Pipeline\\{closure}()
#54 /home/refmoohb/dev.esnadbusiness.com/vendor/laravel/framework/src/Illuminate/Pipeline/Pipeline.php(180): Livewire\\DisableBrowserCache->handle()
#55 /home/refmoohb/dev.esnadbusiness.com/vendor/barryvdh/laravel-debugbar/src/Middleware/InjectDebugbar.php(59): Illuminate\\Pipeline\\Pipeline->Illuminate\\Pipeline\\{closure}()
#56 /home/refmoohb/dev.esnadbusiness.com/vendor/laravel/framework/src/Illuminate/Pipeline/Pipeline.php(180): Barryvdh\\Debugbar\\Middleware\\InjectDebugbar->handle()
#57 /home/refmoohb/dev.esnadbusiness.com/vendor/laravel/framework/src/Illuminate/Foundation/Http/Middleware/ConvertEmptyStringsToNull.php(27): Illuminate\\Pipeline\\Pipeline->Illuminate\\Pipeline\\{closure}()
#58 /home/refmoohb/dev.esnadbusiness.com/vendor/laravel/framework/src/Illuminate/Pipeline/Pipeline.php(180): Illuminate\\Foundation\\Http\\Middleware\\ConvertEmptyStringsToNull->handle()
#59 /home/refmoohb/dev.esnadbusiness.com/vendor/laravel/framework/src/Illuminate/Foundation/Http/Middleware/TrimStrings.php(36): Illuminate\\Pipeline\\Pipeline->Illuminate\\Pipeline\\{closure}()
#60 /home/refmoohb/dev.esnadbusiness.com/vendor/laravel/framework/src/Illuminate/Pipeline/Pipeline.php(180): Illuminate\\Foundation\\Http\\Middleware\\TrimStrings->handle()
#61 /home/refmoohb/dev.esnadbusiness.com/vendor/laravel/framework/src/Illuminate/Foundation/Http/Middleware/ValidatePostSize.php(27): Illuminate\\Pipeline\\Pipeline->Illuminate\\Pipeline\\{closure}()
#62 /home/refmoohb/dev.esnadbusiness.com/vendor/laravel/framework/src/Illuminate/Pipeline/Pipeline.php(180): Illuminate\\Foundation\\Http\\Middleware\\ValidatePostSize->handle()
#63 /home/refmoohb/dev.esnadbusiness.com/vendor/laravel/framework/src/Illuminate/Foundation/Http/Middleware/PreventRequestsDuringMaintenance.php(86): Illuminate\\Pipeline\\Pipeline->Illuminate\\Pipeline\\{closure}()
#64 /home/refmoohb/dev.esnadbusiness.com/vendor/laravel/framework/src/Illuminate/Pipeline/Pipeline.php(180): Illuminate\\Foundation\\Http\\Middleware\\PreventRequestsDuringMaintenance->handle()
#65 /home/refmoohb/dev.esnadbusiness.com/vendor/laravel/framework/src/Illuminate/Http/Middleware/HandleCors.php(49): Illuminate\\Pipeline\\Pipeline->Illuminate\\Pipeline\\{closure}()
#66 /home/refmoohb/dev.esnadbusiness.com/vendor/laravel/framework/src/Illuminate/Pipeline/Pipeline.php(180): Illuminate\\Http\\Middleware\\HandleCors->handle()
#67 /home/refmoohb/dev.esnadbusiness.com/vendor/laravel/framework/src/Illuminate/Http/Middleware/TrustProxies.php(39): Illuminate\\Pipeline\\Pipeline->Illuminate\\Pipeline\\{closure}()
#68 /home/refmoohb/dev.esnadbusiness.com/vendor/laravel/framework/src/Illuminate/Pipeline/Pipeline.php(180): Illuminate\\Http\\Middleware\\TrustProxies->handle()
#69 /home/refmoohb/dev.esnadbusiness.com/vendor/laravel/framework/src/Illuminate/Pipeline/Pipeline.php(116): Illuminate\\Pipeline\\Pipeline->Illuminate\\Pipeline\\{closure}()
#70 /home/refmoohb/dev.esnadbusiness.com/vendor/laravel/framework/src/Illuminate/Foundation/Http/Kernel.php(175): Illuminate\\Pipeline\\Pipeline->then()
#71 /home/refmoohb/dev.esnadbusiness.com/vendor/laravel/framework/src/Illuminate/Foundation/Http/Kernel.php(144): Illuminate\\Foundation\\Http\\Kernel->sendRequestThroughRouter()
#72 /home/refmoohb/dev.esnadbusiness.com/index.php(53): Illuminate\\Foundation\\Http\\Kernel->handle()
#73 {main}
"} 
[2025-05-08 13:29:23] production.ERROR: Unable to rewrite key "name" in config, rewrite failed {"userId":1,"exception":"[object] (Exception(code: 0): Unable to rewrite key \"name\" in config, rewrite failed at /home/refmoohb/dev.esnadbusiness.com/vendor/edwardhendrix/laravel-config-writer/src/DataWriter/Rewrite.php:65)
[stacktrace]
#0 /home/refmoohb/dev.esnadbusiness.com/vendor/edwardhendrix/laravel-config-writer/src/DataWriter/FileWriter.php(60): October\\Rain\\Config\\DataWriter\\Rewrite->toContent()
#1 /home/refmoohb/dev.esnadbusiness.com/vendor/edwardhendrix/laravel-config-writer/src/Repository.php(41): October\\Rain\\Config\\DataWriter\\FileWriter->write()
#2 /home/refmoohb/dev.esnadbusiness.com/vendor/laravel/framework/src/Illuminate/Support/Facades/Facade.php(353): October\\Rain\\Config\\Repository->write()
#3 /home/refmoohb/dev.esnadbusiness.com/app/Http/Livewire/Admin/Settings/GeneralComponent.php(156): Illuminate\\Support\\Facades\\Facade::__callStatic()
#4 /home/refmoohb/dev.esnadbusiness.com/vendor/laravel/framework/src/Illuminate/Container/BoundMethod.php(36): App\\Http\\Livewire\\Admin\\Settings\\GeneralComponent->update()
#5 /home/refmoohb/dev.esnadbusiness.com/vendor/laravel/framework/src/Illuminate/Container/Util.php(41): Illuminate\\Container\\BoundMethod::Illuminate\\Container\\{closure}()
#6 /home/refmoohb/dev.esnadbusiness.com/vendor/laravel/framework/src/Illuminate/Container/BoundMethod.php(93): Illuminate\\Container\\Util::unwrapIfClosure()
#7 /home/refmoohb/dev.esnadbusiness.com/vendor/laravel/framework/src/Illuminate/Container/BoundMethod.php(37): Illuminate\\Container\\BoundMethod::callBoundMethod()
#8 /home/refmoohb/dev.esnadbusiness.com/vendor/livewire/livewire/src/ComponentConcerns/HandlesActions.php(149): Illuminate\\Container\\BoundMethod::call()
#9 /home/refmoohb/dev.esnadbusiness.com/vendor/livewire/livewire/src/HydrationMiddleware/PerformActionCalls.php(38): Livewire\\Component->callMethod()
#10 /home/refmoohb/dev.esnadbusiness.com/vendor/livewire/livewire/src/LifecycleManager.php(89): Livewire\\HydrationMiddleware\\PerformActionCalls::hydrate()
#11 /home/refmoohb/dev.esnadbusiness.com/vendor/livewire/livewire/src/Connection/ConnectionHandler.php(13): Livewire\\LifecycleManager->hydrate()
#12 /home/refmoohb/dev.esnadbusiness.com/vendor/livewire/livewire/src/Controllers/HttpConnectionHandler.php(21): Livewire\\Connection\\ConnectionHandler->handle()
#13 /home/refmoohb/dev.esnadbusiness.com/vendor/laravel/framework/src/Illuminate/Routing/ControllerDispatcher.php(46): Livewire\\Controllers\\HttpConnectionHandler->__invoke()
#14 /home/refmoohb/dev.esnadbusiness.com/vendor/laravel/framework/src/Illuminate/Routing/Route.php(260): Illuminate\\Routing\\ControllerDispatcher->dispatch()
#15 /home/refmoohb/dev.esnadbusiness.com/vendor/laravel/framework/src/Illuminate/Routing/Route.php(205): Illuminate\\Routing\\Route->runController()
#16 /home/refmoohb/dev.esnadbusiness.com/vendor/laravel/framework/src/Illuminate/Routing/Router.php(799): Illuminate\\Routing\\Route->run()
#17 /home/refmoohb/dev.esnadbusiness.com/vendor/laravel/framework/src/Illuminate/Pipeline/Pipeline.php(141): Illuminate\\Routing\\Router->Illuminate\\Routing\\{closure}()
#18 /home/refmoohb/dev.esnadbusiness.com/vendor/ralphjsmit/livewire-urls/src/Middleware/LivewireUrlsMiddleware.php(14): Illuminate\\Pipeline\\Pipeline->Illuminate\\Pipeline\\{closure}()
#19 /home/refmoohb/dev.esnadbusiness.com/vendor/laravel/framework/src/Illuminate/Pipeline/Pipeline.php(180): RalphJSmit\\Livewire\\Urls\\Middleware\\LivewireUrlsMiddleware->handle()
#20 /home/refmoohb/dev.esnadbusiness.com/app/Http/Middleware/XFrameHeaders.php(31): Illuminate\\Pipeline\\Pipeline->Illuminate\\Pipeline\\{closure}()
#21 /home/refmoohb/dev.esnadbusiness.com/vendor/laravel/framework/src/Illuminate/Pipeline/Pipeline.php(180): App\\Http\\Middleware\\XFrameHeaders->handle()
#22 /home/refmoohb/dev.esnadbusiness.com/app/Http/Middleware/UpgradeLevel.php(95): Illuminate\\Pipeline\\Pipeline->Illuminate\\Pipeline\\{closure}()
#23 /home/refmoohb/dev.esnadbusiness.com/vendor/laravel/framework/src/Illuminate/Pipeline/Pipeline.php(180): App\\Http\\Middleware\\UpgradeLevel->handle()
#24 /home/refmoohb/dev.esnadbusiness.com/app/Http/Middleware/UserLastActivity.php(25): Illuminate\\Pipeline\\Pipeline->Illuminate\\Pipeline\\{closure}()
#25 /home/refmoohb/dev.esnadbusiness.com/vendor/laravel/framework/src/Illuminate/Pipeline/Pipeline.php(180): App\\Http\\Middleware\\UserLastActivity->handle()
#26 /home/refmoohb/dev.esnadbusiness.com/app/Http/Middleware/SetLocale.php(65): Illuminate\\Pipeline\\Pipeline->Illuminate\\Pipeline\\{closure}()
#27 /home/refmoohb/dev.esnadbusiness.com/vendor/laravel/framework/src/Illuminate/Pipeline/Pipeline.php(180): App\\Http\\Middleware\\SetLocale->handle()
#28 /home/refmoohb/dev.esnadbusiness.com/vendor/laravel/framework/src/Illuminate/Routing/Middleware/SubstituteBindings.php(50): Illuminate\\Pipeline\\Pipeline->Illuminate\\Pipeline\\{closure}()
#29 /home/refmoohb/dev.esnadbusiness.com/vendor/laravel/framework/src/Illuminate/Pipeline/Pipeline.php(180): Illuminate\\Routing\\Middleware\\SubstituteBindings->handle()
#30 /home/refmoohb/dev.esnadbusiness.com/vendor/laravel/framework/src/Illuminate/Session/Middleware/AuthenticateSession.php(41): Illuminate\\Pipeline\\Pipeline->Illuminate\\Pipeline\\{closure}()
#31 /home/refmoohb/dev.esnadbusiness.com/vendor/laravel/framework/src/Illuminate/Pipeline/Pipeline.php(180): Illuminate\\Session\\Middleware\\AuthenticateSession->handle()
#32 /home/refmoohb/dev.esnadbusiness.com/vendor/laravel/framework/src/Illuminate/Foundation/Http/Middleware/VerifyCsrfToken.php(78): Illuminate\\Pipeline\\Pipeline->Illuminate\\Pipeline\\{closure}()
#33 /home/refmoohb/dev.esnadbusiness.com/app/Http/Middleware/VerifyCsrfToken.php(24): Illuminate\\Foundation\\Http\\Middleware\\VerifyCsrfToken->handle()
#34 /home/refmoohb/dev.esnadbusiness.com/vendor/laravel/framework/src/Illuminate/Pipeline/Pipeline.php(180): App\\Http\\Middleware\\VerifyCsrfToken->handle()
#35 /home/refmoohb/dev.esnadbusiness.com/vendor/laravel/framework/src/Illuminate/View/Middleware/ShareErrorsFromSession.php(49): Illuminate\\Pipeline\\Pipeline->Illuminate\\Pipeline\\{closure}()
#36 /home/refmoohb/dev.esnadbusiness.com/vendor/laravel/framework/src/Illuminate/Pipeline/Pipeline.php(180): Illuminate\\View\\Middleware\\ShareErrorsFromSession->handle()
#37 /home/refmoohb/dev.esnadbusiness.com/vendor/laravel/framework/src/Illuminate/Session/Middleware/StartSession.php(122): Illuminate\\Pipeline\\Pipeline->Illuminate\\Pipeline\\{closure}()
#38 /home/refmoohb/dev.esnadbusiness.com/vendor/laravel/framework/src/Illuminate/Session/Middleware/StartSession.php(65): Illuminate\\Session\\Middleware\\StartSession->handleStatefulRequest()
#39 /home/refmoohb/dev.esnadbusiness.com/vendor/laravel/framework/src/Illuminate/Pipeline/Pipeline.php(180): Illuminate\\Session\\Middleware\\StartSession->handle()
#40 /home/refmoohb/dev.esnadbusiness.com/vendor/laravel/framework/src/Illuminate/Cookie/Middleware/AddQueuedCookiesToResponse.php(37): Illuminate\\Pipeline\\Pipeline->Illuminate\\Pipeline\\{closure}()
#41 /home/refmoohb/dev.esnadbusiness.com/vendor/laravel/framework/src/Illuminate/Pipeline/Pipeline.php(180): Illuminate\\Cookie\\Middleware\\AddQueuedCookiesToResponse->handle()
#42 /home/refmoohb/dev.esnadbusiness.com/vendor/laravel/framework/src/Illuminate/Cookie/Middleware/EncryptCookies.php(67): Illuminate\\Pipeline\\Pipeline->Illuminate\\Pipeline\\{closure}()
#43 /home/refmoohb/dev.esnadbusiness.com/vendor/laravel/framework/src/Illuminate/Pipeline/Pipeline.php(180): Illuminate\\Cookie\\Middleware\\EncryptCookies->handle()
#44 /home/refmoohb/dev.esnadbusiness.com/vendor/laravel/framework/src/Illuminate/Pipeline/Pipeline.php(116): Illuminate\\Pipeline\\Pipeline->Illuminate\\Pipeline\\{closure}()
#45 /home/refmoohb/dev.esnadbusiness.com/vendor/laravel/framework/src/Illuminate/Routing/Router.php(800): Illuminate\\Pipeline\\Pipeline->then()
#46 /home/refmoohb/dev.esnadbusiness.com/vendor/laravel/framework/src/Illuminate/Routing/Router.php(777): Illuminate\\Routing\\Router->runRouteWithinStack()
#47 /home/refmoohb/dev.esnadbusiness.com/vendor/laravel/framework/src/Illuminate/Routing/Router.php(741): Illuminate\\Routing\\Router->runRoute()
#48 /home/refmoohb/dev.esnadbusiness.com/vendor/laravel/framework/src/Illuminate/Routing/Router.php(730): Illuminate\\Routing\\Router->dispatchToRoute()
#49 /home/refmoohb/dev.esnadbusiness.com/vendor/laravel/framework/src/Illuminate/Foundation/Http/Kernel.php(200): Illuminate\\Routing\\Router->dispatch()
#50 /home/refmoohb/dev.esnadbusiness.com/vendor/laravel/framework/src/Illuminate/Pipeline/Pipeline.php(141): Illuminate\\Foundation\\Http\\Kernel->Illuminate\\Foundation\\Http\\{closure}()
#51 /home/refmoohb/dev.esnadbusiness.com/vendor/lukeraymonddowning/honey/src/Http/Middleware/BlockSpammers.php(19): Illuminate\\Pipeline\\Pipeline->Illuminate\\Pipeline\\{closure}()
#52 /home/refmoohb/dev.esnadbusiness.com/vendor/laravel/framework/src/Illuminate/Pipeline/Pipeline.php(180): Lukeraymonddowning\\Honey\\Http\\Middleware\\BlockSpammers->handle()
#53 /home/refmoohb/dev.esnadbusiness.com/vendor/livewire/livewire/src/DisableBrowserCache.php(19): Illuminate\\Pipeline\\Pipeline->Illuminate\\Pipeline\\{closure}()
#54 /home/refmoohb/dev.esnadbusiness.com/vendor/laravel/framework/src/Illuminate/Pipeline/Pipeline.php(180): Livewire\\DisableBrowserCache->handle()
#55 /home/refmoohb/dev.esnadbusiness.com/vendor/barryvdh/laravel-debugbar/src/Middleware/InjectDebugbar.php(59): Illuminate\\Pipeline\\Pipeline->Illuminate\\Pipeline\\{closure}()
#56 /home/refmoohb/dev.esnadbusiness.com/vendor/laravel/framework/src/Illuminate/Pipeline/Pipeline.php(180): Barryvdh\\Debugbar\\Middleware\\InjectDebugbar->handle()
#57 /home/refmoohb/dev.esnadbusiness.com/vendor/laravel/framework/src/Illuminate/Foundation/Http/Middleware/ConvertEmptyStringsToNull.php(27): Illuminate\\Pipeline\\Pipeline->Illuminate\\Pipeline\\{closure}()
#58 /home/refmoohb/dev.esnadbusiness.com/vendor/laravel/framework/src/Illuminate/Pipeline/Pipeline.php(180): Illuminate\\Foundation\\Http\\Middleware\\ConvertEmptyStringsToNull->handle()
#59 /home/refmoohb/dev.esnadbusiness.com/vendor/laravel/framework/src/Illuminate/Foundation/Http/Middleware/TrimStrings.php(36): Illuminate\\Pipeline\\Pipeline->Illuminate\\Pipeline\\{closure}()
#60 /home/refmoohb/dev.esnadbusiness.com/vendor/laravel/framework/src/Illuminate/Pipeline/Pipeline.php(180): Illuminate\\Foundation\\Http\\Middleware\\TrimStrings->handle()
#61 /home/refmoohb/dev.esnadbusiness.com/vendor/laravel/framework/src/Illuminate/Foundation/Http/Middleware/ValidatePostSize.php(27): Illuminate\\Pipeline\\Pipeline->Illuminate\\Pipeline\\{closure}()
#62 /home/refmoohb/dev.esnadbusiness.com/vendor/laravel/framework/src/Illuminate/Pipeline/Pipeline.php(180): Illuminate\\Foundation\\Http\\Middleware\\ValidatePostSize->handle()
#63 /home/refmoohb/dev.esnadbusiness.com/vendor/laravel/framework/src/Illuminate/Foundation/Http/Middleware/PreventRequestsDuringMaintenance.php(86): Illuminate\\Pipeline\\Pipeline->Illuminate\\Pipeline\\{closure}()
#64 /home/refmoohb/dev.esnadbusiness.com/vendor/laravel/framework/src/Illuminate/Pipeline/Pipeline.php(180): Illuminate\\Foundation\\Http\\Middleware\\PreventRequestsDuringMaintenance->handle()
#65 /home/refmoohb/dev.esnadbusiness.com/vendor/laravel/framework/src/Illuminate/Http/Middleware/HandleCors.php(49): Illuminate\\Pipeline\\Pipeline->Illuminate\\Pipeline\\{closure}()
#66 /home/refmoohb/dev.esnadbusiness.com/vendor/laravel/framework/src/Illuminate/Pipeline/Pipeline.php(180): Illuminate\\Http\\Middleware\\HandleCors->handle()
#67 /home/refmoohb/dev.esnadbusiness.com/vendor/laravel/framework/src/Illuminate/Http/Middleware/TrustProxies.php(39): Illuminate\\Pipeline\\Pipeline->Illuminate\\Pipeline\\{closure}()
#68 /home/refmoohb/dev.esnadbusiness.com/vendor/laravel/framework/src/Illuminate/Pipeline/Pipeline.php(180): Illuminate\\Http\\Middleware\\TrustProxies->handle()
#69 /home/refmoohb/dev.esnadbusiness.com/vendor/laravel/framework/src/Illuminate/Pipeline/Pipeline.php(116): Illuminate\\Pipeline\\Pipeline->Illuminate\\Pipeline\\{closure}()
#70 /home/refmoohb/dev.esnadbusiness.com/vendor/laravel/framework/src/Illuminate/Foundation/Http/Kernel.php(175): Illuminate\\Pipeline\\Pipeline->then()
#71 /home/refmoohb/dev.esnadbusiness.com/vendor/laravel/framework/src/Illuminate/Foundation/Http/Kernel.php(144): Illuminate\\Foundation\\Http\\Kernel->sendRequestThroughRouter()
#72 /home/refmoohb/dev.esnadbusiness.com/index.php(53): Illuminate\\Foundation\\Http\\Kernel->handle()
#73 {main}
"} 
[2025-05-08 15:37:28] production.ERROR: Received HTTP status code [400] with message "{"errors":[{"code":215,"message":"Bad Authentication data."}]}" when getting temporary credentials. {"exception":"[object] (League\\OAuth1\\Client\\Credentials\\CredentialsException(code: 0): Received HTTP status code [400] with message \"{\"errors\":[{\"code\":215,\"message\":\"Bad Authentication data.\"}]}\" when getting temporary credentials. at /home/refmoohb/dev.esnadbusiness.com/vendor/league/oauth1-client/src/Server/Server.php:446)
[stacktrace]
#0 /home/refmoohb/dev.esnadbusiness.com/vendor/league/oauth1-client/src/Server/Server.php(105): League\\OAuth1\\Client\\Server\\Server->handleTemporaryCredentialsBadResponse()
#1 /home/refmoohb/dev.esnadbusiness.com/vendor/laravel/socialite/src/One/AbstractProvider.php(55): League\\OAuth1\\Client\\Server\\Server->getTemporaryCredentials()
#2 /home/refmoohb/dev.esnadbusiness.com/app/Http/Livewire/Main/Auth/Social/Twitter/RedirectComponent.php(47): Laravel\\Socialite\\One\\AbstractProvider->redirect()
#3 /home/refmoohb/dev.esnadbusiness.com/vendor/laravel/framework/src/Illuminate/Container/BoundMethod.php(36): App\\Http\\Livewire\\Main\\Auth\\Social\\Twitter\\RedirectComponent->mount()
#4 /home/refmoohb/dev.esnadbusiness.com/vendor/laravel/framework/src/Illuminate/Container/Util.php(41): Illuminate\\Container\\BoundMethod::Illuminate\\Container\\{closure}()
#5 /home/refmoohb/dev.esnadbusiness.com/vendor/laravel/framework/src/Illuminate/Container/BoundMethod.php(93): Illuminate\\Container\\Util::unwrapIfClosure()
#6 /home/refmoohb/dev.esnadbusiness.com/vendor/laravel/framework/src/Illuminate/Container/BoundMethod.php(37): Illuminate\\Container\\BoundMethod::callBoundMethod()
#7 /home/refmoohb/dev.esnadbusiness.com/vendor/livewire/livewire/src/LifecycleManager.php(114): Illuminate\\Container\\BoundMethod::call()
#8 /home/refmoohb/dev.esnadbusiness.com/vendor/livewire/livewire/src/Component.php(71): Livewire\\LifecycleManager->mount()
#9 /home/refmoohb/dev.esnadbusiness.com/vendor/laravel/framework/src/Illuminate/Routing/ControllerDispatcher.php(46): Livewire\\Component->__invoke()
#10 /home/refmoohb/dev.esnadbusiness.com/vendor/laravel/framework/src/Illuminate/Routing/Route.php(260): Illuminate\\Routing\\ControllerDispatcher->dispatch()
#11 /home/refmoohb/dev.esnadbusiness.com/vendor/laravel/framework/src/Illuminate/Routing/Route.php(205): Illuminate\\Routing\\Route->runController()
#12 /home/refmoohb/dev.esnadbusiness.com/vendor/laravel/framework/src/Illuminate/Routing/Router.php(799): Illuminate\\Routing\\Route->run()
#13 /home/refmoohb/dev.esnadbusiness.com/vendor/laravel/framework/src/Illuminate/Pipeline/Pipeline.php(141): Illuminate\\Routing\\Router->Illuminate\\Routing\\{closure}()
#14 /home/refmoohb/dev.esnadbusiness.com/app/Http/Middleware/RedirectIfAuthenticated.php(38): Illuminate\\Pipeline\\Pipeline->Illuminate\\Pipeline\\{closure}()
#15 /home/refmoohb/dev.esnadbusiness.com/vendor/laravel/framework/src/Illuminate/Pipeline/Pipeline.php(180): App\\Http\\Middleware\\RedirectIfAuthenticated->handle()
#16 /home/refmoohb/dev.esnadbusiness.com/vendor/ralphjsmit/livewire-urls/src/Middleware/LivewireUrlsMiddleware.php(32): Illuminate\\Pipeline\\Pipeline->Illuminate\\Pipeline\\{closure}()
#17 /home/refmoohb/dev.esnadbusiness.com/vendor/laravel/framework/src/Illuminate/Pipeline/Pipeline.php(180): RalphJSmit\\Livewire\\Urls\\Middleware\\LivewireUrlsMiddleware->handle()
#18 /home/refmoohb/dev.esnadbusiness.com/app/Http/Middleware/XFrameHeaders.php(31): Illuminate\\Pipeline\\Pipeline->Illuminate\\Pipeline\\{closure}()
#19 /home/refmoohb/dev.esnadbusiness.com/vendor/laravel/framework/src/Illuminate/Pipeline/Pipeline.php(180): App\\Http\\Middleware\\XFrameHeaders->handle()
#20 /home/refmoohb/dev.esnadbusiness.com/app/Http/Middleware/UpgradeLevel.php(95): Illuminate\\Pipeline\\Pipeline->Illuminate\\Pipeline\\{closure}()
#21 /home/refmoohb/dev.esnadbusiness.com/vendor/laravel/framework/src/Illuminate/Pipeline/Pipeline.php(180): App\\Http\\Middleware\\UpgradeLevel->handle()
#22 /home/refmoohb/dev.esnadbusiness.com/app/Http/Middleware/UserLastActivity.php(25): Illuminate\\Pipeline\\Pipeline->Illuminate\\Pipeline\\{closure}()
#23 /home/refmoohb/dev.esnadbusiness.com/vendor/laravel/framework/src/Illuminate/Pipeline/Pipeline.php(180): App\\Http\\Middleware\\UserLastActivity->handle()
#24 /home/refmoohb/dev.esnadbusiness.com/app/Http/Middleware/SetLocale.php(65): Illuminate\\Pipeline\\Pipeline->Illuminate\\Pipeline\\{closure}()
#25 /home/refmoohb/dev.esnadbusiness.com/vendor/laravel/framework/src/Illuminate/Pipeline/Pipeline.php(180): App\\Http\\Middleware\\SetLocale->handle()
#26 /home/refmoohb/dev.esnadbusiness.com/vendor/laravel/framework/src/Illuminate/Routing/Middleware/SubstituteBindings.php(50): Illuminate\\Pipeline\\Pipeline->Illuminate\\Pipeline\\{closure}()
#27 /home/refmoohb/dev.esnadbusiness.com/vendor/laravel/framework/src/Illuminate/Pipeline/Pipeline.php(180): Illuminate\\Routing\\Middleware\\SubstituteBindings->handle()
#28 /home/refmoohb/dev.esnadbusiness.com/vendor/laravel/framework/src/Illuminate/Session/Middleware/AuthenticateSession.php(41): Illuminate\\Pipeline\\Pipeline->Illuminate\\Pipeline\\{closure}()
#29 /home/refmoohb/dev.esnadbusiness.com/vendor/laravel/framework/src/Illuminate/Pipeline/Pipeline.php(180): Illuminate\\Session\\Middleware\\AuthenticateSession->handle()
#30 /home/refmoohb/dev.esnadbusiness.com/vendor/laravel/framework/src/Illuminate/Foundation/Http/Middleware/VerifyCsrfToken.php(78): Illuminate\\Pipeline\\Pipeline->Illuminate\\Pipeline\\{closure}()
#31 /home/refmoohb/dev.esnadbusiness.com/app/Http/Middleware/VerifyCsrfToken.php(24): Illuminate\\Foundation\\Http\\Middleware\\VerifyCsrfToken->handle()
#32 /home/refmoohb/dev.esnadbusiness.com/vendor/laravel/framework/src/Illuminate/Pipeline/Pipeline.php(180): App\\Http\\Middleware\\VerifyCsrfToken->handle()
#33 /home/refmoohb/dev.esnadbusiness.com/vendor/laravel/framework/src/Illuminate/View/Middleware/ShareErrorsFromSession.php(49): Illuminate\\Pipeline\\Pipeline->Illuminate\\Pipeline\\{closure}()
#34 /home/refmoohb/dev.esnadbusiness.com/vendor/laravel/framework/src/Illuminate/Pipeline/Pipeline.php(180): Illuminate\\View\\Middleware\\ShareErrorsFromSession->handle()
#35 /home/refmoohb/dev.esnadbusiness.com/vendor/laravel/framework/src/Illuminate/Session/Middleware/StartSession.php(122): Illuminate\\Pipeline\\Pipeline->Illuminate\\Pipeline\\{closure}()
#36 /home/refmoohb/dev.esnadbusiness.com/vendor/laravel/framework/src/Illuminate/Session/Middleware/StartSession.php(65): Illuminate\\Session\\Middleware\\StartSession->handleStatefulRequest()
#37 /home/refmoohb/dev.esnadbusiness.com/vendor/laravel/framework/src/Illuminate/Pipeline/Pipeline.php(180): Illuminate\\Session\\Middleware\\StartSession->handle()
#38 /home/refmoohb/dev.esnadbusiness.com/vendor/laravel/framework/src/Illuminate/Cookie/Middleware/AddQueuedCookiesToResponse.php(37): Illuminate\\Pipeline\\Pipeline->Illuminate\\Pipeline\\{closure}()
#39 /home/refmoohb/dev.esnadbusiness.com/vendor/laravel/framework/src/Illuminate/Pipeline/Pipeline.php(180): Illuminate\\Cookie\\Middleware\\AddQueuedCookiesToResponse->handle()
#40 /home/refmoohb/dev.esnadbusiness.com/vendor/laravel/framework/src/Illuminate/Cookie/Middleware/EncryptCookies.php(67): Illuminate\\Pipeline\\Pipeline->Illuminate\\Pipeline\\{closure}()
#41 /home/refmoohb/dev.esnadbusiness.com/vendor/laravel/framework/src/Illuminate/Pipeline/Pipeline.php(180): Illuminate\\Cookie\\Middleware\\EncryptCookies->handle()
#42 /home/refmoohb/dev.esnadbusiness.com/vendor/laravel/framework/src/Illuminate/Pipeline/Pipeline.php(116): Illuminate\\Pipeline\\Pipeline->Illuminate\\Pipeline\\{closure}()
#43 /home/refmoohb/dev.esnadbusiness.com/vendor/laravel/framework/src/Illuminate/Routing/Router.php(800): Illuminate\\Pipeline\\Pipeline->then()
#44 /home/refmoohb/dev.esnadbusiness.com/vendor/laravel/framework/src/Illuminate/Routing/Router.php(777): Illuminate\\Routing\\Router->runRouteWithinStack()
#45 /home/refmoohb/dev.esnadbusiness.com/vendor/laravel/framework/src/Illuminate/Routing/Router.php(741): Illuminate\\Routing\\Router->runRoute()
#46 /home/refmoohb/dev.esnadbusiness.com/vendor/laravel/framework/src/Illuminate/Routing/Router.php(730): Illuminate\\Routing\\Router->dispatchToRoute()
#47 /home/refmoohb/dev.esnadbusiness.com/vendor/laravel/framework/src/Illuminate/Foundation/Http/Kernel.php(200): Illuminate\\Routing\\Router->dispatch()
#48 /home/refmoohb/dev.esnadbusiness.com/vendor/laravel/framework/src/Illuminate/Pipeline/Pipeline.php(141): Illuminate\\Foundation\\Http\\Kernel->Illuminate\\Foundation\\Http\\{closure}()
#49 /home/refmoohb/dev.esnadbusiness.com/vendor/lukeraymonddowning/honey/src/Http/Middleware/BlockSpammers.php(19): Illuminate\\Pipeline\\Pipeline->Illuminate\\Pipeline\\{closure}()
#50 /home/refmoohb/dev.esnadbusiness.com/vendor/laravel/framework/src/Illuminate/Pipeline/Pipeline.php(180): Lukeraymonddowning\\Honey\\Http\\Middleware\\BlockSpammers->handle()
#51 /home/refmoohb/dev.esnadbusiness.com/vendor/livewire/livewire/src/DisableBrowserCache.php(19): Illuminate\\Pipeline\\Pipeline->Illuminate\\Pipeline\\{closure}()
#52 /home/refmoohb/dev.esnadbusiness.com/vendor/laravel/framework/src/Illuminate/Pipeline/Pipeline.php(180): Livewire\\DisableBrowserCache->handle()
#53 /home/refmoohb/dev.esnadbusiness.com/vendor/barryvdh/laravel-debugbar/src/Middleware/InjectDebugbar.php(59): Illuminate\\Pipeline\\Pipeline->Illuminate\\Pipeline\\{closure}()
#54 /home/refmoohb/dev.esnadbusiness.com/vendor/laravel/framework/src/Illuminate/Pipeline/Pipeline.php(180): Barryvdh\\Debugbar\\Middleware\\InjectDebugbar->handle()
#55 /home/refmoohb/dev.esnadbusiness.com/vendor/laravel/framework/src/Illuminate/Foundation/Http/Middleware/TransformsRequest.php(21): Illuminate\\Pipeline\\Pipeline->Illuminate\\Pipeline\\{closure}()
#56 /home/refmoohb/dev.esnadbusiness.com/vendor/laravel/framework/src/Illuminate/Foundation/Http/Middleware/ConvertEmptyStringsToNull.php(31): Illuminate\\Foundation\\Http\\Middleware\\TransformsRequest->handle()
#57 /home/refmoohb/dev.esnadbusiness.com/vendor/laravel/framework/src/Illuminate/Pipeline/Pipeline.php(180): Illuminate\\Foundation\\Http\\Middleware\\ConvertEmptyStringsToNull->handle()
#58 /home/refmoohb/dev.esnadbusiness.com/vendor/laravel/framework/src/Illuminate/Foundation/Http/Middleware/TransformsRequest.php(21): Illuminate\\Pipeline\\Pipeline->Illuminate\\Pipeline\\{closure}()
#59 /home/refmoohb/dev.esnadbusiness.com/vendor/laravel/framework/src/Illuminate/Foundation/Http/Middleware/TrimStrings.php(40): Illuminate\\Foundation\\Http\\Middleware\\TransformsRequest->handle()
#60 /home/refmoohb/dev.esnadbusiness.com/vendor/laravel/framework/src/Illuminate/Pipeline/Pipeline.php(180): Illuminate\\Foundation\\Http\\Middleware\\TrimStrings->handle()
#61 /home/refmoohb/dev.esnadbusiness.com/vendor/laravel/framework/src/Illuminate/Foundation/Http/Middleware/ValidatePostSize.php(27): Illuminate\\Pipeline\\Pipeline->Illuminate\\Pipeline\\{closure}()
#62 /home/refmoohb/dev.esnadbusiness.com/vendor/laravel/framework/src/Illuminate/Pipeline/Pipeline.php(180): Illuminate\\Foundation\\Http\\Middleware\\ValidatePostSize->handle()
#63 /home/refmoohb/dev.esnadbusiness.com/vendor/laravel/framework/src/Illuminate/Foundation/Http/Middleware/PreventRequestsDuringMaintenance.php(86): Illuminate\\Pipeline\\Pipeline->Illuminate\\Pipeline\\{closure}()
#64 /home/refmoohb/dev.esnadbusiness.com/vendor/laravel/framework/src/Illuminate/Pipeline/Pipeline.php(180): Illuminate\\Foundation\\Http\\Middleware\\PreventRequestsDuringMaintenance->handle()
#65 /home/refmoohb/dev.esnadbusiness.com/vendor/laravel/framework/src/Illuminate/Http/Middleware/HandleCors.php(49): Illuminate\\Pipeline\\Pipeline->Illuminate\\Pipeline\\{closure}()
#66 /home/refmoohb/dev.esnadbusiness.com/vendor/laravel/framework/src/Illuminate/Pipeline/Pipeline.php(180): Illuminate\\Http\\Middleware\\HandleCors->handle()
#67 /home/refmoohb/dev.esnadbusiness.com/vendor/laravel/framework/src/Illuminate/Http/Middleware/TrustProxies.php(39): Illuminate\\Pipeline\\Pipeline->Illuminate\\Pipeline\\{closure}()
#68 /home/refmoohb/dev.esnadbusiness.com/vendor/laravel/framework/src/Illuminate/Pipeline/Pipeline.php(180): Illuminate\\Http\\Middleware\\TrustProxies->handle()
#69 /home/refmoohb/dev.esnadbusiness.com/vendor/laravel/framework/src/Illuminate/Pipeline/Pipeline.php(116): Illuminate\\Pipeline\\Pipeline->Illuminate\\Pipeline\\{closure}()
#70 /home/refmoohb/dev.esnadbusiness.com/vendor/laravel/framework/src/Illuminate/Foundation/Http/Kernel.php(175): Illuminate\\Pipeline\\Pipeline->then()
#71 /home/refmoohb/dev.esnadbusiness.com/vendor/laravel/framework/src/Illuminate/Foundation/Http/Kernel.php(144): Illuminate\\Foundation\\Http\\Kernel->sendRequestThroughRouter()
#72 /home/refmoohb/dev.esnadbusiness.com/index.php(53): Illuminate\\Foundation\\Http\\Kernel->handle()
#73 {main}
"} 
[2025-05-08 21:00:18] production.DEBUG: ErrorException: Undefined array key "category" in /home/refmoohb/dev.esnadbusiness.com/app/Jobs/Main/Service/Track.php:93
Stack trace:
#0 /home/refmoohb/dev.esnadbusiness.com/vendor/laravel/framework/src/Illuminate/Foundation/Bootstrap/HandleExceptions.php(254): Illuminate\Foundation\Bootstrap\HandleExceptions->handleError()
#1 /home/refmoohb/dev.esnadbusiness.com/app/Jobs/Main/Service/Track.php(93): Illuminate\Foundation\Bootstrap\HandleExceptions->Illuminate\Foundation\Bootstrap\{closure}()
#2 /home/refmoohb/dev.esnadbusiness.com/vendor/laravel/framework/src/Illuminate/Container/BoundMethod.php(36): App\Jobs\Main\Service\Track->handle()
#3 /home/refmoohb/dev.esnadbusiness.com/vendor/laravel/framework/src/Illuminate/Container/Util.php(41): Illuminate\Container\BoundMethod::Illuminate\Container\{closure}()
#4 /home/refmoohb/dev.esnadbusiness.com/vendor/laravel/framework/src/Illuminate/Container/BoundMethod.php(93): Illuminate\Container\Util::unwrapIfClosure()
#5 /home/refmoohb/dev.esnadbusiness.com/vendor/laravel/framework/src/Illuminate/Container/BoundMethod.php(37): Illuminate\Container\BoundMethod::callBoundMethod()
#6 /home/refmoohb/dev.esnadbusiness.com/vendor/laravel/framework/src/Illuminate/Container/Container.php(662): Illuminate\Container\BoundMethod::call()
#7 /home/refmoohb/dev.esnadbusiness.com/vendor/laravel/framework/src/Illuminate/Bus/Dispatcher.php(128): Illuminate\Container\Container->call()
#8 /home/refmoohb/dev.esnadbusiness.com/vendor/laravel/framework/src/Illuminate/Pipeline/Pipeline.php(141): Illuminate\Bus\Dispatcher->Illuminate\Bus\{closure}()
#9 /home/refmoohb/dev.esnadbusiness.com/vendor/laravel/framework/src/Illuminate/Pipeline/Pipeline.php(116): Illuminate\Pipeline\Pipeline->Illuminate\Pipeline\{closure}()
#10 /home/refmoohb/dev.esnadbusiness.com/vendor/laravel/framework/src/Illuminate/Bus/Dispatcher.php(132): Illuminate\Pipeline\Pipeline->then()
#11 /home/refmoohb/dev.esnadbusiness.com/vendor/laravel/framework/src/Illuminate/Queue/CallQueuedHandler.php(124): Illuminate\Bus\Dispatcher->dispatchNow()
#12 /home/refmoohb/dev.esnadbusiness.com/vendor/laravel/framework/src/Illuminate/Pipeline/Pipeline.php(141): Illuminate\Queue\CallQueuedHandler->Illuminate\Queue\{closure}()
#13 /home/refmoohb/dev.esnadbusiness.com/vendor/laravel/framework/src/Illuminate/Pipeline/Pipeline.php(116): Illuminate\Pipeline\Pipeline->Illuminate\Pipeline\{closure}()
#14 /home/refmoohb/dev.esnadbusiness.com/vendor/laravel/framework/src/Illuminate/Queue/CallQueuedHandler.php(126): Illuminate\Pipeline\Pipeline->then()
#15 /home/refmoohb/dev.esnadbusiness.com/vendor/laravel/framework/src/Illuminate/Queue/CallQueuedHandler.php(70): Illuminate\Queue\CallQueuedHandler->dispatchThroughMiddleware()
#16 /home/refmoohb/dev.esnadbusiness.com/vendor/laravel/framework/src/Illuminate/Queue/Jobs/Job.php(98): Illuminate\Queue\CallQueuedHandler->call()
#17 /home/refmoohb/dev.esnadbusiness.com/vendor/laravel/framework/src/Illuminate/Queue/Worker.php(439): Illuminate\Queue\Jobs\Job->fire()
#18 /home/refmoohb/dev.esnadbusiness.com/vendor/laravel/framework/src/Illuminate/Queue/Worker.php(389): Illuminate\Queue\Worker->process()
#19 /home/refmoohb/dev.esnadbusiness.com/vendor/laravel/framework/src/Illuminate/Queue/Worker.php(176): Illuminate\Queue\Worker->runJob()
#20 /home/refmoohb/dev.esnadbusiness.com/vendor/laravel/framework/src/Illuminate/Queue/Console/WorkCommand.php(138): Illuminate\Queue\Worker->daemon()
#21 /home/refmoohb/dev.esnadbusiness.com/vendor/laravel/framework/src/Illuminate/Queue/Console/WorkCommand.php(121): Illuminate\Queue\Console\WorkCommand->runWorker()
#22 /home/refmoohb/dev.esnadbusiness.com/vendor/laravel/framework/src/Illuminate/Container/BoundMethod.php(36): Illuminate\Queue\Console\WorkCommand->handle()
#23 /home/refmoohb/dev.esnadbusiness.com/vendor/laravel/framework/src/Illuminate/Container/Util.php(41): Illuminate\Container\BoundMethod::Illuminate\Container\{closure}()
#24 /home/refmoohb/dev.esnadbusiness.com/vendor/laravel/framework/src/Illuminate/Container/BoundMethod.php(93): Illuminate\Container\Util::unwrapIfClosure()
#25 /home/refmoohb/dev.esnadbusiness.com/vendor/laravel/framework/src/Illuminate/Container/BoundMethod.php(37): Illuminate\Container\BoundMethod::callBoundMethod()
#26 /home/refmoohb/dev.esnadbusiness.com/vendor/laravel/framework/src/Illuminate/Container/Container.php(662): Illuminate\Container\BoundMethod::call()
#27 /home/refmoohb/dev.esnadbusiness.com/vendor/laravel/framework/src/Illuminate/Console/Command.php(208): Illuminate\Container\Container->call()
#28 /home/refmoohb/dev.esnadbusiness.com/vendor/symfony/console/Command/Command.php(326): Illuminate\Console\Command->execute()
#29 /home/refmoohb/dev.esnadbusiness.com/vendor/laravel/framework/src/Illuminate/Console/Command.php(178): Symfony\Component\Console\Command\Command->run()
#30 /home/refmoohb/dev.esnadbusiness.com/vendor/symfony/console/Application.php(1081): Illuminate\Console\Command->run()
#31 /home/refmoohb/dev.esnadbusiness.com/vendor/symfony/console/Application.php(320): Symfony\Component\Console\Application->doRunCommand()
#32 /home/refmoohb/dev.esnadbusiness.com/vendor/symfony/console/Application.php(174): Symfony\Component\Console\Application->doRun()
#33 /home/refmoohb/dev.esnadbusiness.com/vendor/laravel/framework/src/Illuminate/Foundation/Console/Kernel.php(201): Symfony\Component\Console\Application->run()
#34 /home/refmoohb/dev.esnadbusiness.com/artisan(37): Illuminate\Foundation\Console\Kernel->handle()
#35 {main}  
