[2025-05-18 00:03:21] production.ERROR: Unable to rewrite key "name" in config, rewrite failed {"userId":1,"exception":"[object] (Exception(code: 0): Unable to rewrite key \"name\" in config, rewrite failed at /home/refmoohb/dev.esnadbusiness.com/vendor/edwardhendrix/laravel-config-writer/src/DataWriter/Rewrite.php:65)
[stacktrace]
#0 /home/refmoohb/dev.esnadbusiness.com/vendor/edwardhendrix/laravel-config-writer/src/DataWriter/FileWriter.php(60): October\\Rain\\Config\\DataWriter\\Rewrite->toContent()
#1 /home/refmoohb/dev.esnadbusiness.com/vendor/edwardhendrix/laravel-config-writer/src/Repository.php(41): October\\Rain\\Config\\DataWriter\\FileWriter->write()
#2 /home/refmoohb/dev.esnadbusiness.com/vendor/laravel/framework/src/Illuminate/Support/Facades/Facade.php(353): October\\Rain\\Config\\Repository->write()
#3 /home/refmoohb/dev.esnadbusiness.com/app/Http/Livewire/Admin/Settings/GeneralComponent.php(156): Illuminate\\Support\\Facades\\Facade::__callStatic()
#4 /home/refmoohb/dev.esnadbusiness.com/vendor/laravel/framework/src/Illuminate/Container/BoundMethod.php(36): App\\Http\\Livewire\\Admin\\Settings\\GeneralComponent->update()
#5 /home/refmoohb/dev.esnadbusiness.com/vendor/laravel/framework/src/Illuminate/Container/Util.php(41): Illuminate\\Container\\BoundMethod::Illuminate\\Container\\{closure}()
#6 /home/refmoohb/dev.esnadbusiness.com/vendor/laravel/framework/src/Illuminate/Container/BoundMethod.php(93): Illuminate\\Container\\Util::unwrapIfClosure()
#7 /home/refmoohb/dev.esnadbusiness.com/vendor/laravel/framework/src/Illuminate/Container/BoundMethod.php(37): Illuminate\\Container\\BoundMethod::callBoundMethod()
#8 /home/refmoohb/dev.esnadbusiness.com/vendor/livewire/livewire/src/ComponentConcerns/HandlesActions.php(149): Illuminate\\Container\\BoundMethod::call()
#9 /home/refmoohb/dev.esnadbusiness.com/vendor/livewire/livewire/src/HydrationMiddleware/PerformActionCalls.php(38): Livewire\\Component->callMethod()
#10 /home/refmoohb/dev.esnadbusiness.com/vendor/livewire/livewire/src/LifecycleManager.php(89): Livewire\\HydrationMiddleware\\PerformActionCalls::hydrate()
#11 /home/refmoohb/dev.esnadbusiness.com/vendor/livewire/livewire/src/Connection/ConnectionHandler.php(13): Livewire\\LifecycleManager->hydrate()
#12 /home/refmoohb/dev.esnadbusiness.com/vendor/livewire/livewire/src/Controllers/HttpConnectionHandler.php(21): Livewire\\Connection\\ConnectionHandler->handle()
#13 /home/refmoohb/dev.esnadbusiness.com/vendor/laravel/framework/src/Illuminate/Routing/ControllerDispatcher.php(46): Livewire\\Controllers\\HttpConnectionHandler->__invoke()
#14 /home/refmoohb/dev.esnadbusiness.com/vendor/laravel/framework/src/Illuminate/Routing/Route.php(260): Illuminate\\Routing\\ControllerDispatcher->dispatch()
#15 /home/refmoohb/dev.esnadbusiness.com/vendor/laravel/framework/src/Illuminate/Routing/Route.php(205): Illuminate\\Routing\\Route->runController()
#16 /home/refmoohb/dev.esnadbusiness.com/vendor/laravel/framework/src/Illuminate/Routing/Router.php(799): Illuminate\\Routing\\Route->run()
#17 /home/refmoohb/dev.esnadbusiness.com/vendor/laravel/framework/src/Illuminate/Pipeline/Pipeline.php(141): Illuminate\\Routing\\Router->Illuminate\\Routing\\{closure}()
#18 /home/refmoohb/dev.esnadbusiness.com/vendor/ralphjsmit/livewire-urls/src/Middleware/LivewireUrlsMiddleware.php(14): Illuminate\\Pipeline\\Pipeline->Illuminate\\Pipeline\\{closure}()
#19 /home/refmoohb/dev.esnadbusiness.com/vendor/laravel/framework/src/Illuminate/Pipeline/Pipeline.php(180): RalphJSmit\\Livewire\\Urls\\Middleware\\LivewireUrlsMiddleware->handle()
#20 /home/refmoohb/dev.esnadbusiness.com/app/Http/Middleware/XFrameHeaders.php(31): Illuminate\\Pipeline\\Pipeline->Illuminate\\Pipeline\\{closure}()
#21 /home/refmoohb/dev.esnadbusiness.com/vendor/laravel/framework/src/Illuminate/Pipeline/Pipeline.php(180): App\\Http\\Middleware\\XFrameHeaders->handle()
#22 /home/refmoohb/dev.esnadbusiness.com/app/Http/Middleware/UpgradeLevel.php(95): Illuminate\\Pipeline\\Pipeline->Illuminate\\Pipeline\\{closure}()
#23 /home/refmoohb/dev.esnadbusiness.com/vendor/laravel/framework/src/Illuminate/Pipeline/Pipeline.php(180): App\\Http\\Middleware\\UpgradeLevel->handle()
#24 /home/refmoohb/dev.esnadbusiness.com/app/Http/Middleware/UserLastActivity.php(25): Illuminate\\Pipeline\\Pipeline->Illuminate\\Pipeline\\{closure}()
#25 /home/refmoohb/dev.esnadbusiness.com/vendor/laravel/framework/src/Illuminate/Pipeline/Pipeline.php(180): App\\Http\\Middleware\\UserLastActivity->handle()
#26 /home/refmoohb/dev.esnadbusiness.com/app/Http/Middleware/SetLocale.php(65): Illuminate\\Pipeline\\Pipeline->Illuminate\\Pipeline\\{closure}()
#27 /home/refmoohb/dev.esnadbusiness.com/vendor/laravel/framework/src/Illuminate/Pipeline/Pipeline.php(180): App\\Http\\Middleware\\SetLocale->handle()
#28 /home/refmoohb/dev.esnadbusiness.com/vendor/laravel/framework/src/Illuminate/Routing/Middleware/SubstituteBindings.php(50): Illuminate\\Pipeline\\Pipeline->Illuminate\\Pipeline\\{closure}()
#29 /home/refmoohb/dev.esnadbusiness.com/vendor/laravel/framework/src/Illuminate/Pipeline/Pipeline.php(180): Illuminate\\Routing\\Middleware\\SubstituteBindings->handle()
#30 /home/refmoohb/dev.esnadbusiness.com/vendor/laravel/framework/src/Illuminate/Session/Middleware/AuthenticateSession.php(41): Illuminate\\Pipeline\\Pipeline->Illuminate\\Pipeline\\{closure}()
#31 /home/refmoohb/dev.esnadbusiness.com/vendor/laravel/framework/src/Illuminate/Pipeline/Pipeline.php(180): Illuminate\\Session\\Middleware\\AuthenticateSession->handle()
#32 /home/refmoohb/dev.esnadbusiness.com/vendor/laravel/framework/src/Illuminate/Foundation/Http/Middleware/VerifyCsrfToken.php(78): Illuminate\\Pipeline\\Pipeline->Illuminate\\Pipeline\\{closure}()
#33 /home/refmoohb/dev.esnadbusiness.com/app/Http/Middleware/VerifyCsrfToken.php(24): Illuminate\\Foundation\\Http\\Middleware\\VerifyCsrfToken->handle()
#34 /home/refmoohb/dev.esnadbusiness.com/vendor/laravel/framework/src/Illuminate/Pipeline/Pipeline.php(180): App\\Http\\Middleware\\VerifyCsrfToken->handle()
#35 /home/refmoohb/dev.esnadbusiness.com/vendor/laravel/framework/src/Illuminate/View/Middleware/ShareErrorsFromSession.php(49): Illuminate\\Pipeline\\Pipeline->Illuminate\\Pipeline\\{closure}()
#36 /home/refmoohb/dev.esnadbusiness.com/vendor/laravel/framework/src/Illuminate/Pipeline/Pipeline.php(180): Illuminate\\View\\Middleware\\ShareErrorsFromSession->handle()
#37 /home/refmoohb/dev.esnadbusiness.com/vendor/laravel/framework/src/Illuminate/Session/Middleware/StartSession.php(122): Illuminate\\Pipeline\\Pipeline->Illuminate\\Pipeline\\{closure}()
#38 /home/refmoohb/dev.esnadbusiness.com/vendor/laravel/framework/src/Illuminate/Session/Middleware/StartSession.php(65): Illuminate\\Session\\Middleware\\StartSession->handleStatefulRequest()
#39 /home/refmoohb/dev.esnadbusiness.com/vendor/laravel/framework/src/Illuminate/Pipeline/Pipeline.php(180): Illuminate\\Session\\Middleware\\StartSession->handle()
#40 /home/refmoohb/dev.esnadbusiness.com/vendor/laravel/framework/src/Illuminate/Cookie/Middleware/AddQueuedCookiesToResponse.php(37): Illuminate\\Pipeline\\Pipeline->Illuminate\\Pipeline\\{closure}()
#41 /home/refmoohb/dev.esnadbusiness.com/vendor/laravel/framework/src/Illuminate/Pipeline/Pipeline.php(180): Illuminate\\Cookie\\Middleware\\AddQueuedCookiesToResponse->handle()
#42 /home/refmoohb/dev.esnadbusiness.com/vendor/laravel/framework/src/Illuminate/Cookie/Middleware/EncryptCookies.php(67): Illuminate\\Pipeline\\Pipeline->Illuminate\\Pipeline\\{closure}()
#43 /home/refmoohb/dev.esnadbusiness.com/vendor/laravel/framework/src/Illuminate/Pipeline/Pipeline.php(180): Illuminate\\Cookie\\Middleware\\EncryptCookies->handle()
#44 /home/refmoohb/dev.esnadbusiness.com/vendor/laravel/framework/src/Illuminate/Pipeline/Pipeline.php(116): Illuminate\\Pipeline\\Pipeline->Illuminate\\Pipeline\\{closure}()
#45 /home/refmoohb/dev.esnadbusiness.com/vendor/laravel/framework/src/Illuminate/Routing/Router.php(800): Illuminate\\Pipeline\\Pipeline->then()
#46 /home/refmoohb/dev.esnadbusiness.com/vendor/laravel/framework/src/Illuminate/Routing/Router.php(777): Illuminate\\Routing\\Router->runRouteWithinStack()
#47 /home/refmoohb/dev.esnadbusiness.com/vendor/laravel/framework/src/Illuminate/Routing/Router.php(741): Illuminate\\Routing\\Router->runRoute()
#48 /home/refmoohb/dev.esnadbusiness.com/vendor/laravel/framework/src/Illuminate/Routing/Router.php(730): Illuminate\\Routing\\Router->dispatchToRoute()
#49 /home/refmoohb/dev.esnadbusiness.com/vendor/laravel/framework/src/Illuminate/Foundation/Http/Kernel.php(200): Illuminate\\Routing\\Router->dispatch()
#50 /home/refmoohb/dev.esnadbusiness.com/vendor/laravel/framework/src/Illuminate/Pipeline/Pipeline.php(141): Illuminate\\Foundation\\Http\\Kernel->Illuminate\\Foundation\\Http\\{closure}()
#51 /home/refmoohb/dev.esnadbusiness.com/vendor/lukeraymonddowning/honey/src/Http/Middleware/BlockSpammers.php(19): Illuminate\\Pipeline\\Pipeline->Illuminate\\Pipeline\\{closure}()
#52 /home/refmoohb/dev.esnadbusiness.com/vendor/laravel/framework/src/Illuminate/Pipeline/Pipeline.php(180): Lukeraymonddowning\\Honey\\Http\\Middleware\\BlockSpammers->handle()
#53 /home/refmoohb/dev.esnadbusiness.com/vendor/livewire/livewire/src/DisableBrowserCache.php(19): Illuminate\\Pipeline\\Pipeline->Illuminate\\Pipeline\\{closure}()
#54 /home/refmoohb/dev.esnadbusiness.com/vendor/laravel/framework/src/Illuminate/Pipeline/Pipeline.php(180): Livewire\\DisableBrowserCache->handle()
#55 /home/refmoohb/dev.esnadbusiness.com/vendor/barryvdh/laravel-debugbar/src/Middleware/InjectDebugbar.php(59): Illuminate\\Pipeline\\Pipeline->Illuminate\\Pipeline\\{closure}()
#56 /home/refmoohb/dev.esnadbusiness.com/vendor/laravel/framework/src/Illuminate/Pipeline/Pipeline.php(180): Barryvdh\\Debugbar\\Middleware\\InjectDebugbar->handle()
#57 /home/refmoohb/dev.esnadbusiness.com/vendor/laravel/framework/src/Illuminate/Foundation/Http/Middleware/ConvertEmptyStringsToNull.php(27): Illuminate\\Pipeline\\Pipeline->Illuminate\\Pipeline\\{closure}()
#58 /home/refmoohb/dev.esnadbusiness.com/vendor/laravel/framework/src/Illuminate/Pipeline/Pipeline.php(180): Illuminate\\Foundation\\Http\\Middleware\\ConvertEmptyStringsToNull->handle()
#59 /home/refmoohb/dev.esnadbusiness.com/vendor/laravel/framework/src/Illuminate/Foundation/Http/Middleware/TrimStrings.php(36): Illuminate\\Pipeline\\Pipeline->Illuminate\\Pipeline\\{closure}()
#60 /home/refmoohb/dev.esnadbusiness.com/vendor/laravel/framework/src/Illuminate/Pipeline/Pipeline.php(180): Illuminate\\Foundation\\Http\\Middleware\\TrimStrings->handle()
#61 /home/refmoohb/dev.esnadbusiness.com/vendor/laravel/framework/src/Illuminate/Foundation/Http/Middleware/ValidatePostSize.php(27): Illuminate\\Pipeline\\Pipeline->Illuminate\\Pipeline\\{closure}()
#62 /home/refmoohb/dev.esnadbusiness.com/vendor/laravel/framework/src/Illuminate/Pipeline/Pipeline.php(180): Illuminate\\Foundation\\Http\\Middleware\\ValidatePostSize->handle()
#63 /home/refmoohb/dev.esnadbusiness.com/vendor/laravel/framework/src/Illuminate/Foundation/Http/Middleware/PreventRequestsDuringMaintenance.php(86): Illuminate\\Pipeline\\Pipeline->Illuminate\\Pipeline\\{closure}()
#64 /home/refmoohb/dev.esnadbusiness.com/vendor/laravel/framework/src/Illuminate/Pipeline/Pipeline.php(180): Illuminate\\Foundation\\Http\\Middleware\\PreventRequestsDuringMaintenance->handle()
#65 /home/refmoohb/dev.esnadbusiness.com/vendor/laravel/framework/src/Illuminate/Http/Middleware/HandleCors.php(49): Illuminate\\Pipeline\\Pipeline->Illuminate\\Pipeline\\{closure}()
#66 /home/refmoohb/dev.esnadbusiness.com/vendor/laravel/framework/src/Illuminate/Pipeline/Pipeline.php(180): Illuminate\\Http\\Middleware\\HandleCors->handle()
#67 /home/refmoohb/dev.esnadbusiness.com/vendor/laravel/framework/src/Illuminate/Http/Middleware/TrustProxies.php(39): Illuminate\\Pipeline\\Pipeline->Illuminate\\Pipeline\\{closure}()
#68 /home/refmoohb/dev.esnadbusiness.com/vendor/laravel/framework/src/Illuminate/Pipeline/Pipeline.php(180): Illuminate\\Http\\Middleware\\TrustProxies->handle()
#69 /home/refmoohb/dev.esnadbusiness.com/vendor/laravel/framework/src/Illuminate/Pipeline/Pipeline.php(116): Illuminate\\Pipeline\\Pipeline->Illuminate\\Pipeline\\{closure}()
#70 /home/refmoohb/dev.esnadbusiness.com/vendor/laravel/framework/src/Illuminate/Foundation/Http/Kernel.php(175): Illuminate\\Pipeline\\Pipeline->then()
#71 /home/refmoohb/dev.esnadbusiness.com/vendor/laravel/framework/src/Illuminate/Foundation/Http/Kernel.php(144): Illuminate\\Foundation\\Http\\Kernel->sendRequestThroughRouter()
#72 /home/refmoohb/dev.esnadbusiness.com/index.php(53): Illuminate\\Foundation\\Http\\Kernel->handle()
#73 {main}
"} 
